Archive member included because of file (symbol)

c:/freescale/kds_v3/toolchain/bin/../lib/gcc/arm-none-eabi/4.8.4/../../../../arm-none-eabi/lib/armv7e-m/fpu\libg_s.a(lib_a-exit.o)
                              c:/freescale/kds_v3/toolchain/bin/../lib/gcc/arm-none-eabi/4.8.4/../../../../arm-none-eabi/lib/armv7e-m/fpu/crt0.o (exit)
c:/freescale/kds_v3/toolchain/bin/../lib/gcc/arm-none-eabi/4.8.4/../../../../arm-none-eabi/lib/armv7e-m/fpu\libg_s.a(lib_a-impure.o)
                              c:/freescale/kds_v3/toolchain/bin/../lib/gcc/arm-none-eabi/4.8.4/../../../../arm-none-eabi/lib/armv7e-m/fpu\libg_s.a(lib_a-exit.o) (_global_impure_ptr)
c:/freescale/kds_v3/toolchain/bin/../lib/gcc/arm-none-eabi/4.8.4/../../../../arm-none-eabi/lib/armv7e-m/fpu\libg_s.a(lib_a-init.o)
                              c:/freescale/kds_v3/toolchain/bin/../lib/gcc/arm-none-eabi/4.8.4/../../../../arm-none-eabi/lib/armv7e-m/fpu/crt0.o (__libc_init_array)
c:/freescale/kds_v3/toolchain/bin/../lib/gcc/arm-none-eabi/4.8.4/../../../../arm-none-eabi/lib/armv7e-m/fpu\libg_s.a(lib_a-memset.o)
                              c:/freescale/kds_v3/toolchain/bin/../lib/gcc/arm-none-eabi/4.8.4/../../../../arm-none-eabi/lib/armv7e-m/fpu/crt0.o (memset)
c:/freescale/kds_v3/toolchain/bin/../lib/gcc/arm-none-eabi/4.8.4/../../../../arm-none-eabi/lib/armv7e-m/fpu\libg_s.a(lib_a-strlen.o)
                              ./Sources/main.o (strlen)
c:/freescale/kds_v3/toolchain/bin/../lib/gcc/arm-none-eabi/4.8.4/../../../../arm-none-eabi/lib/armv7e-m/fpu\libnosys.a(_exit.o)
                              c:/freescale/kds_v3/toolchain/bin/../lib/gcc/arm-none-eabi/4.8.4/../../../../arm-none-eabi/lib/armv7e-m/fpu\libg_s.a(lib_a-exit.o) (_exit)

Allocating common symbols
Common symbol       size              file

ASerialLdd1_DeviceDataPtr
                    0x4               ./Generated_Code/AS1.o
SR_reg              0x1               ./Static_Code/System/CPU_Init.o

Discarded input sections

 .text          0x00000000        0x0 c:/freescale/kds_v3/toolchain/bin/../lib/gcc/arm-none-eabi/4.8.4/armv7e-m/fpu/crti.o
 .data          0x00000000        0x0 c:/freescale/kds_v3/toolchain/bin/../lib/gcc/arm-none-eabi/4.8.4/armv7e-m/fpu/crti.o
 .bss           0x00000000        0x0 c:/freescale/kds_v3/toolchain/bin/../lib/gcc/arm-none-eabi/4.8.4/armv7e-m/fpu/crti.o
 .data          0x00000000        0x4 c:/freescale/kds_v3/toolchain/bin/../lib/gcc/arm-none-eabi/4.8.4/armv7e-m/fpu/crtbegin.o
 .data          0x00000000        0x0 c:/freescale/kds_v3/toolchain/bin/../lib/gcc/arm-none-eabi/4.8.4/../../../../arm-none-eabi/lib/armv7e-m/fpu/crt0.o
 .bss           0x00000000        0x0 c:/freescale/kds_v3/toolchain/bin/../lib/gcc/arm-none-eabi/4.8.4/../../../../arm-none-eabi/lib/armv7e-m/fpu/crt0.o
 .ARM.extab     0x00000000        0x0 c:/freescale/kds_v3/toolchain/bin/../lib/gcc/arm-none-eabi/4.8.4/../../../../arm-none-eabi/lib/armv7e-m/fpu/crt0.o
 .group         0x00000000        0x8 ./Static_Code/System/CPU_Init.o
 .group         0x00000000        0x8 ./Static_Code/System/CPU_Init.o
 .group         0x00000000        0x8 ./Static_Code/System/CPU_Init.o
 .group         0x00000000        0x8 ./Static_Code/System/CPU_Init.o
 .group         0x00000000        0x8 ./Static_Code/System/CPU_Init.o
 .group         0x00000000        0x8 ./Static_Code/System/CPU_Init.o
 .group         0x00000000        0x8 ./Static_Code/System/CPU_Init.o
 .group         0x00000000        0x8 ./Static_Code/System/CPU_Init.o
 .group         0x00000000        0x8 ./Static_Code/System/CPU_Init.o
 .group         0x00000000        0x8 ./Static_Code/System/CPU_Init.o
 .group         0x00000000        0x8 ./Static_Code/System/CPU_Init.o
 .group         0x00000000        0x8 ./Static_Code/System/CPU_Init.o
 .group         0x00000000        0x8 ./Static_Code/System/CPU_Init.o
 .group         0x00000000        0x8 ./Static_Code/System/CPU_Init.o
 .group         0x00000000        0x8 ./Static_Code/System/CPU_Init.o
 .group         0x00000000        0x8 ./Static_Code/System/CPU_Init.o
 .group         0x00000000        0x8 ./Static_Code/System/CPU_Init.o
 .group         0x00000000        0x8 ./Static_Code/System/CPU_Init.o
 .group         0x00000000        0x8 ./Static_Code/System/CPU_Init.o
 .group         0x00000000        0x8 ./Static_Code/System/CPU_Init.o
 .group         0x00000000        0x8 ./Static_Code/System/CPU_Init.o
 .group         0x00000000        0x8 ./Static_Code/System/CPU_Init.o
 .group         0x00000000        0x8 ./Static_Code/System/CPU_Init.o
 .group         0x00000000        0x8 ./Static_Code/System/CPU_Init.o
 .text          0x00000000        0x0 ./Static_Code/System/CPU_Init.o
 .data          0x00000000        0x0 ./Static_Code/System/CPU_Init.o
 .bss           0x00000000        0x0 ./Static_Code/System/CPU_Init.o
 .bss.SR_lock   0x00000000        0x1 ./Static_Code/System/CPU_Init.o
 .bss.ClockConfigurationID
                0x00000000        0x1 ./Static_Code/System/CPU_Init.o
[...]
Memory Configuration

Name             Origin             Length             Attributes
m_interrupts     0x00000000         0x00000198         xr
m_text           0x00000410         0x0007fbf0         xr
m_data           0x1fff0000         0x00010000         rw
m_data_20000000  0x20000000         0x00010000         rw
m_cfmprotrom     0x00000400         0x00000010         xr
*default*        0x00000000         0xffffffff

Linker script and memory map

LOAD c:/freescale/kds_v3/toolchain/bin/../lib/gcc/arm-none-eabi/4.8.4/armv7e-m/fpu/crti.o
LOAD c:/freescale/kds_v3/toolchain/bin/../lib/gcc/arm-none-eabi/4.8.4/armv7e-m/fpu/crtbegin.o
LOAD c:/freescale/kds_v3/toolchain/bin/../lib/gcc/arm-none-eabi/4.8.4/../../../../arm-none-eabi/lib/armv7e-m/fpu/crt0.o
LOAD ./Static_Code/System/CPU_Init.o
LOAD ./Static_Code/System/Peripherals_Init.o
LOAD ./Static_Code/System/Vectors.o
LOAD ./Sources/Events.o
LOAD ./Sources/main.o
LOAD ./Project_Settings/Startup_Code/startup.o
LOAD ./Generated_Code/AS1.o
LOAD ./Generated_Code/ASerialLdd1.o
LOAD ./Generated_Code/BitIoLdd1.o
LOAD ./Generated_Code/BitIoLdd2.o
LOAD ./Generated_Code/BitIoLdd3.o
LOAD ./Generated_Code/Blue.o
LOAD ./Generated_Code/Cpu.o
LOAD ./Generated_Code/Green.o
LOAD ./Generated_Code/PE_LDD.o
LOAD ./Generated_Code/Pins1.o
LOAD ./Generated_Code/Red.o
LOAD c:/freescale/kds_v3/toolchain/bin/../lib/gcc/arm-none-eabi/4.8.4/../../../../arm-none-eabi/lib/armv7e-m/fpu\libstdc++_s.a
LOAD c:/freescale/kds_v3/toolchain/bin/../lib/gcc/arm-none-eabi/4.8.4/../../../../arm-none-eabi/lib/armv7e-m/fpu\libm.a
START GROUP
LOAD c:/freescale/kds_v3/toolchain/bin/../lib/gcc/arm-none-eabi/4.8.4/armv7e-m/fpu\libgcc.a
LOAD c:/freescale/kds_v3/toolchain/bin/../lib/gcc/arm-none-eabi/4.8.4/../../../../arm-none-eabi/lib/armv7e-m/fpu\libg_s.a
LOAD c:/freescale/kds_v3/toolchain/bin/../lib/gcc/arm-none-eabi/4.8.4/../../../../arm-none-eabi/lib/armv7e-m/fpu\libc_s.a
END GROUP
START GROUP
LOAD c:/freescale/kds_v3/toolchain/bin/../lib/gcc/arm-none-eabi/4.8.4/armv7e-m/fpu\libgcc.a
LOAD c:/freescale/kds_v3/toolchain/bin/../lib/gcc/arm-none-eabi/4.8.4/../../../../arm-none-eabi/lib/armv7e-m/fpu\libc_s.a
LOAD c:/freescale/kds_v3/toolchain/bin/../lib/gcc/arm-none-eabi/4.8.4/../../../../arm-none-eabi/lib/armv7e-m/fpu\libnosys.a
END GROUP
START GROUP
LOAD c:/freescale/kds_v3/toolchain/bin/../lib/gcc/arm-none-eabi/4.8.4/armv7e-m/fpu\libgcc.a
LOAD c:/freescale/kds_v3/toolchain/bin/../lib/gcc/arm-none-eabi/4.8.4/../../../../arm-none-eabi/lib/armv7e-m/fpu\libc_s.a
LOAD c:/freescale/kds_v3/toolchain/bin/../lib/gcc/arm-none-eabi/4.8.4/../../../../arm-none-eabi/lib/armv7e-m/fpu\libnosys.a
END GROUP
LOAD c:/freescale/kds_v3/toolchain/bin/../lib/gcc/arm-none-eabi/4.8.4/armv7e-m/fpu/crtend.o
LOAD c:/freescale/kds_v3/toolchain/bin/../lib/gcc/arm-none-eabi/4.8.4/armv7e-m/fpu/crtn.o
                0x20000000                _estack = 0x20000000
                0x20000000                __SP_INIT = _estack
                0x20000000                __stack = _estack
                0x00000000                __heap_size = 0x0
                0x00000400                __stack_size = 0x400

.interrupts     0x00000000      0x198
                0x00000000                __vector_table = .
                0x00000000                . = ALIGN (0x4)
 *(.vectortable)
 .vectortable   0x00000000      0x198 ./Static_Code/System/Vectors.o
                0x00000000                __vect_table
                0x00000198                . = ALIGN (0x4)

.cfmprotect     0x00000400       0x10
                0x00000400                . = ALIGN (0x4)
 *(.cfmconfig)
 .cfmconfig     0x00000400       0x10 ./Static_Code/System/CPU_Init.o
                0x00000400                _cfm
                0x00000410                . = ALIGN (0x4)

.text           0x00000410     0x13c0
                0x00000410                . = ALIGN (0x4)
 *(.text)
 .text          0x00000410       0x54 c:/freescale/kds_v3/toolchain/bin/../lib/gcc/arm-none-eabi/4.8.4/armv7e-m/fpu/crtbegin.o
 .text          0x00000464       0x74 c:/freescale/kds_v3/toolchain/bin/../lib/gcc/arm-none-eabi/4.8.4/../../../../arm-none-eabi/lib/armv7e-m/fpu/crt0.o
                0x00000464                _start
                0x00000464                _mainCRTStartup
 *(.text*)
 .text.CPU_SetBASEPRI
                0x000004d8       0x18 ./Static_Code/System/CPU_Init.o
                0x000004d8                CPU_SetBASEPRI
 .text.__init_hardware
                0x000004f0       0xb4 ./Static_Code/System/CPU_Init.o
                0x000004f0                __init_hardware
 .text.PE_low_level_init
                0x000005a4       0x44 ./Static_Code/System/CPU_Init.o
                0x000005a4                PE_low_level_init
 .text.CPU_GetClockGenMode
                0x000005e8       0x90 ./Static_Code/System/CPU_Init.o
                0x000005e8                CPU_GetClockGenMode
 .text.CPU_SetClockConfigGenMode
                0x00000678      0x54c ./Static_Code/System/CPU_Init.o
                0x00000678                CPU_SetClockConfigGenMode
 .text.UnhandledInterrupt
                0x00000bc4       0x18 ./Static_Code/System/Vectors.o
                0x00000bc4                UnhandledInterrupt
 .text.Cpu_OnNMI
                0x00000bdc        0xc ./Sources/Events.o
                0x00000bdc                Cpu_OnNMI
 .text.send_string
                0x00000be8       0x44 ./Sources/main.o
                0x00000be8                send_string
 .text.main     0x00000c2c       0x98 ./Sources/main.o
                0x00000c2c                main
 .text.__copy_rom_section
                0x00000cc4       0xe4 ./Project_Settings/Startup_Code/startup.o
                0x00000cc4                __copy_rom_section
 .text.__copy_rom_sections_to_ram
                0x00000da8       0x9c ./Project_Settings/Startup_Code/startup.o
                0x00000da8                __copy_rom_sections_to_ram
 .text.__init_registers
                0x00000e44       0x20 ./Project_Settings/Startup_Code/startup.o
                0x00000e44                __init_registers
 .text.__init_user
                0x00000e64        0xc ./Project_Settings/Startup_Code/startup.o
                0x00000e64                __init_user
 .text.__thumb_startup
                0x00000e70       0x34 ./Project_Settings/Startup_Code/startup.o
                0x00000e70                __thumb_startup
 .text.HWEnDi   0x00000ea4       0x1c ./Generated_Code/AS1.o
 .text.AS1_Enable
                0x00000ec0       0x10 ./Generated_Code/AS1.o
                0x00000ec0                AS1_Enable
 .text.AS1_RecvChar
                0x00000ed0       0x80 ./Generated_Code/AS1.o
                0x00000ed0                AS1_RecvChar
 .text.AS1_SendChar
                0x00000f50       0x5c ./Generated_Code/AS1.o
                0x00000f50                AS1_SendChar
 .text.AS1_Init
                0x00000fac       0x24 ./Generated_Code/AS1.o
                0x00000fac                AS1_Init
 .text.ASerialLdd1_OnBreak
                0x00000fd0       0x24 ./Generated_Code/AS1.o
                0x00000fd0                ASerialLdd1_OnBreak
 .text.ASerialLdd1_Init
                0x00000ff4      0x178 ./Generated_Code/ASerialLdd1.o
                0x00000ff4                ASerialLdd1_Init
 .text.ASerialLdd1_ReceiveBlock
                0x0000116c       0x48 ./Generated_Code/ASerialLdd1.o
                0x0000116c                ASerialLdd1_ReceiveBlock
 .text.ASerialLdd1_SendBlock
                0x000011b4       0x58 ./Generated_Code/ASerialLdd1.o
                0x000011b4                ASerialLdd1_SendBlock
 .text.ASerialLdd1_GetReceivedDataNum
                0x0000120c       0x1c ./Generated_Code/ASerialLdd1.o
                0x0000120c                ASerialLdd1_GetReceivedDataNum
 .text.InterruptRx
                0x00001228       0x50 ./Generated_Code/ASerialLdd1.o
 .text.InterruptTx
                0x00001278       0x60 ./Generated_Code/ASerialLdd1.o
 .text.ASerialLdd1_Main
                0x000012d8       0xd8 ./Generated_Code/ASerialLdd1.o
                0x000012d8                ASerialLdd1_Main
 .text.ASerialLdd1_GetError
                0x000013b0       0x2c ./Generated_Code/ASerialLdd1.o
                0x000013b0                ASerialLdd1_GetError
 .text.BitIoLdd1_Init
                0x000013dc       0x80 ./Generated_Code/BitIoLdd1.o
                0x000013dc                BitIoLdd1_Init
 .text.BitIoLdd1_NegVal
                0x0000145c       0x1c ./Generated_Code/BitIoLdd1.o
                0x0000145c                BitIoLdd1_NegVal
 .text.BitIoLdd2_Init
                0x00001478       0x80 ./Generated_Code/BitIoLdd2.o
                0x00001478                BitIoLdd2_Init
 .text.BitIoLdd2_NegVal
                0x000014f8       0x1c ./Generated_Code/BitIoLdd2.o
                0x000014f8                BitIoLdd2_NegVal
 .text.BitIoLdd3_Init
                0x00001514       0x80 ./Generated_Code/BitIoLdd3.o
                0x00001514                BitIoLdd3_Init
 .text.BitIoLdd3_NegVal
                0x00001594       0x1c ./Generated_Code/BitIoLdd3.o
                0x00001594                BitIoLdd3_NegVal
 .text.Components_Init
                0x000015b0       0x1c ./Generated_Code/Cpu.o
                0x000015b0                Components_Init
 .text.Cpu_INT_NMIInterrupt
                0x000015cc       0x1c ./Generated_Code/Cpu.o
                0x000015cc                Cpu_INT_NMIInterrupt
 .text.exit     0x000015e8       0x28 c:/freescale/kds_v3/toolchain/bin/../lib/gcc/arm-none-eabi/4.8.4/../../../../arm-none-eabi/lib/armv7e-m/fpu\libg_s.a(lib_a-exit.o)
                0x000015e8                exit
 .text.__libc_init_array
                0x00001610       0x4c c:/freescale/kds_v3/toolchain/bin/../lib/gcc/arm-none-eabi/4.8.4/../../../../arm-none-eabi/lib/armv7e-m/fpu\libg_s.a(lib_a-init.o)
                0x00001610                __libc_init_array
 .text.memset   0x0000165c       0x10 c:/freescale/kds_v3/toolchain/bin/../lib/gcc/arm-none-eabi/4.8.4/../../../../arm-none-eabi/lib/armv7e-m/fpu\libg_s.a(lib_a-memset.o)
                0x0000165c                memset
 .text.strlen   0x0000166c       0x10 c:/freescale/kds_v3/toolchain/bin/../lib/gcc/arm-none-eabi/4.8.4/../../../../arm-none-eabi/lib/armv7e-m/fpu\libg_s.a(lib_a-strlen.o)
                0x0000166c                strlen
 .text._exit    0x0000167c        0x4 c:/freescale/kds_v3/toolchain/bin/../lib/gcc/arm-none-eabi/4.8.4/../../../../arm-none-eabi/lib/armv7e-m/fpu\libnosys.a(_exit.o)
                0x0000167c                _exit
 *(.rodata)
 .rodata        0x00001680       0x34 ./Sources/main.o
 *(.rodata*)
 .rodata.ClockGenModeMatrix
                0x000016b4       0x80 ./Static_Code/System/CPU_Init.o
 .rodata.CPU_ClockConfigDescriptors
                0x00001734       0x1c ./Static_Code/System/CPU_Init.o
 .rodata.CPU_DefaultFEI
                0x00001750        0x8 ./Static_Code/System/CPU_Init.o
 .rodata.CPU_DefaultFBI
                0x00001758        0x8 ./Static_Code/System/CPU_Init.o
 .rodata.CPU_DefaultBLPI
                0x00001760        0x8 ./Static_Code/System/CPU_Init.o
 .rodata.CPU_DefaultFEE
                0x00001768        0x8 ./Static_Code/System/CPU_Init.o
 .rodata.CPU_DefaultFBE
                0x00001770        0x8 ./Static_Code/System/CPU_Init.o
 .rodata.CPU_DefaultBLPE
                0x00001778        0x8 ./Static_Code/System/CPU_Init.o
 .rodata.CPU_DefaultPBE
                0x00001780        0x8 ./Static_Code/System/CPU_Init.o
 .rodata.CPU_DefaultPEE
                0x00001788        0x8 ./Static_Code/System/CPU_Init.o
 .rodata.CPU_ClockGenModeRegs
                0x00001790       0x20 ./Static_Code/System/CPU_Init.o
 .rodata.str1.1
                0x000017b0        0x2 c:/freescale/kds_v3/toolchain/bin/../lib/gcc/arm-none-eabi/4.8.4/../../../../arm-none-eabi/lib/armv7e-m/fpu\libg_s.a(lib_a-impure.o)
 *fill*         0x000017b2        0x2 
 .rodata._global_impure_ptr
                0x000017b4        0x4 c:/freescale/kds_v3/toolchain/bin/../lib/gcc/arm-none-eabi/4.8.4/../../../../arm-none-eabi/lib/armv7e-m/fpu\libg_s.a(lib_a-impure.o)
                0x000017b4                _global_impure_ptr
 *(.glue_7)
 .glue_7        0x00000000        0x0 linker stubs
 *(.glue_7t)
 .glue_7t       0x00000000        0x0 linker stubs
 *(.eh_frame)
 .eh_frame      0x000017b8        0x0 c:/freescale/kds_v3/toolchain/bin/../lib/gcc/arm-none-eabi/4.8.4/armv7e-m/fpu/crtbegin.o
 *(.init)
 .init          0x000017b8        0x4 c:/freescale/kds_v3/toolchain/bin/../lib/gcc/arm-none-eabi/4.8.4/armv7e-m/fpu/crti.o
                0x000017b8                _init
 .init          0x000017bc        0x8 c:/freescale/kds_v3/toolchain/bin/../lib/gcc/arm-none-eabi/4.8.4/armv7e-m/fpu/crtn.o
 *(.fini)
 .fini          0x000017c4        0x4 c:/freescale/kds_v3/toolchain/bin/../lib/gcc/arm-none-eabi/4.8.4/armv7e-m/fpu/crti.o
                0x000017c4                _fini
 .fini          0x000017c8        0x8 c:/freescale/kds_v3/toolchain/bin/../lib/gcc/arm-none-eabi/4.8.4/armv7e-m/fpu/crtn.o
                0x000017d0                . = ALIGN (0x4)
                0x000017d0                _etext = .

.vfp11_veneer   0x000017d0        0x0
 .vfp11_veneer  0x00000000        0x0 linker stubs

.v4_bx          0x000017d0        0x0
 .v4_bx         0x00000000        0x0 linker stubs

.iplt           0x000017d0        0x0
 .iplt          0x00000000        0x0 c:/freescale/kds_v3/toolchain/bin/../lib/gcc/arm-none-eabi/4.8.4/armv7e-m/fpu/crtbegin.o

.ARM.extab
 *(.ARM.extab* .gnu.linkonce.armextab.*)

.ARM            0x000017d0        0x8
                0x000017d0                __exidx_start = .
 *(.ARM.exidx*)
 .ARM.exidx     0x000017d0        0x8 c:/freescale/kds_v3/toolchain/bin/../lib/gcc/arm-none-eabi/4.8.4/../../../../arm-none-eabi/lib/armv7e-m/fpu/crt0.o
                0x000017d8                __exidx_end = .

.rel.dyn        0x000017d8        0x0
 .rel.iplt      0x00000000        0x0 c:/freescale/kds_v3/toolchain/bin/../lib/gcc/arm-none-eabi/4.8.4/armv7e-m/fpu/crtbegin.o

.ctors          0x000017d8        0x0
                0x000017d8                __CTOR_LIST__ = .
 *crtbegin.o(.ctors)
 *(EXCLUDE_FILE(*crtend.o) .ctors)
 *(SORT(.ctors.*))
 *(.ctors)
                0x000017d8                __CTOR_END__ = .

.dtors          0x000017d8        0x0
                0x000017d8                __DTOR_LIST__ = .
 *crtbegin.o(.dtors)
 *(EXCLUDE_FILE(*crtend.o) .dtors)
 *(SORT(.dtors.*))
 *(.dtors)
                0x000017d8                __DTOR_END__ = .

.preinit_array  0x000017d8        0x0
                0x000017d8                PROVIDE (__preinit_array_start, .)
 *(.preinit_array*)
                0x000017d8                PROVIDE (__preinit_array_end, .)

.init_array     0x000017d8        0x4
                0x000017d8                PROVIDE (__init_array_start, .)
 *(SORT(.init_array.*))
 *(.init_array*)
 .init_array    0x000017d8        0x4 c:/freescale/kds_v3/toolchain/bin/../lib/gcc/arm-none-eabi/4.8.4/armv7e-m/fpu/crtbegin.o
                0x000017dc                PROVIDE (__init_array_end, .)

.fini_array     0x000017dc        0x4
                0x000017dc                PROVIDE (__fini_array_start, .)
 *(SORT(.fini_array.*))
 *(.fini_array*)
 .fini_array    0x000017dc        0x4 c:/freescale/kds_v3/toolchain/bin/../lib/gcc/arm-none-eabi/4.8.4/armv7e-m/fpu/crtbegin.o
                0x000017e0                PROVIDE (__fini_array_end, .)
                0x000017e0                ___ROM_AT = .

.data           0x1fff0000       0x60 load address 0x000017e0
                0x1fff0000                . = ALIGN (0x4)
                0x1fff0000                _sdata = .
 *(.data)
 *(.data*)
 .data.impure_data
                0x1fff0000       0x60 c:/freescale/kds_v3/toolchain/bin/../lib/gcc/arm-none-eabi/4.8.4/../../../../arm-none-eabi/lib/armv7e-m/fpu\libg_s.a(lib_a-impure.o)
                0x1fff0060                . = ALIGN (0x4)
                0x1fff0060                _edata = .
                0x00000060                ___data_size = (_edata - _sdata)
                0x00001840                ___m_data_20000000_ROMStart = (___ROM_AT + SIZEOF (.data))

.jcr            0x1fff0060        0x0 load address 0x00001840
 .jcr           0x1fff0060        0x0 c:/freescale/kds_v3/toolchain/bin/../lib/gcc/arm-none-eabi/4.8.4/armv7e-m/fpu/crtbegin.o

.igot.plt       0x1fff0060        0x0 load address 0x00001840
 .igot.plt      0x00000000        0x0 c:/freescale/kds_v3/toolchain/bin/../lib/gcc/arm-none-eabi/4.8.4/armv7e-m/fpu/crtbegin.o

.m_data_20000000
                0x20000000        0x0 load address 0x00001840
                0x20000000                . = ALIGN (0x4)
                0x20000000                ___m_data_20000000_RAMStart = .
 *(.m_data_20000000)
                0x20000000                ___m_data_20000000_RAMEnd = .
                0x20000000                . = ALIGN (0x4)
                0x00000000                ___m_data_20000000_ROMSize = (___m_data_20000000_RAMEnd - ___m_data_20000000_RAMStart)
                0x20000000                . = ALIGN (0x4)

.bss            0x1fff0060       0x60 load address 0x00001840
                0x1fff0060                __START_BSS = .
                0x1fff0060                PROVIDE (__bss_start__, __START_BSS)
 *(.bss)
 .bss           0x1fff0060       0x1c c:/freescale/kds_v3/toolchain/bin/../lib/gcc/arm-none-eabi/4.8.4/armv7e-m/fpu/crtbegin.o
 *(.bss*)
 .bss.SerFlag   0x1fff007c        0x2 ./Generated_Code/AS1.o
 .bss.BufferRead
                0x1fff007e        0x1 ./Generated_Code/AS1.o
 .bss.OutBuffer
                0x1fff007f        0x1 ./Generated_Code/AS1.o
 .bss.DeviceDataPrv__DEFAULT_RTOS_ALLOC
                0x1fff0080       0x20 ./Generated_Code/ASerialLdd1.o
 .bss.DeviceDataPrv__DEFAULT_RTOS_ALLOC
                0x1fff00a0        0x4 ./Generated_Code/BitIoLdd1.o
 .bss.DeviceDataPrv__DEFAULT_RTOS_ALLOC
                0x1fff00a4        0x4 ./Generated_Code/BitIoLdd2.o
 .bss.DeviceDataPrv__DEFAULT_RTOS_ALLOC
                0x1fff00a8        0x4 ./Generated_Code/BitIoLdd3.o
 .bss.PE_LDD_DeviceDataList
                0x1fff00ac       0x10 ./Generated_Code/PE_LDD.o
                0x1fff00ac                PE_LDD_DeviceDataList
 *(COMMON)
 COMMON         0x1fff00bc        0x4 ./Generated_Code/AS1.o
                0x1fff00bc                ASerialLdd1_DeviceDataPtr
                0x1fff00c0                . = ALIGN (0x4)
                0x1fff00c0                __END_BSS = .
                0x1fff00c0                PROVIDE (__bss_end__, __END_BSS)
                0x00001840                _romp_at = ((___ROM_AT + SIZEOF (.data)) + SIZEOF (.m_data_20000000))

.romp           0x1fff00c0       0x24 load address 0x00001840
                0x00001840                __S_romp = _romp_at
                0x1fff00c0        0x4 LONG 0x17e0 ___ROM_AT
                0x1fff00c4        0x4 LONG 0x1fff0000 _sdata
                0x1fff00c8        0x4 LONG 0x60 ___data_size
                0x1fff00cc        0x4 LONG 0x1840 ___m_data_20000000_ROMStart
                0x1fff00d0        0x4 LONG 0x20000000 ___m_data_20000000_RAMStart
                0x1fff00d4        0x4 LONG 0x0 ___m_data_20000000_ROMSize
                0x1fff00d8        0x4 LONG 0x0
                0x1fff00dc        0x4 LONG 0x0
                0x1fff00e0        0x4 LONG 0x0
                0x00080000                text_end = (ORIGIN (m_text) + 0x7fbf0)
                0x00001864                data_init_end = ((___m_data_20000000_ROMStart + SIZEOF (.m_data_20000000)) + SIZEOF (.romp))
                0x00000001                ASSERT ((data_init_end <= text_end), region m_text overflowed with text and data)

._user_heap_stack
                0x1fff00e4      0x400 load address 0x00001864
                0x1fff00e4                . = ALIGN (0x4)
                0x1fff00e4                PROVIDE (end, .)
                0x1fff00e4                PROVIDE (_end, .)
                0x1fff00e4                PROVIDE (__end__, .)
                0x1fff00e4                __heap_addr = .
                0x1fff00e4                __HeapBase = .
                0x1fff00e4                . = (. + __heap_size)
                0x1fff00e4                __HeapLimit = .
                0x1fff04e4                . = (. + __stack_size)
 *fill*         0x1fff00e4      0x400 
                0x1fff04e4                . = ALIGN (0x4)

.ARM.attributes
                0x00000000       0x30
 *(.ARM.attributes)
 .ARM.attributes
                0x00000000       0x22 c:/freescale/kds_v3/toolchain/bin/../lib/gcc/arm-none-eabi/4.8.4/armv7e-m/fpu/crti.o
 .ARM.attributes
                0x00000022       0x34 c:/freescale/kds_v3/toolchain/bin/../lib/gcc/arm-none-eabi/4.8.4/armv7e-m/fpu/crtbegin.o
 .ARM.attributes
                0x00000056       0x20 c:/freescale/kds_v3/toolchain/bin/../lib/gcc/arm-none-eabi/4.8.4/../../../../arm-none-eabi/lib/armv7e-m/fpu/crt0.o
 .ARM.attributes
                0x00000076       0x39 ./Static_Code/System/CPU_Init.o
 .ARM.attributes
                0x000000af       0x39 ./Static_Code/System/Vectors.o
 .ARM.attributes
                0x000000e8       0x39 ./Sources/Events.o
 .ARM.attributes
                0x00000121       0x39 ./Sources/main.o
 .ARM.attributes
                0x0000015a       0x39 ./Project_Settings/Startup_Code/startup.o
 .ARM.attributes
                0x00000193       0x39 ./Generated_Code/AS1.o
 .ARM.attributes
                0x000001cc       0x39 ./Generated_Code/ASerialLdd1.o
 .ARM.attributes
                0x00000205       0x39 ./Generated_Code/BitIoLdd1.o
 .ARM.attributes
                0x0000023e       0x39 ./Generated_Code/BitIoLdd2.o
 .ARM.attributes
                0x00000277       0x39 ./Generated_Code/BitIoLdd3.o
 .ARM.attributes
                0x000002b0       0x39 ./Generated_Code/Cpu.o
 .ARM.attributes
                0x000002e9       0x39 ./Generated_Code/PE_LDD.o
 .ARM.attributes
                0x00000322       0x34 c:/freescale/kds_v3/toolchain/bin/../lib/gcc/arm-none-eabi/4.8.4/../../../../arm-none-eabi/lib/armv7e-m/fpu\libg_s.a(lib_a-exit.o)
 .ARM.attributes
                0x00000356       0x34 c:/freescale/kds_v3/toolchain/bin/../lib/gcc/arm-none-eabi/4.8.4/../../../../arm-none-eabi/lib/armv7e-m/fpu\libg_s.a(lib_a-impure.o)
 .ARM.attributes
                0x0000038a       0x34 c:/freescale/kds_v3/toolchain/bin/../lib/gcc/arm-none-eabi/4.8.4/../../../../arm-none-eabi/lib/armv7e-m/fpu\libg_s.a(lib_a-init.o)
 .ARM.attributes
                0x000003be       0x34 c:/freescale/kds_v3/toolchain/bin/../lib/gcc/arm-none-eabi/4.8.4/../../../../arm-none-eabi/lib/armv7e-m/fpu\libg_s.a(lib_a-memset.o)
 .ARM.attributes
                0x000003f2       0x34 c:/freescale/kds_v3/toolchain/bin/../lib/gcc/arm-none-eabi/4.8.4/../../../../arm-none-eabi/lib/armv7e-m/fpu\libg_s.a(lib_a-strlen.o)
 .ARM.attributes
                0x00000426       0x34 c:/freescale/kds_v3/toolchain/bin/../lib/gcc/arm-none-eabi/4.8.4/../../../../arm-none-eabi/lib/armv7e-m/fpu\libnosys.a(_exit.o)
 .ARM.attributes
                0x0000045a       0x22 c:/freescale/kds_v3/toolchain/bin/../lib/gcc/arm-none-eabi/4.8.4/armv7e-m/fpu/crtn.o
OUTPUT(Lab4.elf elf32-littlearm)

.debug_info     0x00000000     0x36ee
 .debug_info    0x00000000      0xab8 ./Static_Code/System/CPU_Init.o
 .debug_info    0x00000ab8      0x826 ./Static_Code/System/Vectors.o
 .debug_info    0x000012de       0x96 ./Sources/Events.o
 .debug_info    0x00001374      0x149 ./Sources/main.o
 .debug_info    0x000014bd      0x3b0 ./Project_Settings/Startup_Code/startup.o
 .debug_info    0x0000186d      0x237 ./Generated_Code/AS1.o
 .debug_info    0x00001aa4      0x935 ./Generated_Code/ASerialLdd1.o
 .debug_info    0x000023d9      0x55f ./Generated_Code/BitIoLdd1.o
 .debug_info    0x00002938      0x55f ./Generated_Code/BitIoLdd2.o
 .debug_info    0x00002e97      0x55f ./Generated_Code/BitIoLdd3.o
 .debug_info    0x000033f6       0xa7 ./Generated_Code/Cpu.o
 .debug_info    0x0000349d      0x251 ./Generated_Code/PE_LDD.o

.debug_abbrev   0x00000000      0xe12
 .debug_abbrev  0x00000000      0x1bf ./Static_Code/System/CPU_Init.o
 .debug_abbrev  0x000001bf       0xd8 ./Static_Code/System/Vectors.o
 .debug_abbrev  0x00000297       0x45 ./Sources/Events.o
 .debug_abbrev  0x000002dc       0xc8 ./Sources/main.o
 .debug_abbrev  0x000003a4      0x189 ./Project_Settings/Startup_Code/startup.o
 .debug_abbrev  0x0000052d      0x131 ./Generated_Code/AS1.o
 .debug_abbrev  0x0000065e      0x1d0 ./Generated_Code/ASerialLdd1.o
 .debug_abbrev  0x0000082e      0x186 ./Generated_Code/BitIoLdd1.o
 .debug_abbrev  0x000009b4      0x186 ./Generated_Code/BitIoLdd2.o
 .debug_abbrev  0x00000b3a      0x186 ./Generated_Code/BitIoLdd3.o
 .debug_abbrev  0x00000cc0       0x45 ./Generated_Code/Cpu.o
 .debug_abbrev  0x00000d05      0x10d ./Generated_Code/PE_LDD.o

.debug_aranges  0x00000000      0x618
 .debug_aranges
                0x00000000       0x40 ./Static_Code/System/CPU_Init.o
 .debug_aranges
                0x00000040      0x340 ./Static_Code/System/Vectors.o
 .debug_aranges
                0x00000380       0x20 ./Sources/Events.o
 .debug_aranges
                0x000003a0       0x28 ./Sources/main.o
 .debug_aranges
                0x000003c8       0x50 ./Project_Settings/Startup_Code/startup.o
 .debug_aranges
                0x00000418       0x58 ./Generated_Code/AS1.o
 .debug_aranges
                0x00000470       0x60 ./Generated_Code/ASerialLdd1.o
 .debug_aranges
                0x000004d0       0x50 ./Generated_Code/BitIoLdd1.o
 .debug_aranges
                0x00000520       0x50 ./Generated_Code/BitIoLdd2.o
 .debug_aranges
                0x00000570       0x50 ./Generated_Code/BitIoLdd3.o
 .debug_aranges
                0x000005c0       0x28 ./Generated_Code/Cpu.o
 .debug_aranges
                0x000005e8       0x30 ./Generated_Code/PE_LDD.o

.debug_ranges   0x00000000      0x558
 .debug_ranges  0x00000000       0x30 ./Static_Code/System/CPU_Init.o
 .debug_ranges  0x00000030      0x330 ./Static_Code/System/Vectors.o
 .debug_ranges  0x00000360       0x10 ./Sources/Events.o
 .debug_ranges  0x00000370       0x18 ./Sources/main.o
 .debug_ranges  0x00000388       0x40 ./Project_Settings/Startup_Code/startup.o
 .debug_ranges  0x000003c8       0x48 ./Generated_Code/AS1.o
 .debug_ranges  0x00000410       0x50 ./Generated_Code/ASerialLdd1.o
 .debug_ranges  0x00000460       0x40 ./Generated_Code/BitIoLdd1.o
 .debug_ranges  0x000004a0       0x40 ./Generated_Code/BitIoLdd2.o
 .debug_ranges  0x000004e0       0x40 ./Generated_Code/BitIoLdd3.o
 .debug_ranges  0x00000520       0x18 ./Generated_Code/Cpu.o
 .debug_ranges  0x00000538       0x20 ./Generated_Code/PE_LDD.o

.debug_macro    0x00000000    0x23f19
 .debug_macro   0x00000000      0x1d2 ./Static_Code/System/CPU_Init.o
 .debug_macro   0x000001d2      0x850 ./Static_Code/System/CPU_Init.o
 .debug_macro   0x00000a22       0x16 ./Static_Code/System/CPU_Init.o
 .debug_macro   0x00000a38       0x44 ./Static_Code/System/CPU_Init.o
 .debug_macro   0x00000a7c      0x209 ./Static_Code/System/CPU_Init.o
 .debug_macro   0x00000c85     0x178a ./Static_Code/System/CPU_Init.o
 .debug_macro   0x0000240f     0xbca7 ./Static_Code/System/CPU_Init.o
 .debug_macro   0x0000e0b6      0x4c6 ./Static_Code/System/CPU_Init.o
 .debug_macro   0x0000e57c      0x14e ./Static_Code/System/CPU_Init.o
 .debug_macro   0x0000e6ca       0x6a ./Static_Code/System/CPU_Init.o
 .debug_macro   0x0000e734       0x58 ./Static_Code/System/CPU_Init.o
 .debug_macro   0x0000e78c       0x35 ./Static_Code/System/CPU_Init.o
 .debug_macro   0x0000e7c1       0xa3 ./Static_Code/System/CPU_Init.o
 .debug_macro   0x0000e864       0x16 ./Static_Code/System/CPU_Init.o
 .debug_macro   0x0000e87a       0x64 ./Static_Code/System/CPU_Init.o
 .debug_macro   0x0000e8de       0x11 ./Static_Code/System/CPU_Init.o
 .debug_macro   0x0000e8ef       0x94 ./Static_Code/System/CPU_Init.o
 .debug_macro   0x0000e983      0x12c ./Static_Code/System/CPU_Init.o
 .debug_macro   0x0000eaaf       0x4c ./Static_Code/System/CPU_Init.o
 .debug_macro   0x0000eafb       0x2d ./Static_Code/System/CPU_Init.o
 .debug_macro   0x0000eb28       0x52 ./Static_Code/System/CPU_Init.o
 .debug_macro   0x0000eb7a       0x2d ./Static_Code/System/CPU_Init.o
 .debug_macro   0x0000eba7       0x52 ./Static_Code/System/CPU_Init.o
 .debug_macro   0x0000ebf9       0x2d ./Static_Code/System/CPU_Init.o
 .debug_macro   0x0000ec26      0x29a ./Static_Code/System/CPU_Init.o
 .debug_macro   0x0000eec0      0x1c0 ./Static_Code/System/Vectors.o
 .debug_macro   0x0000f080      0x2e6 ./Sources/Events.o
 .debug_macro   0x0000f366       0x5e ./Sources/Events.o
 .debug_macro   0x0000f3c4      0x61c ./Sources/Events.o
 .debug_macro   0x0000f9e0      0x328 ./Sources/Events.o
 .debug_macro   0x0000fd08      0x109 ./Sources/Events.o
 .debug_macro   0x0000fe11      0x17f ./Sources/Events.o
 .debug_macro   0x0000ff90      0x202 ./Sources/Events.o
 .debug_macro   0x00010192      0x91e ./Sources/Events.o
 .debug_macro   0x00010ab0       0x9e ./Sources/Events.o
 .debug_macro   0x00010b4e      0x1f9 ./Sources/Events.o
 .debug_macro   0x00010d47      0x39c ./Sources/Events.o
 .debug_macro   0x000110e3      0x6a6 ./Sources/Events.o
 .debug_macro   0x00011789      0x29c ./Sources/Events.o
 .debug_macro   0x00011a25      0x264 ./Sources/Events.o
 .debug_macro   0x00011c89      0x25b ./Sources/Events.o
 .debug_macro   0x00011ee4      0x399 ./Sources/Events.o
 .debug_macro   0x0001227d      0x4f1 ./Sources/Events.o
 .debug_macro   0x0001276e      0x13f ./Sources/Events.o
 .debug_macro   0x000128ad       0x6c ./Sources/Events.o
 .debug_macro   0x00012919      0x30d ./Sources/Events.o
 .debug_macro   0x00012c26       0xbb ./Sources/Events.o
 .debug_macro   0x00012ce1       0xe9 ./Sources/Events.o
 .debug_macro   0x00012dca      0x4ea ./Sources/Events.o
 .debug_macro   0x000132b4      0x18f ./Sources/Events.o
 .debug_macro   0x00013443       0xea ./Sources/Events.o
 .debug_macro   0x0001352d      0x344 ./Sources/Events.o
 .debug_macro   0x00013871      0x824 ./Sources/Events.o
 .debug_macro   0x00014095      0x179 ./Sources/Events.o
 .debug_macro   0x0001420e      0x9e2 ./Sources/Events.o
 .debug_macro   0x00014bf0      0x129 ./Sources/Events.o
 .debug_macro   0x00014d19      0x648 ./Sources/Events.o
 .debug_macro   0x00015361       0x81 ./Sources/Events.o
 .debug_macro   0x000153e2      0x7bf ./Sources/Events.o
 .debug_macro   0x00015ba1      0x66f ./Sources/Events.o
 .debug_macro   0x00016210       0x7b ./Sources/Events.o
 .debug_macro   0x0001628b      0x182 ./Sources/Events.o
 .debug_macro   0x0001640d      0x361 ./Sources/main.o
 .debug_macro   0x0001676e      0x166 ./Sources/main.o
 .debug_macro   0x000168d4       0x52 ./Sources/main.o
 .debug_macro   0x00016926       0x16 ./Sources/main.o
 .debug_macro   0x0001693c       0x43 ./Sources/main.o
 .debug_macro   0x0001697f      0x180 ./Sources/main.o
 .debug_macro   0x00016aff      0x2a6 ./Sources/main.o
 .debug_macro   0x00016da5       0x10 ./Sources/main.o
 .debug_macro   0x00016db5       0x35 ./Sources/main.o
 .debug_macro   0x00016dea      0x121 ./Project_Settings/Startup_Code/startup.o
 .debug_macro   0x00016f0b       0x4a ./Project_Settings/Startup_Code/startup.o
 .debug_macro   0x00016f55       0x16 ./Project_Settings/Startup_Code/startup.o
 .debug_macro   0x00016f6b       0x22 ./Project_Settings/Startup_Code/startup.o
 .debug_macro   0x00016f8d       0x10 ./Project_Settings/Startup_Code/startup.o
 .debug_macro   0x00016f9d      0x20f ./Project_Settings/Startup_Code/startup.o
 .debug_macro   0x000171ac     0xbc9b ./Project_Settings/Startup_Code/startup.o
 .debug_macro   0x00022e47      0x12d ./Generated_Code/AS1.o
 .debug_macro   0x00022f74      0x112 ./Generated_Code/ASerialLdd1.o
 .debug_macro   0x00023086       0x17 ./Generated_Code/ASerialLdd1.o
 .debug_macro   0x0002309d      0x7b9 ./Generated_Code/ASerialLdd1.o
 .debug_macro   0x00023856       0xfa ./Generated_Code/BitIoLdd1.o
 .debug_macro   0x00023950       0xfa ./Generated_Code/BitIoLdd2.o
 .debug_macro   0x00023a4a       0x4c ./Generated_Code/BitIoLdd2.o
 .debug_macro   0x00023a96       0xfa ./Generated_Code/BitIoLdd3.o
 .debug_macro   0x00023b90       0x4c ./Generated_Code/BitIoLdd3.o
 .debug_macro   0x00023bdc      0x1bb ./Generated_Code/Cpu.o
 .debug_macro   0x00023d97      0x182 ./Generated_Code/PE_LDD.o

.debug_line     0x00000000     0x39a2
 .debug_line    0x00000000      0x53c ./Static_Code/System/CPU_Init.o
 .debug_line    0x0000053c      0xadb ./Static_Code/System/Vectors.o
 .debug_line    0x00001017      0x566 ./Sources/Events.o
 .debug_line    0x0000157d      0x65b ./Sources/main.o
 .debug_line    0x00001bd8      0x3b8 ./Project_Settings/Startup_Code/startup.o
 .debug_line    0x00001f90      0x35f ./Generated_Code/AS1.o
 .debug_line    0x000022ef      0x41b ./Generated_Code/ASerialLdd1.o
 .debug_line    0x0000270a      0x38e ./Generated_Code/BitIoLdd1.o
 .debug_line    0x00002a98      0x38e ./Generated_Code/BitIoLdd2.o
 .debug_line    0x00002e26      0x38e ./Generated_Code/BitIoLdd3.o
 .debug_line    0x000031b4      0x41c ./Generated_Code/Cpu.o
 .debug_line    0x000035d0      0x3d2 ./Generated_Code/PE_LDD.o

.debug_str      0x00000000    0xbc310
 .debug_str     0x00000000    0x4ef91 ./Static_Code/System/CPU_Init.o
                              0x4f13b (size before relaxing)
 .debug_str     0x0004ef91      0x980 ./Static_Code/System/Vectors.o
                              0x4f55c (size before relaxing)
 .debug_str     0x0004f911    0x69f42 ./Sources/Events.o
                              0xb7d17 (size before relaxing)
 .debug_str     0x000b9853     0x206a ./Sources/main.o
                              0xb9dd9 (size before relaxing)
 .debug_str     0x000bb8bd      0x186 ./Project_Settings/Startup_Code/startup.o
                              0x45bba (size before relaxing)
 .debug_str     0x000bba43      0x1d0 ./Generated_Code/AS1.o
                              0x4c60c (size before relaxing)
 .debug_str     0x000bbc13      0x2e2 ./Generated_Code/ASerialLdd1.o
                              0x5b40e (size before relaxing)
 .debug_str     0x000bbef5      0x109 ./Generated_Code/BitIoLdd1.o
                              0x4d3e1 (size before relaxing)
 .debug_str     0x000bbffe       0xc2 ./Generated_Code/BitIoLdd2.o
                              0x4d3e1 (size before relaxing)
 .debug_str     0x000bc0c0       0xc2 ./Generated_Code/BitIoLdd3.o
                              0x4d3e1 (size before relaxing)
 .debug_str     0x000bc182       0x28 ./Generated_Code/Cpu.o
                              0x4dbb4 (size before relaxing)
 .debug_str     0x000bc1aa      0x166 ./Generated_Code/PE_LDD.o
                              0x4dd4d (size before relaxing)

.comment        0x00000000       0x70
 .comment       0x00000000       0x70 ./Static_Code/System/CPU_Init.o
                                 0x71 (size before relaxing)
 .comment       0x00000000       0x71 ./Static_Code/System/Vectors.o
 .comment       0x00000000       0x71 ./Sources/Events.o
 .comment       0x00000000       0x71 ./Sources/main.o
 .comment       0x00000000       0x71 ./Project_Settings/Startup_Code/startup.o
 .comment       0x00000000       0x71 ./Generated_Code/AS1.o
 .comment       0x00000000       0x71 ./Generated_Code/ASerialLdd1.o
 .comment       0x00000000       0x71 ./Generated_Code/BitIoLdd1.o
 .comment       0x00000000       0x71 ./Generated_Code/BitIoLdd2.o
 .comment       0x00000000       0x71 ./Generated_Code/BitIoLdd3.o
 .comment       0x00000000       0x71 ./Generated_Code/Cpu.o
 .comment       0x00000000       0x71 ./Generated_Code/PE_LDD.o

.debug_frame    0x00000000     0x147c
 .debug_frame   0x00000000       0x9c ./Static_Code/System/CPU_Init.o
 .debug_frame   0x0000009c      0xcb0 ./Static_Code/System/Vectors.o
 .debug_frame   0x00000d4c       0x28 ./Sources/Events.o
 .debug_frame   0x00000d74       0x50 ./Sources/main.o
 .debug_frame   0x00000dc4       0xc0 ./Project_Settings/Startup_Code/startup.o
 .debug_frame   0x00000e84       0xf8 ./Generated_Code/AS1.o
 .debug_frame   0x00000f7c      0x11c ./Generated_Code/ASerialLdd1.o
 .debug_frame   0x00001098       0xd4 ./Generated_Code/BitIoLdd1.o
 .debug_frame   0x0000116c       0xd4 ./Generated_Code/BitIoLdd2.o
 .debug_frame   0x00001240       0xd4 ./Generated_Code/BitIoLdd3.o
 .debug_frame   0x00001314       0x50 ./Generated_Code/Cpu.o
 .debug_frame   0x00001364       0x64 ./Generated_Code/PE_LDD.o
 .debug_frame   0x000013c8       0x28 c:/freescale/kds_v3/toolchain/bin/../lib/gcc/arm-none-eabi/4.8.4/../../../../arm-none-eabi/lib/armv7e-m/fpu\libg_s.a(lib_a-exit.o)
 .debug_frame   0x000013f0       0x2c c:/freescale/kds_v3/toolchain/bin/../lib/gcc/arm-none-eabi/4.8.4/../../../../arm-none-eabi/lib/armv7e-m/fpu\libg_s.a(lib_a-init.o)
 .debug_frame   0x0000141c       0x20 c:/freescale/kds_v3/toolchain/bin/../lib/gcc/arm-none-eabi/4.8.4/../../../../arm-none-eabi/lib/armv7e-m/fpu\libg_s.a(lib_a-memset.o)
 .debug_frame   0x0000143c       0x20 c:/freescale/kds_v3/toolchain/bin/../lib/gcc/arm-none-eabi/4.8.4/../../../../arm-none-eabi/lib/armv7e-m/fpu\libg_s.a(lib_a-strlen.o)
 .debug_frame   0x0000145c       0x20 c:/freescale/kds_v3/toolchain/bin/../lib/gcc/arm-none-eabi/4.8.4/../../../../arm-none-eabi/lib/armv7e-m/fpu\libnosys.a(_exit.o)
