Archive member included because of file (symbol)

c:/freescale/kds_v3/toolchain/bin/../lib/gcc/arm-none-eabi/4.8.4/../../../../arm-none-eabi/lib/armv7e-m/fpu\libg_s.a(lib_a-exit.o)
                              c:/freescale/kds_v3/toolchain/bin/../lib/gcc/arm-none-eabi/4.8.4/../../../../arm-none-eabi/lib/armv7e-m/fpu/crt0.o (exit)
c:/freescale/kds_v3/toolchain/bin/../lib/gcc/arm-none-eabi/4.8.4/../../../../arm-none-eabi/lib/armv7e-m/fpu\libg_s.a(lib_a-impure.o)
                              c:/freescale/kds_v3/toolchain/bin/../lib/gcc/arm-none-eabi/4.8.4/../../../../arm-none-eabi/lib/armv7e-m/fpu\libg_s.a(lib_a-exit.o) (_global_impure_ptr)
c:/freescale/kds_v3/toolchain/bin/../lib/gcc/arm-none-eabi/4.8.4/../../../../arm-none-eabi/lib/armv7e-m/fpu\libg_s.a(lib_a-init.o)
                              c:/freescale/kds_v3/toolchain/bin/../lib/gcc/arm-none-eabi/4.8.4/../../../../arm-none-eabi/lib/armv7e-m/fpu/crt0.o (__libc_init_array)
c:/freescale/kds_v3/toolchain/bin/../lib/gcc/arm-none-eabi/4.8.4/../../../../arm-none-eabi/lib/armv7e-m/fpu\libg_s.a(lib_a-memset.o)
                              c:/freescale/kds_v3/toolchain/bin/../lib/gcc/arm-none-eabi/4.8.4/../../../../arm-none-eabi/lib/armv7e-m/fpu/crt0.o (memset)
c:/freescale/kds_v3/toolchain/bin/../lib/gcc/arm-none-eabi/4.8.4/../../../../arm-none-eabi/lib/armv7e-m/fpu\libnosys.a(_exit.o)
                              c:/freescale/kds_v3/toolchain/bin/../lib/gcc/arm-none-eabi/4.8.4/../../../../arm-none-eabi/lib/armv7e-m/fpu\libg_s.a(lib_a-exit.o) (_exit)

Allocating common symbols
Common symbol       size              file

ASerialLdd1_DeviceDataPtr
                    0x4               ./Generated_Code/Inhr1.o
ADC_OutV            0x2               ./Generated_Code/ADC.o
AdcLdd1_DeviceDataPtr
                    0x4               ./Generated_Code/ADC.o
SR_reg              0x1               ./Static_Code/System/CPU_Init.o

Discarded input sections

 .text          0x00000000        0x0 c:/freescale/kds_v3/toolchain/bin/../lib/gcc/arm-none-eabi/4.8.4/armv7e-m/fpu/crti.o
 .data          0x00000000        0x0 c:/freescale/kds_v3/toolchain/bin/../lib/gcc/arm-none-eabi/4.8.4/armv7e-m/fpu/crti.o
 .bss           0x00000000        0x0 c:/freescale/kds_v3/toolchain/bin/../lib/gcc/arm-none-eabi/4.8.4/armv7e-m/fpu/crti.o
 .data          0x00000000        0x4 c:/freescale/kds_v3/toolchain/bin/../lib/gcc/arm-none-eabi/4.8.4/armv7e-m/fpu/crtbegin.o
 .data          0x00000000        0x0 c:/freescale/kds_v3/toolchain/bin/../lib/gcc/arm-none-eabi/4.8.4/../../../../arm-none-eabi/lib/armv7e-m/fpu/crt0.o
 .bss           0x00000000        0x0 c:/freescale/kds_v3/toolchain/bin/../lib/gcc/arm-none-eabi/4.8.4/../../../../arm-none-eabi/lib/armv7e-m/fpu/crt0.o
 .ARM.extab     0x00000000        0x0 c:/freescale/kds_v3/toolchain/bin/../lib/gcc/arm-none-eabi/4.8.4/../../../../arm-none-eabi/lib/armv7e-m/fpu/crt0.o
 .group         0x00000000        0x8 ./Static_Code/System/CPU_Init.o
 .group         0x00000000        0x8 ./Static_Code/System/CPU_Init.o
 .group         0x00000000        0x8 ./Static_Code/System/CPU_Init.o
 .group         0x00000000        0x8 ./Static_Code/System/CPU_Init.o
 .group         0x00000000        0x8 ./Static_Code/System/CPU_Init.o
 .group         0x00000000        0x8 ./Static_Code/System/CPU_Init.o
 .group         0x00000000        0x8 ./Static_Code/System/CPU_Init.o
 .group         0x00000000        0x8 ./Static_Code/System/CPU_Init.o
 .group         0x00000000        0x8 ./Static_Code/System/CPU_Init.o
 .group         0x00000000        0x8 ./Static_Code/System/CPU_Init.o
 .group         0x00000000        0x8 ./Static_Code/System/CPU_Init.o
 .group         0x00000000        0x8 ./Static_Code/System/CPU_Init.o
 .group         0x00000000        0x8 ./Static_Code/System/CPU_Init.o
 .group         0x00000000        0x8 ./Static_Code/System/CPU_Init.o
 .group         0x00000000        0x8 ./Static_Code/System/CPU_Init.o
 .group         0x00000000        0x8 ./Static_Code/System/CPU_Init.o
 .group         0x00000000        0x8 ./Static_Code/System/CPU_Init.o
 .group         0x00000000        0x8 ./Static_Code/System/CPU_Init.o
 .group         0x00000000        0x8 ./Static_Code/System/CPU_Init.o
 .group         0x00000000        0x8 ./Static_Code/System/CPU_Init.o
 .group         0x00000000        0x8 ./Static_Code/System/CPU_Init.o
 .group         0x00000000        0x8 ./Static_Code/System/CPU_Init.o
 .group         0x00000000        0x8 ./Static_Code/System/CPU_Init.o
 .group         0x00000000        0x8 ./Static_Code/System/CPU_Init.o
 .group         0x00000000        0x8 ./Static_Code/System/CPU_Init.o
 .group         0x00000000        0x8 ./Static_Code/System/CPU_Init.o
 .group         0x00000000        0x8 ./Static_Code/System/CPU_Init.o
 .group         0x00000000        0x8 ./Static_Code/System/CPU_Init.o
 .text          0x00000000        0x0 ./Static_Code/System/CPU_Init.o
 .data          0x00000000        0x0 ./Static_Code/System/CPU_Init.o
[...]
Memory Configuration

Name             Origin             Length             Attributes
m_interrupts     0x00000000         0x00000198         xr
m_text           0x00000410         0x0007fbf0         xr
m_data           0x1fff0000         0x00010000         rw
m_data_20000000  0x20000000         0x00010000         rw
m_cfmprotrom     0x00000400         0x00000010         xr
*default*        0x00000000         0xffffffff

Linker script and memory map

LOAD c:/freescale/kds_v3/toolchain/bin/../lib/gcc/arm-none-eabi/4.8.4/armv7e-m/fpu/crti.o
LOAD c:/freescale/kds_v3/toolchain/bin/../lib/gcc/arm-none-eabi/4.8.4/armv7e-m/fpu/crtbegin.o
LOAD c:/freescale/kds_v3/toolchain/bin/../lib/gcc/arm-none-eabi/4.8.4/../../../../arm-none-eabi/lib/armv7e-m/fpu/crt0.o
LOAD ./Static_Code/System/CPU_Init.o
LOAD ./Static_Code/System/Peripherals_Init.o
LOAD ./Static_Code/System/Vectors.o
LOAD ./Sources/Events.o
LOAD ./Sources/main.o
LOAD ./Project_Settings/Startup_Code/startup.o
LOAD ./Generated_Code/ADC.o
LOAD ./Generated_Code/ASerialLdd1.o
LOAD ./Generated_Code/AdcLdd1.o
LOAD ./Generated_Code/BluePWM.o
LOAD ./Generated_Code/Cpu.o
LOAD ./Generated_Code/GreenPWM.o
LOAD ./Generated_Code/Inhr1.o
LOAD ./Generated_Code/PE_LDD.o
LOAD ./Generated_Code/Pins1.o
LOAD ./Generated_Code/PwmLdd1.o
LOAD ./Generated_Code/PwmLdd2.o
LOAD ./Generated_Code/PwmLdd3.o
LOAD ./Generated_Code/RedPWM.o
LOAD ./Generated_Code/TU1.o
LOAD ./Generated_Code/Term1.o
LOAD c:/freescale/kds_v3/toolchain/bin/../lib/gcc/arm-none-eabi/4.8.4/../../../../arm-none-eabi/lib/armv7e-m/fpu\libstdc++_s.a
LOAD c:/freescale/kds_v3/toolchain/bin/../lib/gcc/arm-none-eabi/4.8.4/../../../../arm-none-eabi/lib/armv7e-m/fpu\libm.a
START GROUP
LOAD c:/freescale/kds_v3/toolchain/bin/../lib/gcc/arm-none-eabi/4.8.4/armv7e-m/fpu\libgcc.a
LOAD c:/freescale/kds_v3/toolchain/bin/../lib/gcc/arm-none-eabi/4.8.4/../../../../arm-none-eabi/lib/armv7e-m/fpu\libg_s.a
LOAD c:/freescale/kds_v3/toolchain/bin/../lib/gcc/arm-none-eabi/4.8.4/../../../../arm-none-eabi/lib/armv7e-m/fpu\libc_s.a
END GROUP
START GROUP
LOAD c:/freescale/kds_v3/toolchain/bin/../lib/gcc/arm-none-eabi/4.8.4/armv7e-m/fpu\libgcc.a
LOAD c:/freescale/kds_v3/toolchain/bin/../lib/gcc/arm-none-eabi/4.8.4/../../../../arm-none-eabi/lib/armv7e-m/fpu\libc_s.a
LOAD c:/freescale/kds_v3/toolchain/bin/../lib/gcc/arm-none-eabi/4.8.4/../../../../arm-none-eabi/lib/armv7e-m/fpu\libnosys.a
END GROUP
START GROUP
LOAD c:/freescale/kds_v3/toolchain/bin/../lib/gcc/arm-none-eabi/4.8.4/armv7e-m/fpu\libgcc.a
LOAD c:/freescale/kds_v3/toolchain/bin/../lib/gcc/arm-none-eabi/4.8.4/../../../../arm-none-eabi/lib/armv7e-m/fpu\libc_s.a
LOAD c:/freescale/kds_v3/toolchain/bin/../lib/gcc/arm-none-eabi/4.8.4/../../../../arm-none-eabi/lib/armv7e-m/fpu\libnosys.a
END GROUP
LOAD c:/freescale/kds_v3/toolchain/bin/../lib/gcc/arm-none-eabi/4.8.4/armv7e-m/fpu/crtend.o
LOAD c:/freescale/kds_v3/toolchain/bin/../lib/gcc/arm-none-eabi/4.8.4/armv7e-m/fpu/crtn.o
                0x20000000                _estack = 0x20000000
                0x20000000                __SP_INIT = _estack
                0x20000000                __stack = _estack
                0x00000000                __heap_size = 0x0
                0x00000400                __stack_size = 0x400

.interrupts     0x00000000      0x198
                0x00000000                __vector_table = .
                0x00000000                . = ALIGN (0x4)
 *(.vectortable)
 .vectortable   0x00000000      0x198 ./Static_Code/System/Vectors.o
                0x00000000                __vect_table
                0x00000198                . = ALIGN (0x4)

.cfmprotect     0x00000400       0x10
                0x00000400                . = ALIGN (0x4)
 *(.cfmconfig)
 .cfmconfig     0x00000400       0x10 ./Static_Code/System/CPU_Init.o
                0x00000400                _cfm
                0x00000410                . = ALIGN (0x4)

.text           0x00000410     0x1ac4
                0x00000410                . = ALIGN (0x4)
 *(.text)
 .text          0x00000410       0x54 c:/freescale/kds_v3/toolchain/bin/../lib/gcc/arm-none-eabi/4.8.4/armv7e-m/fpu/crtbegin.o
 .text          0x00000464       0x74 c:/freescale/kds_v3/toolchain/bin/../lib/gcc/arm-none-eabi/4.8.4/../../../../arm-none-eabi/lib/armv7e-m/fpu/crt0.o
                0x00000464                _start
                0x00000464                _mainCRTStartup
 *(.text*)
 .text.CPU_SetBASEPRI
                0x000004d8       0x18 ./Static_Code/System/CPU_Init.o
                0x000004d8                CPU_SetBASEPRI
 .text.__init_hardware
                0x000004f0       0xb4 ./Static_Code/System/CPU_Init.o
                0x000004f0                __init_hardware
 .text.PE_low_level_init
                0x000005a4       0x44 ./Static_Code/System/CPU_Init.o
                0x000005a4                PE_low_level_init
 .text.CPU_GetClockGenMode
                0x000005e8       0x90 ./Static_Code/System/CPU_Init.o
                0x000005e8                CPU_GetClockGenMode
 .text.CPU_SetClockConfigGenMode
                0x00000678      0x54c ./Static_Code/System/CPU_Init.o
                0x00000678                CPU_SetClockConfigGenMode
 .text.UnhandledInterrupt
                0x00000bc4       0x18 ./Static_Code/System/Vectors.o
                0x00000bc4                UnhandledInterrupt
 .text.Cpu_OnNMI
                0x00000bdc        0xc ./Sources/Events.o
                0x00000bdc                Cpu_OnNMI
 .text.ADC_OnEnd
                0x00000be8        0xc ./Sources/Events.o
                0x00000be8                ADC_OnEnd
 .text.ADC_OnCalibrationEnd
                0x00000bf4        0xc ./Sources/Events.o
                0x00000bf4                ADC_OnCalibrationEnd
 .text.main     0x00000c00       0x68 ./Sources/main.o
                0x00000c00                main
 .text.__copy_rom_section
                0x00000c68       0xe4 ./Project_Settings/Startup_Code/startup.o
                0x00000c68                __copy_rom_section
 .text.__copy_rom_sections_to_ram
                0x00000d4c       0x9c ./Project_Settings/Startup_Code/startup.o
                0x00000d4c                __copy_rom_sections_to_ram
 .text.__init_registers
                0x00000de8       0x20 ./Project_Settings/Startup_Code/startup.o
                0x00000de8                __init_registers
 .text.__init_user
                0x00000e08        0xc ./Project_Settings/Startup_Code/startup.o
                0x00000e08                __init_user
 .text.__thumb_startup
                0x00000e14       0x34 ./Project_Settings/Startup_Code/startup.o
                0x00000e14                __thumb_startup
 .text.ADC_HWEnDi
                0x00000e48       0x44 ./Generated_Code/ADC.o
                0x00000e48                ADC_HWEnDi
 .text.ADC_Measure
                0x00000e8c       0x44 ./Generated_Code/ADC.o
                0x00000e8c                ADC_Measure
 .text.ADC_GetValue16
                0x00000ed0       0x38 ./Generated_Code/ADC.o
                0x00000ed0                ADC_GetValue16
 .text.ADC_Calibrate
                0x00000f08       0x7c ./Generated_Code/ADC.o
                0x00000f08                ADC_Calibrate
 .text.AdcLdd1_OnMeasurementComplete
                0x00000f84       0x5c ./Generated_Code/ADC.o
                0x00000f84                AdcLdd1_OnMeasurementComplete
 .text.ADC_Init
                0x00000fe0       0x2c ./Generated_Code/ADC.o
                0x00000fe0                ADC_Init
 .text.ASerialLdd1_Init
                0x0000100c      0x178 ./Generated_Code/ASerialLdd1.o
                0x0000100c                ASerialLdd1_Init
 .text.ASerialLdd1_ReceiveBlock
                0x00001184       0x48 ./Generated_Code/ASerialLdd1.o
                0x00001184                ASerialLdd1_ReceiveBlock
 .text.ASerialLdd1_SendBlock
                0x000011cc       0x58 ./Generated_Code/ASerialLdd1.o
                0x000011cc                ASerialLdd1_SendBlock
 .text.InterruptRx
                0x00001224       0x50 ./Generated_Code/ASerialLdd1.o
 .text.InterruptTx
                0x00001274       0x60 ./Generated_Code/ASerialLdd1.o
 .text.ASerialLdd1_Main
                0x000012d4       0xd8 ./Generated_Code/ASerialLdd1.o
                0x000012d4                ASerialLdd1_Main
 .text.AdcLdd1_Init
                0x000013ac       0xc0 ./Generated_Code/AdcLdd1.o
                0x000013ac                AdcLdd1_Init
 .text.AdcLdd1_StartSingleMeasurement
                0x0000146c       0x4c ./Generated_Code/AdcLdd1.o
                0x0000146c                AdcLdd1_StartSingleMeasurement
 .text.AdcLdd1_CreateSampleGroup
                0x000014b8       0x64 ./Generated_Code/AdcLdd1.o
                0x000014b8                AdcLdd1_CreateSampleGroup
 .text.AdcLdd1_GetMeasuredValues
                0x0000151c       0x4c ./Generated_Code/AdcLdd1.o
                0x0000151c                AdcLdd1_GetMeasuredValues
 .text.AdcLdd1_GetMeasurementCompleteStatus
                0x00001568       0x78 ./Generated_Code/AdcLdd1.o
                0x00001568                AdcLdd1_GetMeasurementCompleteStatus
 .text.AdcLdd1_StartCalibration
                0x000015e0       0x4c ./Generated_Code/AdcLdd1.o
                0x000015e0                AdcLdd1_StartCalibration
 .text.AdcLdd1_GetCalibrationResultStatus
                0x0000162c       0xbc ./Generated_Code/AdcLdd1.o
                0x0000162c                AdcLdd1_GetCalibrationResultStatus
 .text.AdcLdd1_MeasurementCompleteInterrupt
                0x000016e8       0x3c ./Generated_Code/AdcLdd1.o
                0x000016e8                AdcLdd1_MeasurementCompleteInterrupt
 .text.Components_Init
                0x00001724       0x20 ./Generated_Code/Cpu.o
                0x00001724                Components_Init
 .text.Cpu_INT_NMIInterrupt
                0x00001744       0x1c ./Generated_Code/Cpu.o
                0x00001744                Cpu_INT_NMIInterrupt
 .text.HWEnDi   0x00001760       0x1c ./Generated_Code/Inhr1.o
 .text.Inhr1_SendChar
                0x0000177c       0x5c ./Generated_Code/Inhr1.o
                0x0000177c                Inhr1_SendChar
 .text.Inhr1_Init
                0x000017d8       0x24 ./Generated_Code/Inhr1.o
                0x000017d8                Inhr1_Init
 .text.ASerialLdd1_OnBreak
                0x000017fc       0x24 ./Generated_Code/Inhr1.o
                0x000017fc                ASerialLdd1_OnBreak
 .text.PwmLdd1_Init
                0x00001820       0x54 ./Generated_Code/PwmLdd1.o
                0x00001820                PwmLdd1_Init
 .text.PwmLdd1_SetRatio16
                0x00001874       0x28 ./Generated_Code/PwmLdd1.o
                0x00001874                PwmLdd1_SetRatio16
 .text.SetRatio
                0x0000189c       0x54 ./Generated_Code/PwmLdd1.o
 .text.PwmLdd2_Init
                0x000018f0       0x54 ./Generated_Code/PwmLdd2.o
                0x000018f0                PwmLdd2_Init
 .text.PwmLdd3_Init
                0x00001944       0x54 ./Generated_Code/PwmLdd3.o
                0x00001944                PwmLdd3_Init
 .text.TU1_Init
                0x00001998      0x150 ./Generated_Code/TU1.o
                0x00001998                TU1_Init
 .text.TU1_GetPeriodTicks
                0x00001ae8       0x30 ./Generated_Code/TU1.o
                0x00001ae8                TU1_GetPeriodTicks
 .text.TU1_SetOffsetTicks
                0x00001b18       0x54 ./Generated_Code/TU1.o
                0x00001b18                TU1_SetOffsetTicks
 .text.Term1_SendStr
                0x00001b6c       0x34 ./Generated_Code/Term1.o
                0x00001b6c                Term1_SendStr
 .text.LongToStr
                0x00001ba0       0xf4 ./Generated_Code/Term1.o
 .text.Term1_SendNum
                0x00001c94       0x54 ./Generated_Code/Term1.o
                0x00001c94                Term1_SendNum
 .text.exit     0x00001ce8       0x28 c:/freescale/kds_v3/toolchain/bin/../lib/gcc/arm-none-eabi/4.8.4/../../../../arm-none-eabi/lib/armv7e-m/fpu\libg_s.a(lib_a-exit.o)
                0x00001ce8                exit
 .text.__libc_init_array
                0x00001d10       0x4c c:/freescale/kds_v3/toolchain/bin/../lib/gcc/arm-none-eabi/4.8.4/../../../../arm-none-eabi/lib/armv7e-m/fpu\libg_s.a(lib_a-init.o)
                0x00001d10                __libc_init_array
 .text.memset   0x00001d5c       0x10 c:/freescale/kds_v3/toolchain/bin/../lib/gcc/arm-none-eabi/4.8.4/../../../../arm-none-eabi/lib/armv7e-m/fpu\libg_s.a(lib_a-memset.o)
                0x00001d5c                memset
 .text._exit    0x00001d6c        0x4 c:/freescale/kds_v3/toolchain/bin/../lib/gcc/arm-none-eabi/4.8.4/../../../../arm-none-eabi/lib/armv7e-m/fpu\libnosys.a(_exit.o)
                0x00001d6c                _exit
 *(.rodata)
 .rodata        0x00001d70       0x40 ./Sources/main.o
 *(.rodata*)
 .rodata.ClockGenModeMatrix
                0x00001db0       0x80 ./Static_Code/System/CPU_Init.o
 .rodata.CPU_ClockConfigDescriptors
                0x00001e30       0x1c ./Static_Code/System/CPU_Init.o
 .rodata.CPU_DefaultFEI
                0x00001e4c        0x8 ./Static_Code/System/CPU_Init.o
 .rodata.CPU_DefaultFBI
                0x00001e54        0x8 ./Static_Code/System/CPU_Init.o
 .rodata.CPU_DefaultBLPI
                0x00001e5c        0x8 ./Static_Code/System/CPU_Init.o
 .rodata.CPU_DefaultFEE
                0x00001e64        0x8 ./Static_Code/System/CPU_Init.o
 .rodata.CPU_DefaultFBE
                0x00001e6c        0x8 ./Static_Code/System/CPU_Init.o
 .rodata.CPU_DefaultBLPE
                0x00001e74        0x8 ./Static_Code/System/CPU_Init.o
 .rodata.CPU_DefaultPBE
                0x00001e7c        0x8 ./Static_Code/System/CPU_Init.o
 .rodata.CPU_DefaultPEE
                0x00001e84        0x8 ./Static_Code/System/CPU_Init.o
 .rodata.CPU_ClockGenModeRegs
                0x00001e8c       0x20 ./Static_Code/System/CPU_Init.o
 .rodata.ChannelDevice
                0x00001eac        0x4 ./Generated_Code/TU1.o
 .rodata.ChannelMode
                0x00001eb0        0x4 ./Generated_Code/TU1.o
 .rodata.str1.1
                0x00001eb4        0x2 c:/freescale/kds_v3/toolchain/bin/../lib/gcc/arm-none-eabi/4.8.4/../../../../arm-none-eabi/lib/armv7e-m/fpu\libg_s.a(lib_a-impure.o)
 *fill*         0x00001eb6        0x2 
 .rodata._global_impure_ptr
                0x00001eb8        0x4 c:/freescale/kds_v3/toolchain/bin/../lib/gcc/arm-none-eabi/4.8.4/../../../../arm-none-eabi/lib/armv7e-m/fpu\libg_s.a(lib_a-impure.o)
                0x00001eb8                _global_impure_ptr
 *(.glue_7)
 .glue_7        0x00000000        0x0 linker stubs
 *(.glue_7t)
 .glue_7t       0x00000000        0x0 linker stubs
 *(.eh_frame)
 .eh_frame      0x00001ebc        0x0 c:/freescale/kds_v3/toolchain/bin/../lib/gcc/arm-none-eabi/4.8.4/armv7e-m/fpu/crtbegin.o
 *(.init)
 .init          0x00001ebc        0x4 c:/freescale/kds_v3/toolchain/bin/../lib/gcc/arm-none-eabi/4.8.4/armv7e-m/fpu/crti.o
                0x00001ebc                _init
 .init          0x00001ec0        0x8 c:/freescale/kds_v3/toolchain/bin/../lib/gcc/arm-none-eabi/4.8.4/armv7e-m/fpu/crtn.o
 *(.fini)
 .fini          0x00001ec8        0x4 c:/freescale/kds_v3/toolchain/bin/../lib/gcc/arm-none-eabi/4.8.4/armv7e-m/fpu/crti.o
                0x00001ec8                _fini
 .fini          0x00001ecc        0x8 c:/freescale/kds_v3/toolchain/bin/../lib/gcc/arm-none-eabi/4.8.4/armv7e-m/fpu/crtn.o
                0x00001ed4                . = ALIGN (0x4)
                0x00001ed4                _etext = .

.vfp11_veneer   0x00001ed4        0x0
 .vfp11_veneer  0x00000000        0x0 linker stubs

.v4_bx          0x00001ed4        0x0
 .v4_bx         0x00000000        0x0 linker stubs

.iplt           0x00001ed4        0x0
 .iplt          0x00000000        0x0 c:/freescale/kds_v3/toolchain/bin/../lib/gcc/arm-none-eabi/4.8.4/armv7e-m/fpu/crtbegin.o

.ARM.extab
 *(.ARM.extab* .gnu.linkonce.armextab.*)

.ARM            0x00001ed4        0x8
                0x00001ed4                __exidx_start = .
 *(.ARM.exidx*)
 .ARM.exidx     0x00001ed4        0x8 c:/freescale/kds_v3/toolchain/bin/../lib/gcc/arm-none-eabi/4.8.4/../../../../arm-none-eabi/lib/armv7e-m/fpu/crt0.o
                0x00001edc                __exidx_end = .

.rel.dyn        0x00001edc        0x0
 .rel.iplt      0x00000000        0x0 c:/freescale/kds_v3/toolchain/bin/../lib/gcc/arm-none-eabi/4.8.4/armv7e-m/fpu/crtbegin.o

.ctors          0x00001edc        0x0
                0x00001edc                __CTOR_LIST__ = .
 *crtbegin.o(.ctors)
 *(EXCLUDE_FILE(*crtend.o) .ctors)
 *(SORT(.ctors.*))
 *(.ctors)
                0x00001edc                __CTOR_END__ = .

.dtors          0x00001edc        0x0
                0x00001edc                __DTOR_LIST__ = .
 *crtbegin.o(.dtors)
 *(EXCLUDE_FILE(*crtend.o) .dtors)
 *(SORT(.dtors.*))
 *(.dtors)
                0x00001edc                __DTOR_END__ = .

.preinit_array  0x00001edc        0x0
                0x00001edc                PROVIDE (__preinit_array_start, .)
 *(.preinit_array*)
                0x00001edc                PROVIDE (__preinit_array_end, .)

.init_array     0x00001edc        0x4
                0x00001edc                PROVIDE (__init_array_start, .)
 *(SORT(.init_array.*))
 *(.init_array*)
 .init_array    0x00001edc        0x4 c:/freescale/kds_v3/toolchain/bin/../lib/gcc/arm-none-eabi/4.8.4/armv7e-m/fpu/crtbegin.o
                0x00001ee0                PROVIDE (__init_array_end, .)

.fini_array     0x00001ee0        0x4
                0x00001ee0                PROVIDE (__fini_array_start, .)
 *(SORT(.fini_array.*))
 *(.fini_array*)
 .fini_array    0x00001ee0        0x4 c:/freescale/kds_v3/toolchain/bin/../lib/gcc/arm-none-eabi/4.8.4/armv7e-m/fpu/crtbegin.o
                0x00001ee4                PROVIDE (__fini_array_end, .)
                0x00001ee4                ___ROM_AT = .

.data           0x1fff0000       0x60 load address 0x00001ee4
                0x1fff0000                . = ALIGN (0x4)
                0x1fff0000                _sdata = .
 *(.data)
 *(.data*)
 .data.impure_data
                0x1fff0000       0x60 c:/freescale/kds_v3/toolchain/bin/../lib/gcc/arm-none-eabi/4.8.4/../../../../arm-none-eabi/lib/armv7e-m/fpu\libg_s.a(lib_a-impure.o)
                0x1fff0060                . = ALIGN (0x4)
                0x1fff0060                _edata = .
                0x00000060                ___data_size = (_edata - _sdata)
                0x00001f44                ___m_data_20000000_ROMStart = (___ROM_AT + SIZEOF (.data))

.jcr            0x1fff0060        0x0 load address 0x00001f44
 .jcr           0x1fff0060        0x0 c:/freescale/kds_v3/toolchain/bin/../lib/gcc/arm-none-eabi/4.8.4/armv7e-m/fpu/crtbegin.o

.igot.plt       0x1fff0060        0x0 load address 0x00001f44
 .igot.plt      0x00000000        0x0 c:/freescale/kds_v3/toolchain/bin/../lib/gcc/arm-none-eabi/4.8.4/armv7e-m/fpu/crtbegin.o

.m_data_20000000
                0x20000000        0x0 load address 0x00001f44
                0x20000000                . = ALIGN (0x4)
                0x20000000                ___m_data_20000000_RAMStart = .
 *(.m_data_20000000)
                0x20000000                ___m_data_20000000_RAMEnd = .
                0x20000000                . = ALIGN (0x4)
                0x00000000                ___m_data_20000000_ROMSize = (___m_data_20000000_RAMEnd - ___m_data_20000000_RAMStart)
                0x20000000                . = ALIGN (0x4)

.bss            0x1fff0060       0xac load address 0x00001f44
                0x1fff0060                __START_BSS = .
                0x1fff0060                PROVIDE (__bss_start__, __START_BSS)
 *(.bss)
 .bss           0x1fff0060       0x1c c:/freescale/kds_v3/toolchain/bin/../lib/gcc/arm-none-eabi/4.8.4/armv7e-m/fpu/crtbegin.o
 *(.bss*)
 .bss.SR_lock   0x1fff007c        0x1 ./Static_Code/System/CPU_Init.o
                0x1fff007c                SR_lock
 .bss.ModeFlg   0x1fff007d        0x1 ./Generated_Code/ADC.o
 *fill*         0x1fff007e        0x2 
 .bss.SampleGroup
                0x1fff0080        0x4 ./Generated_Code/ADC.o
 .bss.OutFlg    0x1fff0084        0x1 ./Generated_Code/ADC.o
 *fill*         0x1fff0085        0x3 
 .bss.DeviceDataPrv__DEFAULT_RTOS_ALLOC
                0x1fff0088       0x20 ./Generated_Code/ASerialLdd1.o
 .bss.DeviceDataPrv__DEFAULT_RTOS_ALLOC
                0x1fff00a8        0x8 ./Generated_Code/AdcLdd1.o
 .bss.INT_ADC0__DEFAULT_RTOS_ISRPARAM
                0x1fff00b0        0x4 ./Generated_Code/AdcLdd1.o
 .bss.SerFlag   0x1fff00b4        0x2 ./Generated_Code/Inhr1.o
 .bss.BufferRead
                0x1fff00b6        0x1 ./Generated_Code/Inhr1.o
 .bss.OutBuffer
                0x1fff00b7        0x1 ./Generated_Code/Inhr1.o
 .bss.PE_LDD_DeviceDataList
                0x1fff00b8       0x18 ./Generated_Code/PE_LDD.o
                0x1fff00b8                PE_LDD_DeviceDataList
 .bss.DeviceDataPrv__DEFAULT_RTOS_ALLOC
                0x1fff00d0        0xc ./Generated_Code/PwmLdd1.o
 .bss.DeviceDataPrv__DEFAULT_RTOS_ALLOC
                0x1fff00dc        0xc ./Generated_Code/PwmLdd2.o
 .bss.DeviceDataPrv__DEFAULT_RTOS_ALLOC
                0x1fff00e8        0xc ./Generated_Code/PwmLdd3.o
 .bss.DeviceDataPrv__DEFAULT_RTOS_ALLOC
                0x1fff00f4        0x8 ./Generated_Code/TU1.o
 *(COMMON)
 COMMON         0x1fff00fc        0x1 ./Static_Code/System/CPU_Init.o
                0x1fff00fc                SR_reg
 *fill*         0x1fff00fd        0x3 
 COMMON         0x1fff0100        0x8 ./Generated_Code/ADC.o
                0x1fff0100                ADC_OutV
                0x1fff0104                AdcLdd1_DeviceDataPtr
 COMMON         0x1fff0108        0x4 ./Generated_Code/Inhr1.o
                0x1fff0108                ASerialLdd1_DeviceDataPtr
                0x1fff010c                . = ALIGN (0x4)
                0x1fff010c                __END_BSS = .
                0x1fff010c                PROVIDE (__bss_end__, __END_BSS)
                0x00001f44                _romp_at = ((___ROM_AT + SIZEOF (.data)) + SIZEOF (.m_data_20000000))

.romp           0x1fff010c       0x24 load address 0x00001f44
                0x00001f44                __S_romp = _romp_at
                0x1fff010c        0x4 LONG 0x1ee4 ___ROM_AT
                0x1fff0110        0x4 LONG 0x1fff0000 _sdata
                0x1fff0114        0x4 LONG 0x60 ___data_size
                0x1fff0118        0x4 LONG 0x1f44 ___m_data_20000000_ROMStart
                0x1fff011c        0x4 LONG 0x20000000 ___m_data_20000000_RAMStart
                0x1fff0120        0x4 LONG 0x0 ___m_data_20000000_ROMSize
                0x1fff0124        0x4 LONG 0x0
                0x1fff0128        0x4 LONG 0x0
                0x1fff012c        0x4 LONG 0x0
                0x00080000                text_end = (ORIGIN (m_text) + 0x7fbf0)
                0x00001f68                data_init_end = ((___m_data_20000000_ROMStart + SIZEOF (.m_data_20000000)) + SIZEOF (.romp))
                0x00000001                ASSERT ((data_init_end <= text_end), region m_text overflowed with text and data)

._user_heap_stack
                0x1fff0130      0x400 load address 0x00001f68
                0x1fff0130                . = ALIGN (0x4)
                0x1fff0130                PROVIDE (end, .)
                0x1fff0130                PROVIDE (_end, .)
                0x1fff0130                PROVIDE (__end__, .)
                0x1fff0130                __heap_addr = .
                0x1fff0130                __HeapBase = .
                0x1fff0130                . = (. + __heap_size)
                0x1fff0130                __HeapLimit = .
                0x1fff0530                . = (. + __stack_size)
 *fill*         0x1fff0130      0x400 
                0x1fff0530                . = ALIGN (0x4)

.ARM.attributes
                0x00000000       0x30
 *(.ARM.attributes)
 .ARM.attributes
                0x00000000       0x22 c:/freescale/kds_v3/toolchain/bin/../lib/gcc/arm-none-eabi/4.8.4/armv7e-m/fpu/crti.o
 .ARM.attributes
                0x00000022       0x34 c:/freescale/kds_v3/toolchain/bin/../lib/gcc/arm-none-eabi/4.8.4/armv7e-m/fpu/crtbegin.o
 .ARM.attributes
                0x00000056       0x20 c:/freescale/kds_v3/toolchain/bin/../lib/gcc/arm-none-eabi/4.8.4/../../../../arm-none-eabi/lib/armv7e-m/fpu/crt0.o
 .ARM.attributes
                0x00000076       0x39 ./Static_Code/System/CPU_Init.o
 .ARM.attributes
                0x000000af       0x39 ./Static_Code/System/Vectors.o
 .ARM.attributes
                0x000000e8       0x39 ./Sources/Events.o
 .ARM.attributes
                0x00000121       0x39 ./Sources/main.o
 .ARM.attributes
                0x0000015a       0x39 ./Project_Settings/Startup_Code/startup.o
 .ARM.attributes
                0x00000193       0x39 ./Generated_Code/ADC.o
 .ARM.attributes
                0x000001cc       0x39 ./Generated_Code/ASerialLdd1.o
 .ARM.attributes
                0x00000205       0x39 ./Generated_Code/AdcLdd1.o
 .ARM.attributes
                0x0000023e       0x39 ./Generated_Code/Cpu.o
 .ARM.attributes
                0x00000277       0x39 ./Generated_Code/Inhr1.o
 .ARM.attributes
                0x000002b0       0x39 ./Generated_Code/PE_LDD.o
 .ARM.attributes
                0x000002e9       0x39 ./Generated_Code/PwmLdd1.o
 .ARM.attributes
                0x00000322       0x39 ./Generated_Code/PwmLdd2.o
 .ARM.attributes
                0x0000035b       0x39 ./Generated_Code/PwmLdd3.o
 .ARM.attributes
                0x00000394       0x39 ./Generated_Code/TU1.o
 .ARM.attributes
                0x000003cd       0x39 ./Generated_Code/Term1.o
 .ARM.attributes
                0x00000406       0x34 c:/freescale/kds_v3/toolchain/bin/../lib/gcc/arm-none-eabi/4.8.4/../../../../arm-none-eabi/lib/armv7e-m/fpu\libg_s.a(lib_a-exit.o)
 .ARM.attributes
                0x0000043a       0x34 c:/freescale/kds_v3/toolchain/bin/../lib/gcc/arm-none-eabi/4.8.4/../../../../arm-none-eabi/lib/armv7e-m/fpu\libg_s.a(lib_a-impure.o)
 .ARM.attributes
                0x0000046e       0x34 c:/freescale/kds_v3/toolchain/bin/../lib/gcc/arm-none-eabi/4.8.4/../../../../arm-none-eabi/lib/armv7e-m/fpu\libg_s.a(lib_a-init.o)
 .ARM.attributes
                0x000004a2       0x34 c:/freescale/kds_v3/toolchain/bin/../lib/gcc/arm-none-eabi/4.8.4/../../../../arm-none-eabi/lib/armv7e-m/fpu\libg_s.a(lib_a-memset.o)
 .ARM.attributes
                0x000004d6       0x34 c:/freescale/kds_v3/toolchain/bin/../lib/gcc/arm-none-eabi/4.8.4/../../../../arm-none-eabi/lib/armv7e-m/fpu\libnosys.a(_exit.o)
 .ARM.attributes
                0x0000050a       0x22 c:/freescale/kds_v3/toolchain/bin/../lib/gcc/arm-none-eabi/4.8.4/armv7e-m/fpu/crtn.o
OUTPUT(Lab8.elf elf32-littlearm)

.debug_info     0x00000000     0x450f
 .debug_info    0x00000000      0xab8 ./Static_Code/System/CPU_Init.o
 .debug_info    0x00000ab8      0x826 ./Static_Code/System/Vectors.o
 .debug_info    0x000012de       0xb8 ./Sources/Events.o
 .debug_info    0x00001396      0x10f ./Sources/main.o
 .debug_info    0x000014a5      0x3b0 ./Project_Settings/Startup_Code/startup.o
 .debug_info    0x00001855      0x26b ./Generated_Code/ADC.o
 .debug_info    0x00001ac0      0x8f8 ./Generated_Code/ASerialLdd1.o
 .debug_info    0x000023b8      0x89b ./Generated_Code/AdcLdd1.o
 .debug_info    0x00002c53       0xa7 ./Generated_Code/Cpu.o
 .debug_info    0x00002cfa      0x20b ./Generated_Code/Inhr1.o
 .debug_info    0x00002f05      0x251 ./Generated_Code/PE_LDD.o
 .debug_info    0x00003156      0x333 ./Generated_Code/PwmLdd1.o
 .debug_info    0x00003489      0x333 ./Generated_Code/PwmLdd2.o
 .debug_info    0x000037bc      0x333 ./Generated_Code/PwmLdd3.o
 .debug_info    0x00003aef      0x766 ./Generated_Code/TU1.o
 .debug_info    0x00004255      0x2ba ./Generated_Code/Term1.o

.debug_abbrev   0x00000000     0x12a9
 .debug_abbrev  0x00000000      0x1bf ./Static_Code/System/CPU_Init.o
 .debug_abbrev  0x000001bf       0xd8 ./Static_Code/System/Vectors.o
 .debug_abbrev  0x00000297       0x45 ./Sources/Events.o
 .debug_abbrev  0x000002dc       0xb4 ./Sources/main.o
 .debug_abbrev  0x00000390      0x189 ./Project_Settings/Startup_Code/startup.o
 .debug_abbrev  0x00000519      0x16c ./Generated_Code/ADC.o
 .debug_abbrev  0x00000685      0x1d0 ./Generated_Code/ASerialLdd1.o
 .debug_abbrev  0x00000855      0x1b4 ./Generated_Code/AdcLdd1.o
 .debug_abbrev  0x00000a09       0x45 ./Generated_Code/Cpu.o
 .debug_abbrev  0x00000a4e      0x117 ./Generated_Code/Inhr1.o
 .debug_abbrev  0x00000b65      0x10d ./Generated_Code/PE_LDD.o
 .debug_abbrev  0x00000c72      0x122 ./Generated_Code/PwmLdd1.o
 .debug_abbrev  0x00000d94      0x122 ./Generated_Code/PwmLdd2.o
 .debug_abbrev  0x00000eb6      0x122 ./Generated_Code/PwmLdd3.o
 .debug_abbrev  0x00000fd8      0x198 ./Generated_Code/TU1.o
 .debug_abbrev  0x00001170      0x139 ./Generated_Code/Term1.o

.debug_aranges  0x00000000      0x750
 .debug_aranges
                0x00000000       0x40 ./Static_Code/System/CPU_Init.o
 .debug_aranges
                0x00000040      0x340 ./Static_Code/System/Vectors.o
 .debug_aranges
                0x00000380       0x30 ./Sources/Events.o
 .debug_aranges
                0x000003b0       0x20 ./Sources/main.o
 .debug_aranges
                0x000003d0       0x50 ./Project_Settings/Startup_Code/startup.o
 .debug_aranges
                0x00000420       0x50 ./Generated_Code/ADC.o
 .debug_aranges
                0x00000470       0x58 ./Generated_Code/ASerialLdd1.o
 .debug_aranges
                0x000004c8       0x60 ./Generated_Code/AdcLdd1.o
 .debug_aranges
                0x00000528       0x28 ./Generated_Code/Cpu.o
 .debug_aranges
                0x00000550       0x48 ./Generated_Code/Inhr1.o
 .debug_aranges
                0x00000598       0x30 ./Generated_Code/PE_LDD.o
 .debug_aranges
                0x000005c8       0x48 ./Generated_Code/PwmLdd1.o
 .debug_aranges
                0x00000610       0x48 ./Generated_Code/PwmLdd2.o
 .debug_aranges
                0x00000658       0x48 ./Generated_Code/PwmLdd3.o
 .debug_aranges
                0x000006a0       0x48 ./Generated_Code/TU1.o
 .debug_aranges
                0x000006e8       0x68 ./Generated_Code/Term1.o

.debug_ranges   0x00000000      0x650
 .debug_ranges  0x00000000       0x30 ./Static_Code/System/CPU_Init.o
 .debug_ranges  0x00000030      0x330 ./Static_Code/System/Vectors.o
 .debug_ranges  0x00000360       0x20 ./Sources/Events.o
 .debug_ranges  0x00000380       0x10 ./Sources/main.o
 .debug_ranges  0x00000390       0x40 ./Project_Settings/Startup_Code/startup.o
 .debug_ranges  0x000003d0       0x40 ./Generated_Code/ADC.o
 .debug_ranges  0x00000410       0x48 ./Generated_Code/ASerialLdd1.o
 .debug_ranges  0x00000458       0x50 ./Generated_Code/AdcLdd1.o
 .debug_ranges  0x000004a8       0x18 ./Generated_Code/Cpu.o
 .debug_ranges  0x000004c0       0x38 ./Generated_Code/Inhr1.o
 .debug_ranges  0x000004f8       0x20 ./Generated_Code/PE_LDD.o
 .debug_ranges  0x00000518       0x38 ./Generated_Code/PwmLdd1.o
 .debug_ranges  0x00000550       0x38 ./Generated_Code/PwmLdd2.o
 .debug_ranges  0x00000588       0x38 ./Generated_Code/PwmLdd3.o
 .debug_ranges  0x000005c0       0x38 ./Generated_Code/TU1.o
 .debug_ranges  0x000005f8       0x58 ./Generated_Code/Term1.o

.debug_macro    0x00000000    0x24623
 .debug_macro   0x00000000      0x225 ./Static_Code/System/CPU_Init.o
 .debug_macro   0x00000225      0x850 ./Static_Code/System/CPU_Init.o
 .debug_macro   0x00000a75       0x16 ./Static_Code/System/CPU_Init.o
 .debug_macro   0x00000a8b       0x44 ./Static_Code/System/CPU_Init.o
 .debug_macro   0x00000acf      0x209 ./Static_Code/System/CPU_Init.o
 .debug_macro   0x00000cd8     0x1798 ./Static_Code/System/CPU_Init.o
 .debug_macro   0x00002470     0xbca7 ./Static_Code/System/CPU_Init.o
 .debug_macro   0x0000e117      0x4c6 ./Static_Code/System/CPU_Init.o
 .debug_macro   0x0000e5dd      0x14e ./Static_Code/System/CPU_Init.o
 .debug_macro   0x0000e72b       0x6a ./Static_Code/System/CPU_Init.o
 .debug_macro   0x0000e795       0x58 ./Static_Code/System/CPU_Init.o
 .debug_macro   0x0000e7ed       0x35 ./Static_Code/System/CPU_Init.o
 .debug_macro   0x0000e822       0xa3 ./Static_Code/System/CPU_Init.o
 .debug_macro   0x0000e8c5       0x16 ./Static_Code/System/CPU_Init.o
 .debug_macro   0x0000e8db       0x94 ./Static_Code/System/CPU_Init.o
 .debug_macro   0x0000e96f      0x616 ./Static_Code/System/CPU_Init.o
 .debug_macro   0x0000ef85       0x7b ./Static_Code/System/CPU_Init.o
 .debug_macro   0x0000f000       0x10 ./Static_Code/System/CPU_Init.o
 .debug_macro   0x0000f010       0x5d ./Static_Code/System/CPU_Init.o
 .debug_macro   0x0000f06d       0x11 ./Static_Code/System/CPU_Init.o
 .debug_macro   0x0000f07e      0x6a6 ./Static_Code/System/CPU_Init.o
 .debug_macro   0x0000f724       0x82 ./Static_Code/System/CPU_Init.o
 .debug_macro   0x0000f7a6       0x3e ./Static_Code/System/CPU_Init.o
 .debug_macro   0x0000f7e4       0x2c ./Static_Code/System/CPU_Init.o
 .debug_macro   0x0000f810       0x44 ./Static_Code/System/CPU_Init.o
 .debug_macro   0x0000f854       0x2c ./Static_Code/System/CPU_Init.o
 .debug_macro   0x0000f880       0x44 ./Static_Code/System/CPU_Init.o
 .debug_macro   0x0000f8c4       0x2c ./Static_Code/System/CPU_Init.o
 .debug_macro   0x0000f8f0      0x29e ./Static_Code/System/CPU_Init.o
 .debug_macro   0x0000fb8e      0x213 ./Static_Code/System/Vectors.o
 .debug_macro   0x0000fda1      0x323 ./Sources/Events.o
 .debug_macro   0x000100c4      0x328 ./Sources/Events.o
 .debug_macro   0x000103ec      0x109 ./Sources/Events.o
 .debug_macro   0x000104f5      0x17f ./Sources/Events.o
 .debug_macro   0x00010674      0x202 ./Sources/Events.o
 .debug_macro   0x00010876      0x91e ./Sources/Events.o
 .debug_macro   0x00011194       0x9e ./Sources/Events.o
 .debug_macro   0x00011232      0x1f9 ./Sources/Events.o
 .debug_macro   0x0001142b      0x39c ./Sources/Events.o
 .debug_macro   0x000117c7      0x132 ./Sources/Events.o
 .debug_macro   0x000118f9      0x29c ./Sources/Events.o
 .debug_macro   0x00011b95      0x264 ./Sources/Events.o
 .debug_macro   0x00011df9      0x25b ./Sources/Events.o
 .debug_macro   0x00012054      0x399 ./Sources/Events.o
 .debug_macro   0x000123ed      0x4f1 ./Sources/Events.o
 .debug_macro   0x000128de      0x13f ./Sources/Events.o
 .debug_macro   0x00012a1d       0x6c ./Sources/Events.o
 .debug_macro   0x00012a89      0x30d ./Sources/Events.o
 .debug_macro   0x00012d96       0xbb ./Sources/Events.o
 .debug_macro   0x00012e51       0xe9 ./Sources/Events.o
 .debug_macro   0x00012f3a      0x4ea ./Sources/Events.o
 .debug_macro   0x00013424      0x18f ./Sources/Events.o
 .debug_macro   0x000135b3       0xea ./Sources/Events.o
 .debug_macro   0x0001369d      0x344 ./Sources/Events.o
 .debug_macro   0x000139e1      0x824 ./Sources/Events.o
 .debug_macro   0x00014205      0x179 ./Sources/Events.o
 .debug_macro   0x0001437e      0x9e2 ./Sources/Events.o
 .debug_macro   0x00014d60      0x129 ./Sources/Events.o
 .debug_macro   0x00014e89      0x648 ./Sources/Events.o
 .debug_macro   0x000154d1       0x81 ./Sources/Events.o
 .debug_macro   0x00015552      0x7bf ./Sources/Events.o
 .debug_macro   0x00015d11      0x66f ./Sources/Events.o
 .debug_macro   0x00016380       0x7b ./Sources/Events.o
 .debug_macro   0x000163fb      0x182 ./Sources/Events.o
 .debug_macro   0x0001657d      0x32f ./Sources/main.o
 .debug_macro   0x000168ac      0x121 ./Project_Settings/Startup_Code/startup.o
 .debug_macro   0x000169cd      0x166 ./Project_Settings/Startup_Code/startup.o
 .debug_macro   0x00016b33       0x4a ./Project_Settings/Startup_Code/startup.o
 .debug_macro   0x00016b7d       0x52 ./Project_Settings/Startup_Code/startup.o
 .debug_macro   0x00016bcf       0x16 ./Project_Settings/Startup_Code/startup.o
 .debug_macro   0x00016be5       0x43 ./Project_Settings/Startup_Code/startup.o
 .debug_macro   0x00016c28      0x180 ./Project_Settings/Startup_Code/startup.o
 .debug_macro   0x00016da8      0x2a6 ./Project_Settings/Startup_Code/startup.o
 .debug_macro   0x0001704e       0x10 ./Project_Settings/Startup_Code/startup.o
 .debug_macro   0x0001705e       0x35 ./Project_Settings/Startup_Code/startup.o
 .debug_macro   0x00017093       0x16 ./Project_Settings/Startup_Code/startup.o
 .debug_macro   0x000170a9       0x22 ./Project_Settings/Startup_Code/startup.o
 .debug_macro   0x000170cb       0x10 ./Project_Settings/Startup_Code/startup.o
 .debug_macro   0x000170db      0x20f ./Project_Settings/Startup_Code/startup.o
 .debug_macro   0x000172ea     0xbc9b ./Project_Settings/Startup_Code/startup.o
 .debug_macro   0x00022f85      0x20b ./Generated_Code/ADC.o
 .debug_macro   0x00023190      0x112 ./Generated_Code/ASerialLdd1.o
 .debug_macro   0x000232a2       0x57 ./Generated_Code/ASerialLdd1.o
 .debug_macro   0x000232f9       0x17 ./Generated_Code/ASerialLdd1.o
 .debug_macro   0x00023310      0x7b9 ./Generated_Code/ASerialLdd1.o
 .debug_macro   0x00023ac9      0x125 ./Generated_Code/AdcLdd1.o
 .debug_macro   0x00023bee      0x201 ./Generated_Code/Cpu.o
 .debug_macro   0x00023def      0x12d ./Generated_Code/Inhr1.o
 .debug_macro   0x00023f1c      0x1c0 ./Generated_Code/PE_LDD.o
 .debug_macro   0x000240dc      0x112 ./Generated_Code/PwmLdd1.o
 .debug_macro   0x000241ee      0x112 ./Generated_Code/PwmLdd2.o
 .debug_macro   0x00024300      0x112 ./Generated_Code/PwmLdd3.o
 .debug_macro   0x00024412      0x110 ./Generated_Code/TU1.o
 .debug_macro   0x00024522      0x101 ./Generated_Code/Term1.o

.debug_line     0x00000000     0x51cb
 .debug_line    0x00000000      0x603 ./Static_Code/System/CPU_Init.o
 .debug_line    0x00000603      0xba2 ./Static_Code/System/Vectors.o
 .debug_line    0x000011a5      0x627 ./Sources/Events.o
 .debug_line    0x000017cc      0x628 ./Sources/main.o
 .debug_line    0x00001df4      0x3f0 ./Project_Settings/Startup_Code/startup.o
 .debug_line    0x000021e4      0x526 ./Generated_Code/ADC.o
 .debug_line    0x0000270a      0x47a ./Generated_Code/ASerialLdd1.o
 .debug_line    0x00002b84      0x48f ./Generated_Code/AdcLdd1.o
 .debug_line    0x00003013      0x4e4 ./Generated_Code/Cpu.o
 .debug_line    0x000034f7      0x391 ./Generated_Code/Inhr1.o
 .debug_line    0x00003888      0x47d ./Generated_Code/PE_LDD.o
 .debug_line    0x00003d05      0x407 ./Generated_Code/PwmLdd1.o
 .debug_line    0x0000410c      0x407 ./Generated_Code/PwmLdd2.o
 .debug_line    0x00004513      0x407 ./Generated_Code/PwmLdd3.o
 .debug_line    0x0000491a      0x42d ./Generated_Code/TU1.o
 .debug_line    0x00004d47      0x484 ./Generated_Code/Term1.o

.debug_str      0x00000000    0xbceae
 .debug_str     0x00000000    0x5c349 ./Static_Code/System/CPU_Init.o
                              0x5c4f9 (size before relaxing)
 .debug_str     0x0005c349      0x980 ./Static_Code/System/Vectors.o
                              0x5c91a (size before relaxing)
 .debug_str     0x0005ccc9    0x5cfb4 ./Sources/Events.o
                              0xb8135 (size before relaxing)
 .debug_str     0x000b9c7d       0xf9 ./Sources/main.o
                              0xb81f1 (size before relaxing)
 .debug_str     0x000b9d76     0x21a2 ./Project_Settings/Startup_Code/startup.o
                              0x45bd6 (size before relaxing)
 .debug_str     0x000bbf18      0x154 ./Generated_Code/ADC.o
                              0x5b0ac (size before relaxing)
 .debug_str     0x000bc06c      0x2e1 ./Generated_Code/ASerialLdd1.o
                              0x5b424 (size before relaxing)
 .debug_str     0x000bc34d      0x33d ./Generated_Code/AdcLdd1.o
                              0x51ac5 (size before relaxing)
 .debug_str     0x000bc68a       0x28 ./Generated_Code/Cpu.o
                              0x5af60 (size before relaxing)
 .debug_str     0x000bc6b2      0x16c ./Generated_Code/Inhr1.o
                              0x4c62a (size before relaxing)
 .debug_str     0x000bc81e      0x15f ./Generated_Code/PE_LDD.o
                              0x5b0f9 (size before relaxing)
 .debug_str     0x000bc97d       0xef ./Generated_Code/PwmLdd1.o
                              0x5599e (size before relaxing)
 .debug_str     0x000bca6c       0x94 ./Generated_Code/PwmLdd2.o
                              0x5599e (size before relaxing)
 .debug_str     0x000bcb00       0x86 ./Generated_Code/PwmLdd3.o
                              0x5599e (size before relaxing)
 .debug_str     0x000bcb86      0x25e ./Generated_Code/TU1.o
                              0x55aad (size before relaxing)
 .debug_str     0x000bcde4       0xca ./Generated_Code/Term1.o
                              0x4c565 (size before relaxing)

.comment        0x00000000       0x70
 .comment       0x00000000       0x70 ./Static_Code/System/CPU_Init.o
                                 0x71 (size before relaxing)
 .comment       0x00000000       0x71 ./Static_Code/System/Vectors.o
 .comment       0x00000000       0x71 ./Sources/Events.o
 .comment       0x00000000       0x71 ./Sources/main.o
 .comment       0x00000000       0x71 ./Project_Settings/Startup_Code/startup.o
 .comment       0x00000000       0x71 ./Generated_Code/ADC.o
 .comment       0x00000000       0x71 ./Generated_Code/ASerialLdd1.o
 .comment       0x00000000       0x71 ./Generated_Code/AdcLdd1.o
 .comment       0x00000000       0x71 ./Generated_Code/Cpu.o
 .comment       0x00000000       0x71 ./Generated_Code/Inhr1.o
 .comment       0x00000000       0x71 ./Generated_Code/PE_LDD.o
 .comment       0x00000000       0x71 ./Generated_Code/PwmLdd1.o
 .comment       0x00000000       0x71 ./Generated_Code/PwmLdd2.o
 .comment       0x00000000       0x71 ./Generated_Code/PwmLdd3.o
 .comment       0x00000000       0x71 ./Generated_Code/TU1.o
 .comment       0x00000000       0x71 ./Generated_Code/Term1.o

.debug_frame    0x00000000     0x17f8
 .debug_frame   0x00000000       0x9c ./Static_Code/System/CPU_Init.o
 .debug_frame   0x0000009c      0xcb0 ./Static_Code/System/Vectors.o
 .debug_frame   0x00000d4c       0x58 ./Sources/Events.o
 .debug_frame   0x00000da4       0x30 ./Sources/main.o
 .debug_frame   0x00000dd4       0xc0 ./Project_Settings/Startup_Code/startup.o
 .debug_frame   0x00000e94       0xe0 ./Generated_Code/ADC.o
 .debug_frame   0x00000f74      0x100 ./Generated_Code/ASerialLdd1.o
 .debug_frame   0x00001074      0x114 ./Generated_Code/AdcLdd1.o
 .debug_frame   0x00001188       0x50 ./Generated_Code/Cpu.o
 .debug_frame   0x000011d8       0xc0 ./Generated_Code/Inhr1.o
 .debug_frame   0x00001298       0x64 ./Generated_Code/PE_LDD.o
 .debug_frame   0x000012fc       0xd0 ./Generated_Code/PwmLdd1.o
 .debug_frame   0x000013cc       0xd0 ./Generated_Code/PwmLdd2.o
 .debug_frame   0x0000149c       0xd0 ./Generated_Code/PwmLdd3.o
 .debug_frame   0x0000156c       0xbc ./Generated_Code/TU1.o
 .debug_frame   0x00001628      0x13c ./Generated_Code/Term1.o
 .debug_frame   0x00001764       0x28 c:/freescale/kds_v3/toolchain/bin/../lib/gcc/arm-none-eabi/4.8.4/../../../../arm-none-eabi/lib/armv7e-m/fpu\libg_s.a(lib_a-exit.o)
 .debug_frame   0x0000178c       0x2c c:/freescale/kds_v3/toolchain/bin/../lib/gcc/arm-none-eabi/4.8.4/../../../../arm-none-eabi/lib/armv7e-m/fpu\libg_s.a(lib_a-init.o)
 .debug_frame   0x000017b8       0x20 c:/freescale/kds_v3/toolchain/bin/../lib/gcc/arm-none-eabi/4.8.4/../../../../arm-none-eabi/lib/armv7e-m/fpu\libg_s.a(lib_a-memset.o)
 .debug_frame   0x000017d8       0x20 c:/freescale/kds_v3/toolchain/bin/../lib/gcc/arm-none-eabi/4.8.4/../../../../arm-none-eabi/lib/armv7e-m/fpu\libnosys.a(_exit.o)
