Archive member included because of file (symbol)

c:/freescale/kds_v3/toolchain/bin/../lib/gcc/arm-none-eabi/4.8.4/../../../../arm-none-eabi/lib/armv7e-m/fpu\libg_s.a(lib_a-exit.o)
                              c:/freescale/kds_v3/toolchain/bin/../lib/gcc/arm-none-eabi/4.8.4/../../../../arm-none-eabi/lib/armv7e-m/fpu/crt0.o (exit)
c:/freescale/kds_v3/toolchain/bin/../lib/gcc/arm-none-eabi/4.8.4/../../../../arm-none-eabi/lib/armv7e-m/fpu\libg_s.a(lib_a-impure.o)
                              c:/freescale/kds_v3/toolchain/bin/../lib/gcc/arm-none-eabi/4.8.4/../../../../arm-none-eabi/lib/armv7e-m/fpu\libg_s.a(lib_a-exit.o) (_global_impure_ptr)
c:/freescale/kds_v3/toolchain/bin/../lib/gcc/arm-none-eabi/4.8.4/../../../../arm-none-eabi/lib/armv7e-m/fpu\libg_s.a(lib_a-init.o)
                              c:/freescale/kds_v3/toolchain/bin/../lib/gcc/arm-none-eabi/4.8.4/../../../../arm-none-eabi/lib/armv7e-m/fpu/crt0.o (__libc_init_array)
c:/freescale/kds_v3/toolchain/bin/../lib/gcc/arm-none-eabi/4.8.4/../../../../arm-none-eabi/lib/armv7e-m/fpu\libg_s.a(lib_a-memset.o)
                              c:/freescale/kds_v3/toolchain/bin/../lib/gcc/arm-none-eabi/4.8.4/../../../../arm-none-eabi/lib/armv7e-m/fpu/crt0.o (memset)
c:/freescale/kds_v3/toolchain/bin/../lib/gcc/arm-none-eabi/4.8.4/../../../../arm-none-eabi/lib/armv7e-m/fpu\libg_s.a(lib_a-sscanf.o)
                              ./Sources/main.o (sscanf)
c:/freescale/kds_v3/toolchain/bin/../lib/gcc/arm-none-eabi/4.8.4/../../../../arm-none-eabi/lib/armv7e-m/fpu\libg_s.a(lib_a-stdio.o)
                              c:/freescale/kds_v3/toolchain/bin/../lib/gcc/arm-none-eabi/4.8.4/../../../../arm-none-eabi/lib/armv7e-m/fpu\libg_s.a(lib_a-sscanf.o) (__seofread)
c:/freescale/kds_v3/toolchain/bin/../lib/gcc/arm-none-eabi/4.8.4/../../../../arm-none-eabi/lib/armv7e-m/fpu\libg_s.a(lib_a-strcmp.o)
                              ./Sources/main.o (strcmp)
c:/freescale/kds_v3/toolchain/bin/../lib/gcc/arm-none-eabi/4.8.4/../../../../arm-none-eabi/lib/armv7e-m/fpu\libg_s.a(lib_a-strlen.o)
                              c:/freescale/kds_v3/toolchain/bin/../lib/gcc/arm-none-eabi/4.8.4/../../../../arm-none-eabi/lib/armv7e-m/fpu\libg_s.a(lib_a-sscanf.o) (strlen)
c:/freescale/kds_v3/toolchain/bin/../lib/gcc/arm-none-eabi/4.8.4/../../../../arm-none-eabi/lib/armv7e-m/fpu\libg_s.a(lib_a-svfscanf.o)
                              c:/freescale/kds_v3/toolchain/bin/../lib/gcc/arm-none-eabi/4.8.4/../../../../arm-none-eabi/lib/armv7e-m/fpu\libg_s.a(lib_a-sscanf.o) (__ssvfscanf_r)
c:/freescale/kds_v3/toolchain/bin/../lib/gcc/arm-none-eabi/4.8.4/../../../../arm-none-eabi/lib/armv7e-m/fpu\libg_s.a(lib_a-ungetc.o)
                              c:/freescale/kds_v3/toolchain/bin/../lib/gcc/arm-none-eabi/4.8.4/../../../../arm-none-eabi/lib/armv7e-m/fpu\libg_s.a(lib_a-svfscanf.o) (__submore)
c:/freescale/kds_v3/toolchain/bin/../lib/gcc/arm-none-eabi/4.8.4/../../../../arm-none-eabi/lib/armv7e-m/fpu\libg_s.a(lib_a-vfscanf_i.o)
                              c:/freescale/kds_v3/toolchain/bin/../lib/gcc/arm-none-eabi/4.8.4/../../../../arm-none-eabi/lib/armv7e-m/fpu\libg_s.a(lib_a-svfscanf.o) (_scanf_chars)
c:/freescale/kds_v3/toolchain/bin/../lib/gcc/arm-none-eabi/4.8.4/../../../../arm-none-eabi/lib/armv7e-m/fpu\libg_s.a(lib_a-writer.o)
                              c:/freescale/kds_v3/toolchain/bin/../lib/gcc/arm-none-eabi/4.8.4/../../../../arm-none-eabi/lib/armv7e-m/fpu\libg_s.a(lib_a-stdio.o) (_write_r)
c:/freescale/kds_v3/toolchain/bin/../lib/gcc/arm-none-eabi/4.8.4/../../../../arm-none-eabi/lib/armv7e-m/fpu\libg_s.a(lib_a-closer.o)
                              c:/freescale/kds_v3/toolchain/bin/../lib/gcc/arm-none-eabi/4.8.4/../../../../arm-none-eabi/lib/armv7e-m/fpu\libg_s.a(lib_a-stdio.o) (_close_r)
c:/freescale/kds_v3/toolchain/bin/../lib/gcc/arm-none-eabi/4.8.4/../../../../arm-none-eabi/lib/armv7e-m/fpu\libg_s.a(lib_a-ctype_.o)
                              c:/freescale/kds_v3/toolchain/bin/../lib/gcc/arm-none-eabi/4.8.4/../../../../arm-none-eabi/lib/armv7e-m/fpu\libg_s.a(lib_a-svfscanf.o) (__ctype_ptr__)
c:/freescale/kds_v3/toolchain/bin/../lib/gcc/arm-none-eabi/4.8.4/../../../../arm-none-eabi/lib/armv7e-m/fpu\libg_s.a(lib_a-fflush.o)
                              c:/freescale/kds_v3/toolchain/bin/../lib/gcc/arm-none-eabi/4.8.4/../../../../arm-none-eabi/lib/armv7e-m/fpu\libg_s.a(lib_a-ungetc.o) (_fflush_r)
c:/freescale/kds_v3/toolchain/bin/../lib/gcc/arm-none-eabi/4.8.4/../../../../arm-none-eabi/lib/armv7e-m/fpu\libg_s.a(lib_a-findfp.o)
                              c:/freescale/kds_v3/toolchain/bin/../lib/gcc/arm-none-eabi/4.8.4/../../../../arm-none-eabi/lib/armv7e-m/fpu\libg_s.a(lib_a-ungetc.o) (__sinit)
c:/freescale/kds_v3/toolchain/bin/../lib/gcc/arm-none-eabi/4.8.4/../../../../arm-none-eabi/lib/armv7e-m/fpu\libg_s.a(lib_a-fwalk.o)
[...]
Memory Configuration

Name             Origin             Length             Attributes
m_interrupts     0x00000000         0x00000198         xr
m_text           0x00000410         0x0007fbf0         xr
m_data           0x1fff0000         0x00010000         rw
m_data_20000000  0x20000000         0x00010000         rw
m_cfmprotrom     0x00000400         0x00000010         xr
*default*        0x00000000         0xffffffff

Linker script and memory map

LOAD c:/freescale/kds_v3/toolchain/bin/../lib/gcc/arm-none-eabi/4.8.4/armv7e-m/fpu/crti.o
LOAD c:/freescale/kds_v3/toolchain/bin/../lib/gcc/arm-none-eabi/4.8.4/armv7e-m/fpu/crtbegin.o
LOAD c:/freescale/kds_v3/toolchain/bin/../lib/gcc/arm-none-eabi/4.8.4/../../../../arm-none-eabi/lib/armv7e-m/fpu/crt0.o
LOAD ./Static_Code/System/CPU_Init.o
LOAD ./Static_Code/System/Peripherals_Init.o
LOAD ./Static_Code/System/Vectors.o
LOAD ./Sources/Events.o
LOAD ./Sources/main.o
LOAD ./Project_Settings/Startup_Code/startup.o
LOAD ./Generated_Code/ASerialLdd1.o
LOAD ./Generated_Code/Blue.o
LOAD ./Generated_Code/Cpu.o
LOAD ./Generated_Code/Green.o
LOAD ./Generated_Code/Inhr1.o
LOAD ./Generated_Code/PE_LDD.o
LOAD ./Generated_Code/Pins1.o
LOAD ./Generated_Code/PwmLdd1.o
LOAD ./Generated_Code/PwmLdd2.o
LOAD ./Generated_Code/PwmLdd3.o
LOAD ./Generated_Code/Red.o
LOAD ./Generated_Code/TU1.o
LOAD ./Generated_Code/Term1.o
LOAD c:/freescale/kds_v3/toolchain/bin/../lib/gcc/arm-none-eabi/4.8.4/../../../../arm-none-eabi/lib/armv7e-m/fpu\libstdc++_s.a
LOAD c:/freescale/kds_v3/toolchain/bin/../lib/gcc/arm-none-eabi/4.8.4/../../../../arm-none-eabi/lib/armv7e-m/fpu\libm.a
START GROUP
LOAD c:/freescale/kds_v3/toolchain/bin/../lib/gcc/arm-none-eabi/4.8.4/armv7e-m/fpu\libgcc.a
LOAD c:/freescale/kds_v3/toolchain/bin/../lib/gcc/arm-none-eabi/4.8.4/../../../../arm-none-eabi/lib/armv7e-m/fpu\libg_s.a
LOAD c:/freescale/kds_v3/toolchain/bin/../lib/gcc/arm-none-eabi/4.8.4/../../../../arm-none-eabi/lib/armv7e-m/fpu\libc_s.a
END GROUP
START GROUP
LOAD c:/freescale/kds_v3/toolchain/bin/../lib/gcc/arm-none-eabi/4.8.4/armv7e-m/fpu\libgcc.a
LOAD c:/freescale/kds_v3/toolchain/bin/../lib/gcc/arm-none-eabi/4.8.4/../../../../arm-none-eabi/lib/armv7e-m/fpu\libc_s.a
LOAD c:/freescale/kds_v3/toolchain/bin/../lib/gcc/arm-none-eabi/4.8.4/../../../../arm-none-eabi/lib/armv7e-m/fpu\libnosys.a
END GROUP
START GROUP
LOAD c:/freescale/kds_v3/toolchain/bin/../lib/gcc/arm-none-eabi/4.8.4/armv7e-m/fpu\libgcc.a
LOAD c:/freescale/kds_v3/toolchain/bin/../lib/gcc/arm-none-eabi/4.8.4/../../../../arm-none-eabi/lib/armv7e-m/fpu\libc_s.a
LOAD c:/freescale/kds_v3/toolchain/bin/../lib/gcc/arm-none-eabi/4.8.4/../../../../arm-none-eabi/lib/armv7e-m/fpu\libnosys.a
END GROUP
LOAD c:/freescale/kds_v3/toolchain/bin/../lib/gcc/arm-none-eabi/4.8.4/armv7e-m/fpu/crtend.o
LOAD c:/freescale/kds_v3/toolchain/bin/../lib/gcc/arm-none-eabi/4.8.4/armv7e-m/fpu/crtn.o
                0x20000000                _estack = 0x20000000
                0x20000000                __SP_INIT = _estack
                0x20000000                __stack = _estack
                0x00000000                __heap_size = 0x0
                0x00000400                __stack_size = 0x400

.interrupts     0x00000000      0x198
                0x00000000                __vector_table = .
                0x00000000                . = ALIGN (0x4)
 *(.vectortable)
 .vectortable   0x00000000      0x198 ./Static_Code/System/Vectors.o
                0x00000000                __vect_table
                0x00000198                . = ALIGN (0x4)

.cfmprotect     0x00000400       0x10
                0x00000400                . = ALIGN (0x4)
 *(.cfmconfig)
 .cfmconfig     0x00000400       0x10 ./Static_Code/System/CPU_Init.o
                0x00000400                _cfm
                0x00000410                . = ALIGN (0x4)

.text           0x00000410     0x30a8
                0x00000410                . = ALIGN (0x4)
 *(.text)
 .text          0x00000410       0x54 c:/freescale/kds_v3/toolchain/bin/../lib/gcc/arm-none-eabi/4.8.4/armv7e-m/fpu/crtbegin.o
 .text          0x00000464       0x74 c:/freescale/kds_v3/toolchain/bin/../lib/gcc/arm-none-eabi/4.8.4/../../../../arm-none-eabi/lib/armv7e-m/fpu/crt0.o
                0x00000464                _start
                0x00000464                _mainCRTStartup
 .text          0x000004d8       0x14 c:/freescale/kds_v3/toolchain/bin/../lib/gcc/arm-none-eabi/4.8.4/../../../../arm-none-eabi/lib/armv7e-m/fpu\libg_s.a(lib_a-strcmp.o)
                0x000004d8                strcmp
 *(.text*)
 .text.CPU_SetBASEPRI
                0x000004ec       0x18 ./Static_Code/System/CPU_Init.o
                0x000004ec                CPU_SetBASEPRI
 .text.__init_hardware
                0x00000504       0xb4 ./Static_Code/System/CPU_Init.o
                0x00000504                __init_hardware
 .text.PE_low_level_init
                0x000005b8       0x44 ./Static_Code/System/CPU_Init.o
                0x000005b8                PE_low_level_init
 .text.CPU_GetClockGenMode
                0x000005fc       0x90 ./Static_Code/System/CPU_Init.o
                0x000005fc                CPU_GetClockGenMode
 .text.CPU_SetClockConfigGenMode
                0x0000068c      0x54c ./Static_Code/System/CPU_Init.o
                0x0000068c                CPU_SetClockConfigGenMode
 .text.UnhandledInterrupt
                0x00000bd8       0x18 ./Static_Code/System/Vectors.o
                0x00000bd8                UnhandledInterrupt
 .text.Cpu_OnNMI
                0x00000bf0        0xc ./Sources/Events.o
                0x00000bf0                Cpu_OnNMI
 .text.Inhr1_OnRxChar
                0x00000bfc       0xb4 ./Sources/Events.o
                0x00000bfc                Inhr1_OnRxChar
 .text.drawGUI  0x00000cb0      0x21c ./Sources/main.o
                0x00000cb0                drawGUI
 .text.write_colour_val
                0x00000ecc       0xa0 ./Sources/main.o
                0x00000ecc                write_colour_val
 .text.main     0x00000f6c      0x1d8 ./Sources/main.o
                0x00000f6c                main
 .text.__copy_rom_section
                0x00001144       0xe4 ./Project_Settings/Startup_Code/startup.o
                0x00001144                __copy_rom_section
 .text.__copy_rom_sections_to_ram
                0x00001228       0x9c ./Project_Settings/Startup_Code/startup.o
                0x00001228                __copy_rom_sections_to_ram
 .text.__init_registers
                0x000012c4       0x20 ./Project_Settings/Startup_Code/startup.o
                0x000012c4                __init_registers
 .text.__init_user
                0x000012e4        0xc ./Project_Settings/Startup_Code/startup.o
                0x000012e4                __init_user
 .text.__thumb_startup
                0x000012f0       0x34 ./Project_Settings/Startup_Code/startup.o
                0x000012f0                __thumb_startup
 .text.ASerialLdd1_Init
                0x00001324      0x1d8 ./Generated_Code/ASerialLdd1.o
                0x00001324                ASerialLdd1_Init
 .text.ASerialLdd1_ReceiveBlock
                0x000014fc       0x90 ./Generated_Code/ASerialLdd1.o
                0x000014fc                ASerialLdd1_ReceiveBlock
 .text.ASerialLdd1_SendBlock
                0x0000158c       0xbc ./Generated_Code/ASerialLdd1.o
                0x0000158c                ASerialLdd1_SendBlock
 .text.InterruptRx
                0x00001648       0x58 ./Generated_Code/ASerialLdd1.o
 .text.InterruptTx
                0x000016a0       0x80 ./Generated_Code/ASerialLdd1.o
 .text.ASerialLdd1_Interrupt
                0x00001720       0xf4 ./Generated_Code/ASerialLdd1.o
                0x00001720                ASerialLdd1_Interrupt
 .text.ASerialLdd1_GetError
                0x00001814       0x70 ./Generated_Code/ASerialLdd1.o
                0x00001814                ASerialLdd1_GetError
 .text.Components_Init
                0x00001884       0x1c ./Generated_Code/Cpu.o
                0x00001884                Components_Init
 .text.Cpu_INT_NMIInterrupt
                0x000018a0       0x1c ./Generated_Code/Cpu.o
                0x000018a0                Cpu_INT_NMIInterrupt
 .text.HWEnDi   0x000018bc       0x1c ./Generated_Code/Inhr1.o
 .text.Inhr1_RecvChar
                0x000018d8       0xd8 ./Generated_Code/Inhr1.o
                0x000018d8                Inhr1_RecvChar
 .text.Inhr1_SendChar
                0x000019b0       0xdc ./Generated_Code/Inhr1.o
                0x000019b0                Inhr1_SendChar
 .text.Inhr1_Init
                0x00001a8c       0x60 ./Generated_Code/Inhr1.o
                0x00001a8c                Inhr1_Init
 .text.ASerialLdd1_OnBlockReceived
                0x00001aec       0x90 ./Generated_Code/Inhr1.o
                0x00001aec                ASerialLdd1_OnBlockReceived
 .text.ASerialLdd1_OnBlockSent
                0x00001b7c       0x88 ./Generated_Code/Inhr1.o
                0x00001b7c                ASerialLdd1_OnBlockSent
 .text.ASerialLdd1_OnError
                0x00001c04       0x98 ./Generated_Code/Inhr1.o
                0x00001c04                ASerialLdd1_OnError
 .text.ASerialLdd1_OnBreak
                0x00001c9c       0x24 ./Generated_Code/Inhr1.o
                0x00001c9c                ASerialLdd1_OnBreak
 .text.PwmLdd1_Init
                0x00001cc0       0x54 ./Generated_Code/PwmLdd1.o
                0x00001cc0                PwmLdd1_Init
 .text.PwmLdd1_SetRatio8
                0x00001d14       0x2c ./Generated_Code/PwmLdd1.o
                0x00001d14                PwmLdd1_SetRatio8
 .text.SetRatio
                0x00001d40       0x54 ./Generated_Code/PwmLdd1.o
 .text.PwmLdd2_Init
                0x00001d94       0x54 ./Generated_Code/PwmLdd2.o
                0x00001d94                PwmLdd2_Init
 .text.PwmLdd2_SetRatio8
                0x00001de8       0x2c ./Generated_Code/PwmLdd2.o
                0x00001de8                PwmLdd2_SetRatio8
 .text.SetRatio
                0x00001e14       0x54 ./Generated_Code/PwmLdd2.o
 .text.PwmLdd3_Init
                0x00001e68       0x54 ./Generated_Code/PwmLdd3.o
                0x00001e68                PwmLdd3_Init
 .text.PwmLdd3_SetRatio8
                0x00001ebc       0x2c ./Generated_Code/PwmLdd3.o
                0x00001ebc                PwmLdd3_SetRatio8
 .text.SetRatio
                0x00001ee8       0x54 ./Generated_Code/PwmLdd3.o
 .text.TU1_Init
                0x00001f3c      0x150 ./Generated_Code/TU1.o
                0x00001f3c                TU1_Init
 .text.TU1_GetPeriodTicks
                0x0000208c       0x30 ./Generated_Code/TU1.o
                0x0000208c                TU1_GetPeriodTicks
 .text.TU1_SetOffsetTicks
                0x000020bc       0x54 ./Generated_Code/TU1.o
                0x000020bc                TU1_SetOffsetTicks
 .text.Term1_SendChar
                0x00002110       0x20 ./Generated_Code/Term1.o
                0x00002110                Term1_SendChar
 .text.SendESCPrefix
                0x00002130       0x24 ./Generated_Code/Term1.o
 .text.Term1_SendStr
                0x00002154       0x34 ./Generated_Code/Term1.o
                0x00002154                Term1_SendStr
 .text.LongToStr
                0x00002188       0xf4 ./Generated_Code/Term1.o
 .text.Term1_SendNum
                0x0000227c       0x54 ./Generated_Code/Term1.o
                0x0000227c                Term1_SendNum
 .text.Term1_MoveTo
                0x000022d0       0x44 ./Generated_Code/Term1.o
                0x000022d0                Term1_MoveTo
 .text.Term1_SetColor
                0x00002314       0x64 ./Generated_Code/Term1.o
                0x00002314                Term1_SetColor
 .text.exit     0x00002378       0x28 c:/freescale/kds_v3/toolchain/bin/../lib/gcc/arm-none-eabi/4.8.4/../../../../arm-none-eabi/lib/armv7e-m/fpu\libg_s.a(lib_a-exit.o)
                0x00002378                exit
 .text.__libc_init_array
                0x000023a0       0x4c c:/freescale/kds_v3/toolchain/bin/../lib/gcc/arm-none-eabi/4.8.4/../../../../arm-none-eabi/lib/armv7e-m/fpu\libg_s.a(lib_a-init.o)
                0x000023a0                __libc_init_array
 .text.memset   0x000023ec       0x10 c:/freescale/kds_v3/toolchain/bin/../lib/gcc/arm-none-eabi/4.8.4/../../../../arm-none-eabi/lib/armv7e-m/fpu\libg_s.a(lib_a-memset.o)
                0x000023ec                memset
 .text.sscanf   0x000023fc       0x54 c:/freescale/kds_v3/toolchain/bin/../lib/gcc/arm-none-eabi/4.8.4/../../../../arm-none-eabi/lib/armv7e-m/fpu\libg_s.a(lib_a-sscanf.o)
                0x000023fc                siscanf
                0x000023fc                sscanf
 .text.__seofread
                0x00002450        0x4 c:/freescale/kds_v3/toolchain/bin/../lib/gcc/arm-none-eabi/4.8.4/../../../../arm-none-eabi/lib/armv7e-m/fpu\libg_s.a(lib_a-stdio.o)
                0x00002450                __seofread
 .text.strlen   0x00002454       0x10 c:/freescale/kds_v3/toolchain/bin/../lib/gcc/arm-none-eabi/4.8.4/../../../../arm-none-eabi/lib/armv7e-m/fpu\libg_s.a(lib_a-strlen.o)
                0x00002454                strlen
 .text._sungetc_r
                0x00002464       0x7a c:/freescale/kds_v3/toolchain/bin/../lib/gcc/arm-none-eabi/4.8.4/../../../../arm-none-eabi/lib/armv7e-m/fpu\libg_s.a(lib_a-svfscanf.o)
                0x00002464                _sungetc_r
 .text.__ssrefill_r
                0x000024de       0x3a c:/freescale/kds_v3/toolchain/bin/../lib/gcc/arm-none-eabi/4.8.4/../../../../arm-none-eabi/lib/armv7e-m/fpu\libg_s.a(lib_a-svfscanf.o)
                0x000024de                __ssrefill_r
 .text.__ssvfscanf_r
                0x00002518      0x29c c:/freescale/kds_v3/toolchain/bin/../lib/gcc/arm-none-eabi/4.8.4/../../../../arm-none-eabi/lib/armv7e-m/fpu\libg_s.a(lib_a-svfscanf.o)
                0x00002518                __ssvfiscanf_r
                0x00002518                __ssvfscanf_r
 .text.__submore
                0x000027b4       0x76 c:/freescale/kds_v3/toolchain/bin/../lib/gcc/arm-none-eabi/4.8.4/../../../../arm-none-eabi/lib/armv7e-m/fpu\libg_s.a(lib_a-ungetc.o)
                0x000027b4                __submore
 *fill*         0x0000282a        0x2 
 .text._scanf_chars
                0x0000282c       0xc0 c:/freescale/kds_v3/toolchain/bin/../lib/gcc/arm-none-eabi/4.8.4/../../../../arm-none-eabi/lib/armv7e-m/fpu\libg_s.a(lib_a-vfscanf_i.o)
                0x0000282c                _scanf_chars
 .text._scanf_i
                0x000028ec      0x1ec c:/freescale/kds_v3/toolchain/bin/../lib/gcc/arm-none-eabi/4.8.4/../../../../arm-none-eabi/lib/armv7e-m/fpu\libg_s.a(lib_a-vfscanf_i.o)
                0x000028ec                _scanf_i
 .text.memchr   0x00002ad8       0x1e c:/freescale/kds_v3/toolchain/bin/../lib/gcc/arm-none-eabi/4.8.4/../../../../arm-none-eabi/lib/armv7e-m/fpu\libg_s.a(lib_a-memchr-stub.o)
                0x00002ad8                memchr
 .text.memcpy   0x00002af6       0x12 c:/freescale/kds_v3/toolchain/bin/../lib/gcc/arm-none-eabi/4.8.4/../../../../arm-none-eabi/lib/armv7e-m/fpu\libg_s.a(lib_a-memcpy-stub.o)
                0x00002af6                memcpy
 .text._free_r  0x00002b08       0x88 c:/freescale/kds_v3/toolchain/bin/../lib/gcc/arm-none-eabi/4.8.4/../../../../arm-none-eabi/lib/armv7e-m/fpu\libg_s.a(lib_a-nano-freer.o)
                0x00002b08                _free_r
 .text._malloc_r
                0x00002b90       0xa8 c:/freescale/kds_v3/toolchain/bin/../lib/gcc/arm-none-eabi/4.8.4/../../../../arm-none-eabi/lib/armv7e-m/fpu\libg_s.a(lib_a-nano-mallocr.o)
                0x00002b90                _malloc_r
 .text._realloc_r
                0x00002c38       0x4c c:/freescale/kds_v3/toolchain/bin/../lib/gcc/arm-none-eabi/4.8.4/../../../../arm-none-eabi/lib/armv7e-m/fpu\libg_s.a(lib_a-nano-reallocr.o)
                0x00002c38                _realloc_r
 .text._sbrk_r  0x00002c84       0x20 c:/freescale/kds_v3/toolchain/bin/../lib/gcc/arm-none-eabi/4.8.4/../../../../arm-none-eabi/lib/armv7e-m/fpu\libg_s.a(lib_a-sbrkr.o)
                0x00002c84                _sbrk_r
 .text.__sccl   0x00002ca4       0x64 c:/freescale/kds_v3/toolchain/bin/../lib/gcc/arm-none-eabi/4.8.4/../../../../arm-none-eabi/lib/armv7e-m/fpu\libg_s.a(lib_a-sccl.o)
                0x00002ca4                __sccl
 .text._strtol_r
                0x00002d08      0x104 c:/freescale/kds_v3/toolchain/bin/../lib/gcc/arm-none-eabi/4.8.4/../../../../arm-none-eabi/lib/armv7e-m/fpu\libg_s.a(lib_a-strtol.o)
                0x00002d08                _strtol_r
 .text._strtoul_r
                0x00002e0c       0xf0 c:/freescale/kds_v3/toolchain/bin/../lib/gcc/arm-none-eabi/4.8.4/../../../../arm-none-eabi/lib/armv7e-m/fpu\libg_s.a(lib_a-strtoul.o)
                0x00002e0c                _strtoul_r
 .text._malloc_usable_size_r
                0x00002efc       0x12 c:/freescale/kds_v3/toolchain/bin/../lib/gcc/arm-none-eabi/4.8.4/../../../../arm-none-eabi/lib/armv7e-m/fpu\libg_s.a(lib_a-nano-msizer.o)
                0x00002efc                _malloc_usable_size_r
 *fill*         0x00002f0e        0x2 
 .text._sbrk    0x00002f10       0x34 c:/freescale/kds_v3/toolchain/bin/../lib/gcc/arm-none-eabi/4.8.4/../../../../arm-none-eabi/lib/armv7e-m/fpu\libnosys.a(sbrk.o)
                0x00002f10                _sbrk
 .text._exit    0x00002f44        0x4 c:/freescale/kds_v3/toolchain/bin/../lib/gcc/arm-none-eabi/4.8.4/../../../../arm-none-eabi/lib/armv7e-m/fpu\libnosys.a(_exit.o)
                0x00002f44                _exit
 *(.rodata)
 .rodata        0x00002f48      0x2c0 ./Sources/main.o
 .rodata        0x00003208        0xc c:/freescale/kds_v3/toolchain/bin/../lib/gcc/arm-none-eabi/4.8.4/../../../../arm-none-eabi/lib/armv7e-m/fpu\libg_s.a(lib_a-vfscanf_i.o)
 *(.rodata*)
 .rodata.ClockGenModeMatrix
                0x00003214       0x80 ./Static_Code/System/CPU_Init.o
 .rodata.CPU_ClockConfigDescriptors
                0x00003294       0x1c ./Static_Code/System/CPU_Init.o
 .rodata.CPU_DefaultFEI
                0x000032b0        0x8 ./Static_Code/System/CPU_Init.o
 .rodata.CPU_DefaultFBI
                0x000032b8        0x8 ./Static_Code/System/CPU_Init.o
 .rodata.CPU_DefaultBLPI
                0x000032c0        0x8 ./Static_Code/System/CPU_Init.o
 .rodata.CPU_DefaultFEE
                0x000032c8        0x8 ./Static_Code/System/CPU_Init.o
 .rodata.CPU_DefaultFBE
                0x000032d0        0x8 ./Static_Code/System/CPU_Init.o
 .rodata.CPU_DefaultBLPE
                0x000032d8        0x8 ./Static_Code/System/CPU_Init.o
 .rodata.CPU_DefaultPBE
                0x000032e0        0x8 ./Static_Code/System/CPU_Init.o
 .rodata.CPU_DefaultPEE
                0x000032e8        0x8 ./Static_Code/System/CPU_Init.o
 .rodata.CPU_ClockGenModeRegs
                0x000032f0       0x20 ./Static_Code/System/CPU_Init.o
 .rodata.ChannelDevice
                0x00003310        0x4 ./Generated_Code/TU1.o
 .rodata.ChannelMode
                0x00003314        0x4 ./Generated_Code/TU1.o
 .rodata.str1.1
                0x00003318        0x2 c:/freescale/kds_v3/toolchain/bin/../lib/gcc/arm-none-eabi/4.8.4/../../../../arm-none-eabi/lib/armv7e-m/fpu\libg_s.a(lib_a-impure.o)
 *fill*         0x0000331a        0x2 
 .rodata._global_impure_ptr
                0x0000331c        0x4 c:/freescale/kds_v3/toolchain/bin/../lib/gcc/arm-none-eabi/4.8.4/../../../../arm-none-eabi/lib/armv7e-m/fpu\libg_s.a(lib_a-impure.o)
                0x0000331c                _global_impure_ptr
 .rodata.str1.1
                0x00003320        0x4 c:/freescale/kds_v3/toolchain/bin/../lib/gcc/arm-none-eabi/4.8.4/../../../../arm-none-eabi/lib/armv7e-m/fpu\libg_s.a(lib_a-svfscanf.o)
 .rodata.str1.1
                0x00003324       0x1b c:/freescale/kds_v3/toolchain/bin/../lib/gcc/arm-none-eabi/4.8.4/../../../../arm-none-eabi/lib/armv7e-m/fpu\libg_s.a(lib_a-vfscanf_i.o)
 .rodata._ctype_
                0x0000333f      0x101 c:/freescale/kds_v3/toolchain/bin/../lib/gcc/arm-none-eabi/4.8.4/../../../../arm-none-eabi/lib/armv7e-m/fpu\libg_s.a(lib_a-ctype_.o)
                0x0000333f                _ctype_
 .rodata.__sf_fake_stdin
                0x00003440       0x20 c:/freescale/kds_v3/toolchain/bin/../lib/gcc/arm-none-eabi/4.8.4/../../../../arm-none-eabi/lib/armv7e-m/fpu\libg_s.a(lib_a-findfp.o)
                0x00003440                __sf_fake_stdin
 .rodata.__sf_fake_stdout
                0x00003460       0x20 c:/freescale/kds_v3/toolchain/bin/../lib/gcc/arm-none-eabi/4.8.4/../../../../arm-none-eabi/lib/armv7e-m/fpu\libg_s.a(lib_a-findfp.o)
                0x00003460                __sf_fake_stdout
 .rodata.__sf_fake_stderr
                0x00003480       0x20 c:/freescale/kds_v3/toolchain/bin/../lib/gcc/arm-none-eabi/4.8.4/../../../../arm-none-eabi/lib/armv7e-m/fpu\libg_s.a(lib_a-findfp.o)
                0x00003480                __sf_fake_stderr
 *(.glue_7)
 .glue_7        0x00000000        0x0 linker stubs
 *(.glue_7t)
 .glue_7t       0x00000000        0x0 linker stubs
 *(.eh_frame)
 .eh_frame      0x000034a0        0x0 c:/freescale/kds_v3/toolchain/bin/../lib/gcc/arm-none-eabi/4.8.4/armv7e-m/fpu/crtbegin.o
 *(.init)
 .init          0x000034a0        0x4 c:/freescale/kds_v3/toolchain/bin/../lib/gcc/arm-none-eabi/4.8.4/armv7e-m/fpu/crti.o
                0x000034a0                _init
 .init          0x000034a4        0x8 c:/freescale/kds_v3/toolchain/bin/../lib/gcc/arm-none-eabi/4.8.4/armv7e-m/fpu/crtn.o
 *(.fini)
 .fini          0x000034ac        0x4 c:/freescale/kds_v3/toolchain/bin/../lib/gcc/arm-none-eabi/4.8.4/armv7e-m/fpu/crti.o
                0x000034ac                _fini
 .fini          0x000034b0        0x8 c:/freescale/kds_v3/toolchain/bin/../lib/gcc/arm-none-eabi/4.8.4/armv7e-m/fpu/crtn.o
                0x000034b8                . = ALIGN (0x4)
                0x000034b8                _etext = .

.vfp11_veneer   0x000034b8        0x0
 .vfp11_veneer  0x00000000        0x0 linker stubs

.v4_bx          0x000034b8        0x0
 .v4_bx         0x00000000        0x0 linker stubs

.iplt           0x000034b8        0x0
 .iplt          0x00000000        0x0 c:/freescale/kds_v3/toolchain/bin/../lib/gcc/arm-none-eabi/4.8.4/armv7e-m/fpu/crtbegin.o

.ARM.extab
 *(.ARM.extab* .gnu.linkonce.armextab.*)

.ARM            0x000034b8        0x8
                0x000034b8                __exidx_start = .
 *(.ARM.exidx*)
 .ARM.exidx     0x000034b8        0x8 c:/freescale/kds_v3/toolchain/bin/../lib/gcc/arm-none-eabi/4.8.4/../../../../arm-none-eabi/lib/armv7e-m/fpu/crt0.o
                0x000034c0                __exidx_end = .

.rel.dyn        0x000034c0        0x0
 .rel.iplt      0x00000000        0x0 c:/freescale/kds_v3/toolchain/bin/../lib/gcc/arm-none-eabi/4.8.4/armv7e-m/fpu/crtbegin.o

.ctors          0x000034c0        0x0
                0x000034c0                __CTOR_LIST__ = .
 *crtbegin.o(.ctors)
 *(EXCLUDE_FILE(*crtend.o) .ctors)
 *(SORT(.ctors.*))
 *(.ctors)
                0x000034c0                __CTOR_END__ = .

.dtors          0x000034c0        0x0
                0x000034c0                __DTOR_LIST__ = .
 *crtbegin.o(.dtors)
 *(EXCLUDE_FILE(*crtend.o) .dtors)
 *(SORT(.dtors.*))
 *(.dtors)
                0x000034c0                __DTOR_END__ = .

.preinit_array  0x000034c0        0x0
                0x000034c0                PROVIDE (__preinit_array_start, .)
 *(.preinit_array*)
                0x000034c0                PROVIDE (__preinit_array_end, .)

.init_array     0x000034c0        0x4
                0x000034c0                PROVIDE (__init_array_start, .)
 *(SORT(.init_array.*))
 *(.init_array*)
 .init_array    0x000034c0        0x4 c:/freescale/kds_v3/toolchain/bin/../lib/gcc/arm-none-eabi/4.8.4/armv7e-m/fpu/crtbegin.o
                0x000034c4                PROVIDE (__init_array_end, .)

.fini_array     0x000034c4        0x4
                0x000034c4                PROVIDE (__fini_array_start, .)
 *(SORT(.fini_array.*))
 *(.fini_array*)
 .fini_array    0x000034c4        0x4 c:/freescale/kds_v3/toolchain/bin/../lib/gcc/arm-none-eabi/4.8.4/armv7e-m/fpu/crtbegin.o
                0x000034c8                PROVIDE (__fini_array_end, .)
                0x000034c8                ___ROM_AT = .

.data           0x1fff0000       0x68 load address 0x000034c8
                0x1fff0000                . = ALIGN (0x4)
                0x1fff0000                _sdata = .
 *(.data)
 *(.data*)
 .data.impure_data
                0x1fff0000       0x60 c:/freescale/kds_v3/toolchain/bin/../lib/gcc/arm-none-eabi/4.8.4/../../../../arm-none-eabi/lib/armv7e-m/fpu\libg_s.a(lib_a-impure.o)
 .data._impure_ptr
                0x1fff0060        0x4 c:/freescale/kds_v3/toolchain/bin/../lib/gcc/arm-none-eabi/4.8.4/../../../../arm-none-eabi/lib/armv7e-m/fpu\libg_s.a(lib_a-impure.o)
                0x1fff0060                _impure_ptr
 .data.__ctype_ptr__
                0x1fff0064        0x4 c:/freescale/kds_v3/toolchain/bin/../lib/gcc/arm-none-eabi/4.8.4/../../../../arm-none-eabi/lib/armv7e-m/fpu\libg_s.a(lib_a-ctype_.o)
                0x1fff0064                __ctype_ptr__
                0x1fff0068                . = ALIGN (0x4)
                0x1fff0068                _edata = .
                0x00000068                ___data_size = (_edata - _sdata)
                0x00003530                ___m_data_20000000_ROMStart = (___ROM_AT + SIZEOF (.data))

.jcr            0x1fff0068        0x0 load address 0x00003530
 .jcr           0x1fff0068        0x0 c:/freescale/kds_v3/toolchain/bin/../lib/gcc/arm-none-eabi/4.8.4/armv7e-m/fpu/crtbegin.o

.igot.plt       0x1fff0068        0x0 load address 0x00003530
 .igot.plt      0x00000000        0x0 c:/freescale/kds_v3/toolchain/bin/../lib/gcc/arm-none-eabi/4.8.4/armv7e-m/fpu/crtbegin.o

.m_data_20000000
                0x20000000        0x0 load address 0x00003530
                0x20000000                . = ALIGN (0x4)
                0x20000000                ___m_data_20000000_RAMStart = .
 *(.m_data_20000000)
                0x20000000                ___m_data_20000000_RAMEnd = .
                0x20000000                . = ALIGN (0x4)
                0x00000000                ___m_data_20000000_ROMSize = (___m_data_20000000_RAMEnd - ___m_data_20000000_RAMStart)
                0x20000000                . = ALIGN (0x4)

.bss            0x1fff0068      0x2a4 load address 0x00003530
                0x1fff0068                __START_BSS = .
                0x1fff0068                PROVIDE (__bss_start__, __START_BSS)
 *(.bss)
 .bss           0x1fff0068       0x1c c:/freescale/kds_v3/toolchain/bin/../lib/gcc/arm-none-eabi/4.8.4/armv7e-m/fpu/crtbegin.o
 *(.bss*)
 .bss.SR_lock   0x1fff0084        0x1 ./Static_Code/System/CPU_Init.o
                0x1fff0084                SR_lock
 .bss.index     0x1fff0085        0x1 ./Sources/main.o
                0x1fff0085                index
 .bss.complete_command
                0x1fff0086        0x1 ./Sources/main.o
                0x1fff0086                complete_command
 *fill*         0x1fff0087        0x1 
 .bss.DeviceDataPrv__DEFAULT_RTOS_ALLOC
                0x1fff0088       0x20 ./Generated_Code/ASerialLdd1.o
 .bss.INT_UART1_RX_TX__DEFAULT_RTOS_ISRPARAM
                0x1fff00a8        0x4 ./Generated_Code/ASerialLdd1.o
 .bss.INT_UART1_ERR__DEFAULT_RTOS_ISRPARAM
                0x1fff00ac        0x4 ./Generated_Code/ASerialLdd1.o
 .bss.SerFlag   0x1fff00b0        0x2 ./Generated_Code/Inhr1.o
 .bss.Inhr1_InpLen
                0x1fff00b2        0x2 ./Generated_Code/Inhr1.o
 .bss.InpIndexR
                0x1fff00b4        0x2 ./Generated_Code/Inhr1.o
 .bss.InpIndexW
                0x1fff00b6        0x2 ./Generated_Code/Inhr1.o
 .bss.InpBuffer
                0x1fff00b8       0xc8 ./Generated_Code/Inhr1.o
 .bss.BufferRead
                0x1fff0180        0x1 ./Generated_Code/Inhr1.o
 *fill*         0x1fff0181        0x1 
 .bss.Inhr1_OutLen
                0x1fff0182        0x2 ./Generated_Code/Inhr1.o
 .bss.OutIndexR
                0x1fff0184        0x2 ./Generated_Code/Inhr1.o
 .bss.OutIndexW
                0x1fff0186        0x2 ./Generated_Code/Inhr1.o
 .bss.OutBuffer
                0x1fff0188       0xc8 ./Generated_Code/Inhr1.o
 .bss.PE_LDD_DeviceDataList
                0x1fff0250       0x14 ./Generated_Code/PE_LDD.o
                0x1fff0250                PE_LDD_DeviceDataList
 .bss.DeviceDataPrv__DEFAULT_RTOS_ALLOC
                0x1fff0264        0xc ./Generated_Code/PwmLdd1.o
 .bss.DeviceDataPrv__DEFAULT_RTOS_ALLOC
                0x1fff0270        0xc ./Generated_Code/PwmLdd2.o
 .bss.DeviceDataPrv__DEFAULT_RTOS_ALLOC
                0x1fff027c        0xc ./Generated_Code/PwmLdd3.o
 .bss.DeviceDataPrv__DEFAULT_RTOS_ALLOC
                0x1fff0288        0x8 ./Generated_Code/TU1.o
 .bss.__malloc_sbrk_start
                0x1fff0290        0x4 c:/freescale/kds_v3/toolchain/bin/../lib/gcc/arm-none-eabi/4.8.4/../../../../arm-none-eabi/lib/armv7e-m/fpu\libg_s.a(lib_a-nano-mallocr.o)
                0x1fff0290                __malloc_sbrk_start
 .bss.__malloc_free_list
                0x1fff0294        0x4 c:/freescale/kds_v3/toolchain/bin/../lib/gcc/arm-none-eabi/4.8.4/../../../../arm-none-eabi/lib/armv7e-m/fpu\libg_s.a(lib_a-nano-mallocr.o)
                0x1fff0294                __malloc_free_list
 .bss.heap_end.4246
                0x1fff0298        0x4 c:/freescale/kds_v3/toolchain/bin/../lib/gcc/arm-none-eabi/4.8.4/../../../../arm-none-eabi/lib/armv7e-m/fpu\libnosys.a(sbrk.o)
 *(COMMON)
 COMMON         0x1fff029c        0x1 ./Static_Code/System/CPU_Init.o
                0x1fff029c                SR_reg
 *fill*         0x1fff029d        0x3 
 COMMON         0x1fff02a0       0x64 ./Sources/main.o
                0x1fff02a0                buffer
 COMMON         0x1fff0304        0x4 ./Generated_Code/Inhr1.o
                0x1fff0304                ASerialLdd1_DeviceDataPtr
 COMMON         0x1fff0308        0x4 c:/freescale/kds_v3/toolchain/bin/../lib/gcc/arm-none-eabi/4.8.4/../../../../arm-none-eabi/lib/armv7e-m/fpu\libg_s.a(lib_a-reent.o)
                0x1fff0308                errno
                0x1fff030c                . = ALIGN (0x4)
                0x1fff030c                __END_BSS = .
                0x1fff030c                PROVIDE (__bss_end__, __END_BSS)
                0x00003530                _romp_at = ((___ROM_AT + SIZEOF (.data)) + SIZEOF (.m_data_20000000))

.romp           0x1fff030c       0x24 load address 0x00003530
                0x00003530                __S_romp = _romp_at
                0x1fff030c        0x4 LONG 0x34c8 ___ROM_AT
                0x1fff0310        0x4 LONG 0x1fff0000 _sdata
                0x1fff0314        0x4 LONG 0x68 ___data_size
                0x1fff0318        0x4 LONG 0x3530 ___m_data_20000000_ROMStart
                0x1fff031c        0x4 LONG 0x20000000 ___m_data_20000000_RAMStart
                0x1fff0320        0x4 LONG 0x0 ___m_data_20000000_ROMSize
                0x1fff0324        0x4 LONG 0x0
                0x1fff0328        0x4 LONG 0x0
                0x1fff032c        0x4 LONG 0x0
                0x00080000                text_end = (ORIGIN (m_text) + 0x7fbf0)
                0x00003554                data_init_end = ((___m_data_20000000_ROMStart + SIZEOF (.m_data_20000000)) + SIZEOF (.romp))
                0x00000001                ASSERT ((data_init_end <= text_end), region m_text overflowed with text and data)

._user_heap_stack
                0x1fff0330      0x400 load address 0x00003554
                0x1fff0330                . = ALIGN (0x4)
                0x1fff0330                PROVIDE (end, .)
                0x1fff0330                PROVIDE (_end, .)
                0x1fff0330                PROVIDE (__end__, .)
                0x1fff0330                __heap_addr = .
                0x1fff0330                __HeapBase = .
                0x1fff0330                . = (. + __heap_size)
                0x1fff0330                __HeapLimit = .
                0x1fff0730                . = (. + __stack_size)
 *fill*         0x1fff0330      0x400 
                0x1fff0730                . = ALIGN (0x4)

.ARM.attributes
                0x00000000       0x30
 *(.ARM.attributes)
 .ARM.attributes
                0x00000000       0x22 c:/freescale/kds_v3/toolchain/bin/../lib/gcc/arm-none-eabi/4.8.4/armv7e-m/fpu/crti.o
 .ARM.attributes
                0x00000022       0x34 c:/freescale/kds_v3/toolchain/bin/../lib/gcc/arm-none-eabi/4.8.4/armv7e-m/fpu/crtbegin.o
 .ARM.attributes
                0x00000056       0x20 c:/freescale/kds_v3/toolchain/bin/../lib/gcc/arm-none-eabi/4.8.4/../../../../arm-none-eabi/lib/armv7e-m/fpu/crt0.o
 .ARM.attributes
                0x00000076       0x39 ./Static_Code/System/CPU_Init.o
 .ARM.attributes
                0x000000af       0x39 ./Static_Code/System/Vectors.o
 .ARM.attributes
                0x000000e8       0x39 ./Sources/Events.o
 .ARM.attributes
                0x00000121       0x39 ./Sources/main.o
 .ARM.attributes
                0x0000015a       0x39 ./Project_Settings/Startup_Code/startup.o
 .ARM.attributes
                0x00000193       0x39 ./Generated_Code/ASerialLdd1.o
 .ARM.attributes
                0x000001cc       0x39 ./Generated_Code/Cpu.o
 .ARM.attributes
                0x00000205       0x39 ./Generated_Code/Inhr1.o
 .ARM.attributes
                0x0000023e       0x39 ./Generated_Code/PE_LDD.o
 .ARM.attributes
                0x00000277       0x39 ./Generated_Code/PwmLdd1.o
 .ARM.attributes
                0x000002b0       0x39 ./Generated_Code/PwmLdd2.o
 .ARM.attributes
                0x000002e9       0x39 ./Generated_Code/PwmLdd3.o
 .ARM.attributes
                0x00000322       0x39 ./Generated_Code/TU1.o
 .ARM.attributes
                0x0000035b       0x39 ./Generated_Code/Term1.o
 .ARM.attributes
                0x00000394       0x34 c:/freescale/kds_v3/toolchain/bin/../lib/gcc/arm-none-eabi/4.8.4/../../../../arm-none-eabi/lib/armv7e-m/fpu\libg_s.a(lib_a-exit.o)
 .ARM.attributes
                0x000003c8       0x34 c:/freescale/kds_v3/toolchain/bin/../lib/gcc/arm-none-eabi/4.8.4/../../../../arm-none-eabi/lib/armv7e-m/fpu\libg_s.a(lib_a-impure.o)
 .ARM.attributes
                0x000003fc       0x34 c:/freescale/kds_v3/toolchain/bin/../lib/gcc/arm-none-eabi/4.8.4/../../../../arm-none-eabi/lib/armv7e-m/fpu\libg_s.a(lib_a-init.o)
 .ARM.attributes
                0x00000430       0x34 c:/freescale/kds_v3/toolchain/bin/../lib/gcc/arm-none-eabi/4.8.4/../../../../arm-none-eabi/lib/armv7e-m/fpu\libg_s.a(lib_a-memset.o)
 .ARM.attributes
                0x00000464       0x34 c:/freescale/kds_v3/toolchain/bin/../lib/gcc/arm-none-eabi/4.8.4/../../../../arm-none-eabi/lib/armv7e-m/fpu\libg_s.a(lib_a-sscanf.o)
 .ARM.attributes
                0x00000498       0x34 c:/freescale/kds_v3/toolchain/bin/../lib/gcc/arm-none-eabi/4.8.4/../../../../arm-none-eabi/lib/armv7e-m/fpu\libg_s.a(lib_a-stdio.o)
 .ARM.attributes
                0x000004cc       0x20 c:/freescale/kds_v3/toolchain/bin/../lib/gcc/arm-none-eabi/4.8.4/../../../../arm-none-eabi/lib/armv7e-m/fpu\libg_s.a(lib_a-strcmp.o)
 .ARM.attributes
                0x000004ec       0x34 c:/freescale/kds_v3/toolchain/bin/../lib/gcc/arm-none-eabi/4.8.4/../../../../arm-none-eabi/lib/armv7e-m/fpu\libg_s.a(lib_a-strlen.o)
 .ARM.attributes
                0x00000520       0x34 c:/freescale/kds_v3/toolchain/bin/../lib/gcc/arm-none-eabi/4.8.4/../../../../arm-none-eabi/lib/armv7e-m/fpu\libg_s.a(lib_a-svfscanf.o)
 .ARM.attributes
                0x00000554       0x34 c:/freescale/kds_v3/toolchain/bin/../lib/gcc/arm-none-eabi/4.8.4/../../../../arm-none-eabi/lib/armv7e-m/fpu\libg_s.a(lib_a-ungetc.o)
 .ARM.attributes
                0x00000588       0x34 c:/freescale/kds_v3/toolchain/bin/../lib/gcc/arm-none-eabi/4.8.4/../../../../arm-none-eabi/lib/armv7e-m/fpu\libg_s.a(lib_a-vfscanf_i.o)
 .ARM.attributes
                0x000005bc       0x34 c:/freescale/kds_v3/toolchain/bin/../lib/gcc/arm-none-eabi/4.8.4/../../../../arm-none-eabi/lib/armv7e-m/fpu\libg_s.a(lib_a-ctype_.o)
 .ARM.attributes
                0x000005f0       0x34 c:/freescale/kds_v3/toolchain/bin/../lib/gcc/arm-none-eabi/4.8.4/../../../../arm-none-eabi/lib/armv7e-m/fpu\libg_s.a(lib_a-findfp.o)
 .ARM.attributes
                0x00000624       0x34 c:/freescale/kds_v3/toolchain/bin/../lib/gcc/arm-none-eabi/4.8.4/../../../../arm-none-eabi/lib/armv7e-m/fpu\libg_s.a(lib_a-memchr-stub.o)
 .ARM.attributes
                0x00000658       0x34 c:/freescale/kds_v3/toolchain/bin/../lib/gcc/arm-none-eabi/4.8.4/../../../../arm-none-eabi/lib/armv7e-m/fpu\libg_s.a(lib_a-memcpy-stub.o)
 .ARM.attributes
                0x0000068c       0x34 c:/freescale/kds_v3/toolchain/bin/../lib/gcc/arm-none-eabi/4.8.4/../../../../arm-none-eabi/lib/armv7e-m/fpu\libg_s.a(lib_a-nano-freer.o)
 .ARM.attributes
                0x000006c0       0x34 c:/freescale/kds_v3/toolchain/bin/../lib/gcc/arm-none-eabi/4.8.4/../../../../arm-none-eabi/lib/armv7e-m/fpu\libg_s.a(lib_a-nano-mallocr.o)
 .ARM.attributes
                0x000006f4       0x34 c:/freescale/kds_v3/toolchain/bin/../lib/gcc/arm-none-eabi/4.8.4/../../../../arm-none-eabi/lib/armv7e-m/fpu\libg_s.a(lib_a-nano-reallocr.o)
 .ARM.attributes
                0x00000728       0x34 c:/freescale/kds_v3/toolchain/bin/../lib/gcc/arm-none-eabi/4.8.4/../../../../arm-none-eabi/lib/armv7e-m/fpu\libg_s.a(lib_a-reent.o)
 .ARM.attributes
                0x0000075c       0x34 c:/freescale/kds_v3/toolchain/bin/../lib/gcc/arm-none-eabi/4.8.4/../../../../arm-none-eabi/lib/armv7e-m/fpu\libg_s.a(lib_a-sbrkr.o)
 .ARM.attributes
                0x00000790       0x34 c:/freescale/kds_v3/toolchain/bin/../lib/gcc/arm-none-eabi/4.8.4/../../../../arm-none-eabi/lib/armv7e-m/fpu\libg_s.a(lib_a-sccl.o)
 .ARM.attributes
                0x000007c4       0x34 c:/freescale/kds_v3/toolchain/bin/../lib/gcc/arm-none-eabi/4.8.4/../../../../arm-none-eabi/lib/armv7e-m/fpu\libg_s.a(lib_a-strtol.o)
 .ARM.attributes
                0x000007f8       0x34 c:/freescale/kds_v3/toolchain/bin/../lib/gcc/arm-none-eabi/4.8.4/../../../../arm-none-eabi/lib/armv7e-m/fpu\libg_s.a(lib_a-strtoul.o)
 .ARM.attributes
                0x0000082c       0x34 c:/freescale/kds_v3/toolchain/bin/../lib/gcc/arm-none-eabi/4.8.4/../../../../arm-none-eabi/lib/armv7e-m/fpu\libg_s.a(lib_a-nano-msizer.o)
 .ARM.attributes
                0x00000860       0x34 c:/freescale/kds_v3/toolchain/bin/../lib/gcc/arm-none-eabi/4.8.4/../../../../arm-none-eabi/lib/armv7e-m/fpu\libnosys.a(sbrk.o)
 .ARM.attributes
                0x00000894       0x34 c:/freescale/kds_v3/toolchain/bin/../lib/gcc/arm-none-eabi/4.8.4/../../../../arm-none-eabi/lib/armv7e-m/fpu\libnosys.a(_exit.o)
 .ARM.attributes
                0x000008c8       0x22 c:/freescale/kds_v3/toolchain/bin/../lib/gcc/arm-none-eabi/4.8.4/armv7e-m/fpu/crtn.o
OUTPUT(Lab7.elf elf32-littlearm)

.debug_info     0x00000000     0x3df7
 .debug_info    0x00000000      0xab8 ./Static_Code/System/CPU_Init.o
 .debug_info    0x00000ab8      0x826 ./Static_Code/System/Vectors.o
 .debug_info    0x000012de      0x10a ./Sources/Events.o
 .debug_info    0x000013e8      0x19e ./Sources/main.o
 .debug_info    0x00001586      0x3b0 ./Project_Settings/Startup_Code/startup.o
 .debug_info    0x00001936      0xa74 ./Generated_Code/ASerialLdd1.o
 .debug_info    0x000023aa       0xa7 ./Generated_Code/Cpu.o
 .debug_info    0x00002451      0x367 ./Generated_Code/Inhr1.o
 .debug_info    0x000027b8      0x251 ./Generated_Code/PE_LDD.o
 .debug_info    0x00002a09      0x333 ./Generated_Code/PwmLdd1.o
 .debug_info    0x00002d3c      0x333 ./Generated_Code/PwmLdd2.o
 .debug_info    0x0000306f      0x333 ./Generated_Code/PwmLdd3.o
 .debug_info    0x000033a2      0x766 ./Generated_Code/TU1.o
 .debug_info    0x00003b08      0x2ef ./Generated_Code/Term1.o

.debug_abbrev   0x00000000     0x10f5
 .debug_abbrev  0x00000000      0x1bf ./Static_Code/System/CPU_Init.o
 .debug_abbrev  0x000001bf       0xd8 ./Static_Code/System/Vectors.o
 .debug_abbrev  0x00000297       0xa5 ./Sources/Events.o
 .debug_abbrev  0x0000033c      0x107 ./Sources/main.o
 .debug_abbrev  0x00000443      0x189 ./Project_Settings/Startup_Code/startup.o
 .debug_abbrev  0x000005cc      0x1e8 ./Generated_Code/ASerialLdd1.o
 .debug_abbrev  0x000007b4       0x45 ./Generated_Code/Cpu.o
 .debug_abbrev  0x000007f9      0x18f ./Generated_Code/Inhr1.o
 .debug_abbrev  0x00000988      0x10d ./Generated_Code/PE_LDD.o
 .debug_abbrev  0x00000a95      0x122 ./Generated_Code/PwmLdd1.o
 .debug_abbrev  0x00000bb7      0x122 ./Generated_Code/PwmLdd2.o
 .debug_abbrev  0x00000cd9      0x122 ./Generated_Code/PwmLdd3.o
 .debug_abbrev  0x00000dfb      0x198 ./Generated_Code/TU1.o
 .debug_abbrev  0x00000f93      0x162 ./Generated_Code/Term1.o

.debug_aranges  0x00000000      0x6c0
 .debug_aranges
                0x00000000       0x40 ./Static_Code/System/CPU_Init.o
 .debug_aranges
                0x00000040      0x340 ./Static_Code/System/Vectors.o
 .debug_aranges
                0x00000380       0x28 ./Sources/Events.o
 .debug_aranges
                0x000003a8       0x30 ./Sources/main.o
 .debug_aranges
                0x000003d8       0x50 ./Project_Settings/Startup_Code/startup.o
 .debug_aranges
                0x00000428       0x50 ./Generated_Code/ASerialLdd1.o
 .debug_aranges
                0x00000478       0x28 ./Generated_Code/Cpu.o
 .debug_aranges
                0x000004a0       0x60 ./Generated_Code/Inhr1.o
 .debug_aranges
                0x00000500       0x30 ./Generated_Code/PE_LDD.o
 .debug_aranges
                0x00000530       0x48 ./Generated_Code/PwmLdd1.o
 .debug_aranges
                0x00000578       0x48 ./Generated_Code/PwmLdd2.o
 .debug_aranges
                0x000005c0       0x48 ./Generated_Code/PwmLdd3.o
 .debug_aranges
                0x00000608       0x48 ./Generated_Code/TU1.o
 .debug_aranges
                0x00000650       0x70 ./Generated_Code/Term1.o

.debug_ranges   0x00000000      0x5e0
 .debug_ranges  0x00000000       0x30 ./Static_Code/System/CPU_Init.o
 .debug_ranges  0x00000030      0x330 ./Static_Code/System/Vectors.o
 .debug_ranges  0x00000360       0x18 ./Sources/Events.o
 .debug_ranges  0x00000378       0x20 ./Sources/main.o
 .debug_ranges  0x00000398       0x40 ./Project_Settings/Startup_Code/startup.o
 .debug_ranges  0x000003d8       0x40 ./Generated_Code/ASerialLdd1.o
 .debug_ranges  0x00000418       0x18 ./Generated_Code/Cpu.o
 .debug_ranges  0x00000430       0x50 ./Generated_Code/Inhr1.o
 .debug_ranges  0x00000480       0x20 ./Generated_Code/PE_LDD.o
 .debug_ranges  0x000004a0       0x38 ./Generated_Code/PwmLdd1.o
 .debug_ranges  0x000004d8       0x38 ./Generated_Code/PwmLdd2.o
 .debug_ranges  0x00000510       0x38 ./Generated_Code/PwmLdd3.o
 .debug_ranges  0x00000548       0x38 ./Generated_Code/TU1.o
 .debug_ranges  0x00000580       0x60 ./Generated_Code/Term1.o

.debug_macro    0x00000000    0x247fe
 .debug_macro   0x00000000      0x1f4 ./Static_Code/System/CPU_Init.o
 .debug_macro   0x000001f4      0x850 ./Static_Code/System/CPU_Init.o
 .debug_macro   0x00000a44       0x16 ./Static_Code/System/CPU_Init.o
 .debug_macro   0x00000a5a       0x44 ./Static_Code/System/CPU_Init.o
 .debug_macro   0x00000a9e      0x209 ./Static_Code/System/CPU_Init.o
 .debug_macro   0x00000ca7     0x1791 ./Static_Code/System/CPU_Init.o
 .debug_macro   0x00002438     0xbca7 ./Static_Code/System/CPU_Init.o
 .debug_macro   0x0000e0df      0x4c6 ./Static_Code/System/CPU_Init.o
 .debug_macro   0x0000e5a5      0x14e ./Static_Code/System/CPU_Init.o
 .debug_macro   0x0000e6f3       0x6a ./Static_Code/System/CPU_Init.o
 .debug_macro   0x0000e75d       0x58 ./Static_Code/System/CPU_Init.o
 .debug_macro   0x0000e7b5       0x35 ./Static_Code/System/CPU_Init.o
 .debug_macro   0x0000e7ea       0xa3 ./Static_Code/System/CPU_Init.o
 .debug_macro   0x0000e88d       0x16 ./Static_Code/System/CPU_Init.o
 .debug_macro   0x0000e8a3       0x94 ./Static_Code/System/CPU_Init.o
 .debug_macro   0x0000e937      0x6a0 ./Static_Code/System/CPU_Init.o
 .debug_macro   0x0000efd7       0x82 ./Static_Code/System/CPU_Init.o
 .debug_macro   0x0000f059       0x3e ./Static_Code/System/CPU_Init.o
 .debug_macro   0x0000f097       0x2c ./Static_Code/System/CPU_Init.o
 .debug_macro   0x0000f0c3       0x44 ./Static_Code/System/CPU_Init.o
 .debug_macro   0x0000f107       0x2c ./Static_Code/System/CPU_Init.o
 .debug_macro   0x0000f133       0x3a ./Static_Code/System/CPU_Init.o
 .debug_macro   0x0000f16d       0x65 ./Static_Code/System/CPU_Init.o
 .debug_macro   0x0000f1d2       0x1f ./Static_Code/System/CPU_Init.o
 .debug_macro   0x0000f1f1       0x44 ./Static_Code/System/CPU_Init.o
 .debug_macro   0x0000f235       0x2c ./Static_Code/System/CPU_Init.o
 .debug_macro   0x0000f261      0x29c ./Static_Code/System/CPU_Init.o
 .debug_macro   0x0000f4fd      0x1e2 ./Static_Code/System/Vectors.o
 .debug_macro   0x0000f6df      0x308 ./Sources/Events.o
 .debug_macro   0x0000f9e7      0x61c ./Sources/Events.o
 .debug_macro   0x00010003      0x328 ./Sources/Events.o
 .debug_macro   0x0001032b      0x109 ./Sources/Events.o
 .debug_macro   0x00010434      0x17f ./Sources/Events.o
 .debug_macro   0x000105b3      0x202 ./Sources/Events.o
 .debug_macro   0x000107b5      0x91e ./Sources/Events.o
 .debug_macro   0x000110d3       0x9e ./Sources/Events.o
 .debug_macro   0x00011171      0x1f9 ./Sources/Events.o
 .debug_macro   0x0001136a      0x39c ./Sources/Events.o
 .debug_macro   0x00011706      0x132 ./Sources/Events.o
 .debug_macro   0x00011838      0x29c ./Sources/Events.o
 .debug_macro   0x00011ad4      0x264 ./Sources/Events.o
 .debug_macro   0x00011d38      0x25b ./Sources/Events.o
 .debug_macro   0x00011f93      0x399 ./Sources/Events.o
 .debug_macro   0x0001232c      0x4f1 ./Sources/Events.o
 .debug_macro   0x0001281d      0x13f ./Sources/Events.o
 .debug_macro   0x0001295c       0x6c ./Sources/Events.o
 .debug_macro   0x000129c8      0x30d ./Sources/Events.o
 .debug_macro   0x00012cd5       0xbb ./Sources/Events.o
 .debug_macro   0x00012d90       0xe9 ./Sources/Events.o
 .debug_macro   0x00012e79      0x4ea ./Sources/Events.o
 .debug_macro   0x00013363      0x18f ./Sources/Events.o
 .debug_macro   0x000134f2       0xea ./Sources/Events.o
 .debug_macro   0x000135dc      0x344 ./Sources/Events.o
 .debug_macro   0x00013920      0x824 ./Sources/Events.o
 .debug_macro   0x00014144      0x179 ./Sources/Events.o
 .debug_macro   0x000142bd      0x9e2 ./Sources/Events.o
 .debug_macro   0x00014c9f      0x129 ./Sources/Events.o
 .debug_macro   0x00014dc8      0x648 ./Sources/Events.o
 .debug_macro   0x00015410       0x81 ./Sources/Events.o
 .debug_macro   0x00015491      0x7bf ./Sources/Events.o
 .debug_macro   0x00015c50      0x66f ./Sources/Events.o
 .debug_macro   0x000162bf       0x7b ./Sources/Events.o
 .debug_macro   0x0001633a      0x182 ./Sources/Events.o
 .debug_macro   0x000164bc       0x22 ./Sources/Events.o
 .debug_macro   0x000164de      0x3c9 ./Sources/main.o
 .debug_macro   0x000168a7       0x1c ./Sources/main.o
 .debug_macro   0x000168c3       0x97 ./Sources/main.o
 .debug_macro   0x0001695a       0x10 ./Sources/main.o
 .debug_macro   0x0001696a       0xef ./Sources/main.o
 .debug_macro   0x00016a59       0x52 ./Sources/main.o
 .debug_macro   0x00016aab       0x16 ./Sources/main.o
 .debug_macro   0x00016ac1       0x43 ./Sources/main.o
 .debug_macro   0x00016b04      0x180 ./Sources/main.o
 .debug_macro   0x00016c84       0x10 ./Sources/main.o
 .debug_macro   0x00016c94       0x22 ./Sources/main.o
 .debug_macro   0x00016cb6       0xbd ./Sources/main.o
 .debug_macro   0x00016d73       0x16 ./Sources/main.o
 .debug_macro   0x00016d89      0x14a ./Sources/main.o
 .debug_macro   0x00016ed3      0x2a6 ./Sources/main.o
 .debug_macro   0x00017179       0x10 ./Sources/main.o
 .debug_macro   0x00017189       0x35 ./Sources/main.o
 .debug_macro   0x000171be      0x121 ./Project_Settings/Startup_Code/startup.o
 .debug_macro   0x000172df      0x166 ./Project_Settings/Startup_Code/startup.o
 .debug_macro   0x00017445       0x4a ./Project_Settings/Startup_Code/startup.o
 .debug_macro   0x0001748f       0x16 ./Project_Settings/Startup_Code/startup.o
 .debug_macro   0x000174a5       0x22 ./Project_Settings/Startup_Code/startup.o
 .debug_macro   0x000174c7       0x10 ./Project_Settings/Startup_Code/startup.o
 .debug_macro   0x000174d7      0x20f ./Project_Settings/Startup_Code/startup.o
 .debug_macro   0x000176e6     0xbc9b ./Project_Settings/Startup_Code/startup.o
 .debug_macro   0x00023381      0x113 ./Generated_Code/ASerialLdd1.o
 .debug_macro   0x00023494       0x5f ./Generated_Code/ASerialLdd1.o
 .debug_macro   0x000234f3       0x25 ./Generated_Code/ASerialLdd1.o
 .debug_macro   0x00023518      0x7b9 ./Generated_Code/ASerialLdd1.o
 .debug_macro   0x00023cd1      0x1d4 ./Generated_Code/Cpu.o
 .debug_macro   0x00023ea5      0x242 ./Generated_Code/Inhr1.o
 .debug_macro   0x000240e7      0x197 ./Generated_Code/PE_LDD.o
 .debug_macro   0x0002427e      0x112 ./Generated_Code/PwmLdd1.o
 .debug_macro   0x00024390      0x112 ./Generated_Code/PwmLdd2.o
 .debug_macro   0x000244a2      0x112 ./Generated_Code/PwmLdd3.o
 .debug_macro   0x000245b4      0x110 ./Generated_Code/TU1.o
 .debug_macro   0x000246c4      0x106 ./Generated_Code/Term1.o
 .debug_macro   0x000247ca       0x34 ./Generated_Code/Term1.o

.debug_line     0x00000000     0x450f
 .debug_line    0x00000000      0x54b ./Static_Code/System/CPU_Init.o
 .debug_line    0x0000054b      0xaea ./Static_Code/System/Vectors.o
 .debug_line    0x00001035      0x5a4 ./Sources/Events.o
 .debug_line    0x000015d9      0x701 ./Sources/main.o
 .debug_line    0x00001cda      0x3b8 ./Project_Settings/Startup_Code/startup.o
 .debug_line    0x00002092      0x433 ./Generated_Code/ASerialLdd1.o
 .debug_line    0x000024c5      0x42b ./Generated_Code/Cpu.o
 .debug_line    0x000028f0      0x55a ./Generated_Code/Inhr1.o
 .debug_line    0x00002e4a      0x3df ./Generated_Code/PE_LDD.o
 .debug_line    0x00003229      0x397 ./Generated_Code/PwmLdd1.o
 .debug_line    0x000035c0      0x397 ./Generated_Code/PwmLdd2.o
 .debug_line    0x00003957      0x397 ./Generated_Code/PwmLdd3.o
 .debug_line    0x00003cee      0x3bd ./Generated_Code/TU1.o
 .debug_line    0x000040ab      0x464 ./Generated_Code/Term1.o

.debug_str      0x00000000    0xbd35b
 .debug_str     0x00000000    0x575b4 ./Static_Code/System/CPU_Init.o
                              0x57764 (size before relaxing)
 .debug_str     0x000575b4      0x980 ./Static_Code/System/Vectors.o
                              0x57b85 (size before relaxing)
 .debug_str     0x00057f34    0x61b0b ./Sources/Events.o
                              0xb7f09 (size before relaxing)
 .debug_str     0x000b9a3f     0x2a7e ./Sources/main.o
                              0xba9c9 (size before relaxing)
 .debug_str     0x000bc4bd      0x180 ./Project_Settings/Startup_Code/startup.o
                              0x45bba (size before relaxing)
 .debug_str     0x000bc63d      0x3c2 ./Generated_Code/ASerialLdd1.o
                              0x5b51f (size before relaxing)
 .debug_str     0x000bc9ff       0x28 ./Generated_Code/Cpu.o
                              0x561d7 (size before relaxing)
 .debug_str     0x000bca27      0x268 ./Generated_Code/Inhr1.o
                              0x564a7 (size before relaxing)
 .debug_str     0x000bcc8f      0x16b ./Generated_Code/PE_LDD.o
                              0x56370 (size before relaxing)
 .debug_str     0x000bcdfa       0xef ./Generated_Code/PwmLdd1.o
                              0x55960 (size before relaxing)
 .debug_str     0x000bcee9       0x94 ./Generated_Code/PwmLdd2.o
                              0x55960 (size before relaxing)
 .debug_str     0x000bcf7d       0x86 ./Generated_Code/PwmLdd3.o
                              0x55960 (size before relaxing)
 .debug_str     0x000bd003      0x269 ./Generated_Code/TU1.o
                              0x55a6f (size before relaxing)
 .debug_str     0x000bd26c       0xef ./Generated_Code/Term1.o
                              0x4c602 (size before relaxing)

.comment        0x00000000       0x70
 .comment       0x00000000       0x70 ./Static_Code/System/CPU_Init.o
                                 0x71 (size before relaxing)
 .comment       0x00000000       0x71 ./Static_Code/System/Vectors.o
 .comment       0x00000000       0x71 ./Sources/Events.o
 .comment       0x00000000       0x71 ./Sources/main.o
 .comment       0x00000000       0x71 ./Project_Settings/Startup_Code/startup.o
 .comment       0x00000000       0x71 ./Generated_Code/ASerialLdd1.o
 .comment       0x00000000       0x71 ./Generated_Code/Cpu.o
 .comment       0x00000000       0x71 ./Generated_Code/Inhr1.o
 .comment       0x00000000       0x71 ./Generated_Code/PE_LDD.o
 .comment       0x00000000       0x71 ./Generated_Code/PwmLdd1.o
 .comment       0x00000000       0x71 ./Generated_Code/PwmLdd2.o
 .comment       0x00000000       0x71 ./Generated_Code/PwmLdd3.o
 .comment       0x00000000       0x71 ./Generated_Code/TU1.o
 .comment       0x00000000       0x71 ./Generated_Code/Term1.o

.debug_frame    0x00000000     0x1c44
 .debug_frame   0x00000000       0x9c ./Static_Code/System/CPU_Init.o
 .debug_frame   0x0000009c      0xcb0 ./Static_Code/System/Vectors.o
 .debug_frame   0x00000d4c       0x48 ./Sources/Events.o
 .debug_frame   0x00000d94       0x6c ./Sources/main.o
 .debug_frame   0x00000e00       0xc0 ./Project_Settings/Startup_Code/startup.o
 .debug_frame   0x00000ec0       0xec ./Generated_Code/ASerialLdd1.o
 .debug_frame   0x00000fac       0x50 ./Generated_Code/Cpu.o
 .debug_frame   0x00000ffc      0x118 ./Generated_Code/Inhr1.o
 .debug_frame   0x00001114       0x64 ./Generated_Code/PE_LDD.o
 .debug_frame   0x00001178       0xd0 ./Generated_Code/PwmLdd1.o
 .debug_frame   0x00001248       0xd0 ./Generated_Code/PwmLdd2.o
 .debug_frame   0x00001318       0xd0 ./Generated_Code/PwmLdd3.o
 .debug_frame   0x000013e8       0xbc ./Generated_Code/TU1.o
 .debug_frame   0x000014a4      0x15c ./Generated_Code/Term1.o
 .debug_frame   0x00001600       0x28 c:/freescale/kds_v3/toolchain/bin/../lib/gcc/arm-none-eabi/4.8.4/../../../../arm-none-eabi/lib/armv7e-m/fpu\libg_s.a(lib_a-exit.o)
 .debug_frame   0x00001628       0x2c c:/freescale/kds_v3/toolchain/bin/../lib/gcc/arm-none-eabi/4.8.4/../../../../arm-none-eabi/lib/armv7e-m/fpu\libg_s.a(lib_a-init.o)
 .debug_frame   0x00001654       0x20 c:/freescale/kds_v3/toolchain/bin/../lib/gcc/arm-none-eabi/4.8.4/../../../../arm-none-eabi/lib/armv7e-m/fpu\libg_s.a(lib_a-memset.o)
 .debug_frame   0x00001674       0x60 c:/freescale/kds_v3/toolchain/bin/../lib/gcc/arm-none-eabi/4.8.4/../../../../arm-none-eabi/lib/armv7e-m/fpu\libg_s.a(lib_a-sscanf.o)
 .debug_frame   0x000016d4       0x80 c:/freescale/kds_v3/toolchain/bin/../lib/gcc/arm-none-eabi/4.8.4/../../../../arm-none-eabi/lib/armv7e-m/fpu\libg_s.a(lib_a-stdio.o)
 .debug_frame   0x00001754       0x20 c:/freescale/kds_v3/toolchain/bin/../lib/gcc/arm-none-eabi/4.8.4/../../../../arm-none-eabi/lib/armv7e-m/fpu\libg_s.a(lib_a-strlen.o)
 .debug_frame   0x00001774       0x6c c:/freescale/kds_v3/toolchain/bin/../lib/gcc/arm-none-eabi/4.8.4/../../../../arm-none-eabi/lib/armv7e-m/fpu\libg_s.a(lib_a-svfscanf.o)
 .debug_frame   0x000017e0       0x5c c:/freescale/kds_v3/toolchain/bin/../lib/gcc/arm-none-eabi/4.8.4/../../../../arm-none-eabi/lib/armv7e-m/fpu\libg_s.a(lib_a-ungetc.o)
 .debug_frame   0x0000183c       0x58 c:/freescale/kds_v3/toolchain/bin/../lib/gcc/arm-none-eabi/4.8.4/../../../../arm-none-eabi/lib/armv7e-m/fpu\libg_s.a(lib_a-vfscanf_i.o)
 .debug_frame   0x00001894      0x12c c:/freescale/kds_v3/toolchain/bin/../lib/gcc/arm-none-eabi/4.8.4/../../../../arm-none-eabi/lib/armv7e-m/fpu\libg_s.a(lib_a-findfp.o)
 .debug_frame   0x000019c0       0x28 c:/freescale/kds_v3/toolchain/bin/../lib/gcc/arm-none-eabi/4.8.4/../../../../arm-none-eabi/lib/armv7e-m/fpu\libg_s.a(lib_a-memchr-stub.o)
 .debug_frame   0x000019e8       0x28 c:/freescale/kds_v3/toolchain/bin/../lib/gcc/arm-none-eabi/4.8.4/../../../../arm-none-eabi/lib/armv7e-m/fpu\libg_s.a(lib_a-memcpy-stub.o)
 .debug_frame   0x00001a10       0x2c c:/freescale/kds_v3/toolchain/bin/../lib/gcc/arm-none-eabi/4.8.4/../../../../arm-none-eabi/lib/armv7e-m/fpu\libg_s.a(lib_a-nano-freer.o)
 .debug_frame   0x00001a3c       0x2c c:/freescale/kds_v3/toolchain/bin/../lib/gcc/arm-none-eabi/4.8.4/../../../../arm-none-eabi/lib/armv7e-m/fpu\libg_s.a(lib_a-nano-mallocr.o)
 .debug_frame   0x00001a68       0x30 c:/freescale/kds_v3/toolchain/bin/../lib/gcc/arm-none-eabi/4.8.4/../../../../arm-none-eabi/lib/armv7e-m/fpu\libg_s.a(lib_a-nano-reallocr.o)
 .debug_frame   0x00001a98       0x48 c:/freescale/kds_v3/toolchain/bin/../lib/gcc/arm-none-eabi/4.8.4/../../../../arm-none-eabi/lib/armv7e-m/fpu\libg_s.a(lib_a-reent.o)
 .debug_frame   0x00001ae0       0x2c c:/freescale/kds_v3/toolchain/bin/../lib/gcc/arm-none-eabi/4.8.4/../../../../arm-none-eabi/lib/armv7e-m/fpu\libg_s.a(lib_a-sbrkr.o)
 .debug_frame   0x00001b0c       0x30 c:/freescale/kds_v3/toolchain/bin/../lib/gcc/arm-none-eabi/4.8.4/../../../../arm-none-eabi/lib/armv7e-m/fpu\libg_s.a(lib_a-sccl.o)
 .debug_frame   0x00001b3c       0x54 c:/freescale/kds_v3/toolchain/bin/../lib/gcc/arm-none-eabi/4.8.4/../../../../arm-none-eabi/lib/armv7e-m/fpu\libg_s.a(lib_a-strtol.o)
 .debug_frame   0x00001b90       0x54 c:/freescale/kds_v3/toolchain/bin/../lib/gcc/arm-none-eabi/4.8.4/../../../../arm-none-eabi/lib/armv7e-m/fpu\libg_s.a(lib_a-strtoul.o)
 .debug_frame   0x00001be4       0x20 c:/freescale/kds_v3/toolchain/bin/../lib/gcc/arm-none-eabi/4.8.4/../../../../arm-none-eabi/lib/armv7e-m/fpu\libg_s.a(lib_a-nano-msizer.o)
 .debug_frame   0x00001c04       0x20 c:/freescale/kds_v3/toolchain/bin/../lib/gcc/arm-none-eabi/4.8.4/../../../../arm-none-eabi/lib/armv7e-m/fpu\libnosys.a(sbrk.o)
 .debug_frame   0x00001c24       0x20 c:/freescale/kds_v3/toolchain/bin/../lib/gcc/arm-none-eabi/4.8.4/../../../../arm-none-eabi/lib/armv7e-m/fpu\libnosys.a(_exit.o)

.stabstr        0x00000000       0xdf
 .stabstr       0x00000000       0xdf c:/freescale/kds_v3/toolchain/bin/../lib/gcc/arm-none-eabi/4.8.4/../../../../arm-none-eabi/lib/armv7e-m/fpu\libnosys.a(close.o)
