Archive member included because of file (symbol)

c:/freescale/kds_v3/toolchain/bin/../lib/gcc/arm-none-eabi/4.8.4/../../../../arm-none-eabi/lib/armv7e-m/fpu\libg_s.a(lib_a-exit.o)
                              c:/freescale/kds_v3/toolchain/bin/../lib/gcc/arm-none-eabi/4.8.4/../../../../arm-none-eabi/lib/armv7e-m/fpu/crt0.o (exit)
c:/freescale/kds_v3/toolchain/bin/../lib/gcc/arm-none-eabi/4.8.4/../../../../arm-none-eabi/lib/armv7e-m/fpu\libg_s.a(lib_a-impure.o)
                              c:/freescale/kds_v3/toolchain/bin/../lib/gcc/arm-none-eabi/4.8.4/../../../../arm-none-eabi/lib/armv7e-m/fpu\libg_s.a(lib_a-exit.o) (_global_impure_ptr)
c:/freescale/kds_v3/toolchain/bin/../lib/gcc/arm-none-eabi/4.8.4/../../../../arm-none-eabi/lib/armv7e-m/fpu\libg_s.a(lib_a-init.o)
                              c:/freescale/kds_v3/toolchain/bin/../lib/gcc/arm-none-eabi/4.8.4/../../../../arm-none-eabi/lib/armv7e-m/fpu/crt0.o (__libc_init_array)
c:/freescale/kds_v3/toolchain/bin/../lib/gcc/arm-none-eabi/4.8.4/../../../../arm-none-eabi/lib/armv7e-m/fpu\libg_s.a(lib_a-memset.o)
                              c:/freescale/kds_v3/toolchain/bin/../lib/gcc/arm-none-eabi/4.8.4/../../../../arm-none-eabi/lib/armv7e-m/fpu/crt0.o (memset)
c:/freescale/kds_v3/toolchain/bin/../lib/gcc/arm-none-eabi/4.8.4/../../../../arm-none-eabi/lib/armv7e-m/fpu\libnosys.a(_exit.o)
                              c:/freescale/kds_v3/toolchain/bin/../lib/gcc/arm-none-eabi/4.8.4/../../../../arm-none-eabi/lib/armv7e-m/fpu\libg_s.a(lib_a-exit.o) (_exit)

Allocating common symbols
Common symbol       size              file

SR_reg              0x1               ./Static_Code/System/CPU_Init.o

Discarded input sections

 .text          0x00000000        0x0 c:/freescale/kds_v3/toolchain/bin/../lib/gcc/arm-none-eabi/4.8.4/armv7e-m/fpu/crti.o
 .data          0x00000000        0x0 c:/freescale/kds_v3/toolchain/bin/../lib/gcc/arm-none-eabi/4.8.4/armv7e-m/fpu/crti.o
 .bss           0x00000000        0x0 c:/freescale/kds_v3/toolchain/bin/../lib/gcc/arm-none-eabi/4.8.4/armv7e-m/fpu/crti.o
 .data          0x00000000        0x4 c:/freescale/kds_v3/toolchain/bin/../lib/gcc/arm-none-eabi/4.8.4/armv7e-m/fpu/crtbegin.o
 .data          0x00000000        0x0 c:/freescale/kds_v3/toolchain/bin/../lib/gcc/arm-none-eabi/4.8.4/../../../../arm-none-eabi/lib/armv7e-m/fpu/crt0.o
 .bss           0x00000000        0x0 c:/freescale/kds_v3/toolchain/bin/../lib/gcc/arm-none-eabi/4.8.4/../../../../arm-none-eabi/lib/armv7e-m/fpu/crt0.o
 .ARM.extab     0x00000000        0x0 c:/freescale/kds_v3/toolchain/bin/../lib/gcc/arm-none-eabi/4.8.4/../../../../arm-none-eabi/lib/armv7e-m/fpu/crt0.o
 .group         0x00000000        0x8 ./Static_Code/System/CPU_Init.o
 .group         0x00000000        0x8 ./Static_Code/System/CPU_Init.o
 .group         0x00000000        0x8 ./Static_Code/System/CPU_Init.o
 .group         0x00000000        0x8 ./Static_Code/System/CPU_Init.o
 .group         0x00000000        0x8 ./Static_Code/System/CPU_Init.o
 .group         0x00000000        0x8 ./Static_Code/System/CPU_Init.o
 .group         0x00000000        0x8 ./Static_Code/System/CPU_Init.o
 .group         0x00000000        0x8 ./Static_Code/System/CPU_Init.o
 .group         0x00000000        0x8 ./Static_Code/System/CPU_Init.o
 .group         0x00000000        0x8 ./Static_Code/System/CPU_Init.o
 .group         0x00000000        0x8 ./Static_Code/System/CPU_Init.o
 .group         0x00000000        0x8 ./Static_Code/System/CPU_Init.o
 .group         0x00000000        0x8 ./Static_Code/System/CPU_Init.o
 .group         0x00000000        0x8 ./Static_Code/System/CPU_Init.o
 .group         0x00000000        0x8 ./Static_Code/System/CPU_Init.o
 .group         0x00000000        0x8 ./Static_Code/System/CPU_Init.o
 .group         0x00000000        0x8 ./Static_Code/System/CPU_Init.o
 .group         0x00000000        0x8 ./Static_Code/System/CPU_Init.o
 .group         0x00000000        0x8 ./Static_Code/System/CPU_Init.o
 .group         0x00000000        0x8 ./Static_Code/System/CPU_Init.o
 .group         0x00000000        0x8 ./Static_Code/System/CPU_Init.o
 .group         0x00000000        0x8 ./Static_Code/System/CPU_Init.o
 .text          0x00000000        0x0 ./Static_Code/System/CPU_Init.o
 .data          0x00000000        0x0 ./Static_Code/System/CPU_Init.o
 .bss           0x00000000        0x0 ./Static_Code/System/CPU_Init.o
 .bss.SR_lock   0x00000000        0x1 ./Static_Code/System/CPU_Init.o
 .bss.ClockConfigurationID
                0x00000000        0x1 ./Static_Code/System/CPU_Init.o
 COMMON         0x00000000        0x1 ./Static_Code/System/CPU_Init.o
 .group         0x00000000        0x8 ./Static_Code/System/Peripherals_Init.o
 .group         0x00000000        0x8 ./Static_Code/System/Peripherals_Init.o
 .group         0x00000000        0x8 ./Static_Code/System/Peripherals_Init.o
 .group         0x00000000        0x8 ./Static_Code/System/Peripherals_Init.o
 .group         0x00000000        0x8 ./Static_Code/System/Peripherals_Init.o
 .group         0x00000000        0x8 ./Static_Code/System/Peripherals_Init.o
 .text          0x00000000        0x0 ./Static_Code/System/Peripherals_Init.o
 .data          0x00000000        0x0 ./Static_Code/System/Peripherals_Init.o
 .bss           0x00000000        0x0 ./Static_Code/System/Peripherals_Init.o
 .text.Peripherals_Init
                0x00000000        0xc ./Static_Code/System/Peripherals_Init.o
 .debug_info    0x00000000       0x96 ./Static_Code/System/Peripherals_Init.o
 .debug_abbrev  0x00000000       0x45 ./Static_Code/System/Peripherals_Init.o
 .debug_aranges
                0x00000000       0x20 ./Static_Code/System/Peripherals_Init.o
 .debug_ranges  0x00000000       0x10 ./Static_Code/System/Peripherals_Init.o
 .debug_macro   0x00000000       0x82 ./Static_Code/System/Peripherals_Init.o
 .debug_macro   0x00000000      0x850 ./Static_Code/System/Peripherals_Init.o
 .debug_macro   0x00000000       0x16 ./Static_Code/System/Peripherals_Init.o
 .debug_macro   0x00000000       0x44 ./Static_Code/System/Peripherals_Init.o
 .debug_macro   0x00000000      0x209 ./Static_Code/System/Peripherals_Init.o
 .debug_macro   0x00000000     0x1783 ./Static_Code/System/Peripherals_Init.o
 .debug_macro   0x00000000      0x4c6 ./Static_Code/System/Peripherals_Init.o
 .debug_line    0x00000000      0x201 ./Static_Code/System/Peripherals_Init.o
 .debug_str     0x00000000     0xb254 ./Static_Code/System/Peripherals_Init.o
 .comment       0x00000000       0x71 ./Static_Code/System/Peripherals_Init.o
 .ARM.attributes
                0x00000000       0x39 ./Static_Code/System/Peripherals_Init.o
 .debug_frame   0x00000000       0x28 ./Static_Code/System/Peripherals_Init.o
 .group         0x00000000        0x8 ./Static_Code/System/Vectors.o
 .group         0x00000000        0x8 ./Static_Code/System/Vectors.o
 .group         0x00000000        0x8 ./Static_Code/System/Vectors.o
 .group         0x00000000        0x8 ./Static_Code/System/Vectors.o
 .group         0x00000000        0x8 ./Static_Code/System/Vectors.o
 .group         0x00000000        0x8 ./Static_Code/System/Vectors.o
 .group         0x00000000        0x8 ./Static_Code/System/Vectors.o
 .group         0x00000000        0x8 ./Static_Code/System/Vectors.o
 .group         0x00000000        0x8 ./Static_Code/System/Vectors.o
 .group         0x00000000        0x8 ./Static_Code/System/Vectors.o
 .group         0x00000000        0x8 ./Static_Code/System/Vectors.o
 .group         0x00000000        0x8 ./Static_Code/System/Vectors.o
 .group         0x00000000        0x8 ./Static_Code/System/Vectors.o
 .group         0x00000000        0x8 ./Static_Code/System/Vectors.o
 .group         0x00000000        0x8 ./Static_Code/System/Vectors.o
 .group         0x00000000        0x8 ./Static_Code/System/Vectors.o
 .group         0x00000000        0x8 ./Static_Code/System/Vectors.o
 .group         0x00000000        0x8 ./Static_Code/System/Vectors.o
 .group         0x00000000        0x8 ./Static_Code/System/Vectors.o
 .group         0x00000000        0x8 ./Static_Code/System/Vectors.o
 .group         0x00000000        0x8 ./Static_Code/System/Vectors.o
 .group         0x00000000        0x8 ./Static_Code/System/Vectors.o
 .text          0x00000000        0x0 ./Static_Code/System/Vectors.o
 .data          0x00000000        0x0 ./Static_Code/System/Vectors.o
 .bss           0x00000000        0x0 ./Static_Code/System/Vectors.o
 .text.Unhandled_ivINT_NMI
                0x00000000       0x18 ./Static_Code/System/Vectors.o
 .text.Unhandled_ivINT_Hard_Fault
                0x00000000       0x18 ./Static_Code/System/Vectors.o
 .text.Unhandled_ivINT_Mem_Manage_Fault
                0x00000000       0x18 ./Static_Code/System/Vectors.o
 .text.Unhandled_ivINT_Bus_Fault
                0x00000000       0x18 ./Static_Code/System/Vectors.o
 .text.Unhandled_ivINT_Usage_Fault
                0x00000000       0x18 ./Static_Code/System/Vectors.o
 .text.Unhandled_ivINT_Reserved7
                0x00000000       0x18 ./Static_Code/System/Vectors.o
 .text.Unhandled_ivINT_Reserved8
                0x00000000       0x18 ./Static_Code/System/Vectors.o
 .text.Unhandled_ivINT_Reserved9
                0x00000000       0x18 ./Static_Code/System/Vectors.o
 .text.Unhandled_ivINT_Reserved10
                0x00000000       0x18 ./Static_Code/System/Vectors.o
 .text.Unhandled_ivINT_SVCall
                0x00000000       0x18 ./Static_Code/System/Vectors.o
 .text.Unhandled_ivINT_DebugMonitor
                0x00000000       0x18 ./Static_Code/System/Vectors.o
 .text.Unhandled_ivINT_Reserved13
                0x00000000       0x18 ./Static_Code/System/Vectors.o
 .text.Unhandled_ivINT_PendableSrvReq
                0x00000000       0x18 ./Static_Code/System/Vectors.o
 .text.Unhandled_ivINT_SysTick
                0x00000000       0x18 ./Static_Code/System/Vectors.o
 .text.Unhandled_ivINT_DMA0
                0x00000000       0x18 ./Static_Code/System/Vectors.o
 .text.Unhandled_ivINT_DMA1
                0x00000000       0x18 ./Static_Code/System/Vectors.o
 .text.Unhandled_ivINT_DMA2
                0x00000000       0x18 ./Static_Code/System/Vectors.o
 .text.Unhandled_ivINT_DMA3
                0x00000000       0x18 ./Static_Code/System/Vectors.o
 .text.Unhandled_ivINT_DMA4
                0x00000000       0x18 ./Static_Code/System/Vectors.o
 .text.Unhandled_ivINT_DMA5
                0x00000000       0x18 ./Static_Code/System/Vectors.o
 .text.Unhandled_ivINT_DMA6
                0x00000000       0x18 ./Static_Code/System/Vectors.o
 .text.Unhandled_ivINT_DMA7
                0x00000000       0x18 ./Static_Code/System/Vectors.o
 .text.Unhandled_ivINT_DMA8
                0x00000000       0x18 ./Static_Code/System/Vectors.o
 .text.Unhandled_ivINT_DMA9
                0x00000000       0x18 ./Static_Code/System/Vectors.o
 .text.Unhandled_ivINT_DMA10
                0x00000000       0x18 ./Static_Code/System/Vectors.o
 .text.Unhandled_ivINT_DMA11
                0x00000000       0x18 ./Static_Code/System/Vectors.o
 .text.Unhandled_ivINT_DMA12
                0x00000000       0x18 ./Static_Code/System/Vectors.o
 .text.Unhandled_ivINT_DMA13
                0x00000000       0x18 ./Static_Code/System/Vectors.o
 .text.Unhandled_ivINT_DMA14
                0x00000000       0x18 ./Static_Code/System/Vectors.o
 .text.Unhandled_ivINT_DMA15
                0x00000000       0x18 ./Static_Code/System/Vectors.o
 .text.Unhandled_ivINT_DMA_Error
                0x00000000       0x18 ./Static_Code/System/Vectors.o
 .text.Unhandled_ivINT_MCM
                0x00000000       0x18 ./Static_Code/System/Vectors.o
 .text.Unhandled_ivINT_FTF
                0x00000000       0x18 ./Static_Code/System/Vectors.o
 .text.Unhandled_ivINT_Read_Collision
                0x00000000       0x18 ./Static_Code/System/Vectors.o
 .text.Unhandled_ivINT_LVD_LVW
                0x00000000       0x18 ./Static_Code/System/Vectors.o
 .text.Unhandled_ivINT_LLWU
                0x00000000       0x18 ./Static_Code/System/Vectors.o
 .text.Unhandled_ivINT_WDOG_EWM
                0x00000000       0x18 ./Static_Code/System/Vectors.o
 .text.Unhandled_ivINT_RNG
                0x00000000       0x18 ./Static_Code/System/Vectors.o
 .text.Unhandled_ivINT_I2C0
                0x00000000       0x18 ./Static_Code/System/Vectors.o
 .text.Unhandled_ivINT_I2C1
                0x00000000       0x18 ./Static_Code/System/Vectors.o
 .text.Unhandled_ivINT_SPI0
                0x00000000       0x18 ./Static_Code/System/Vectors.o
 .text.Unhandled_ivINT_SPI1
                0x00000000       0x18 ./Static_Code/System/Vectors.o
 .text.Unhandled_ivINT_I2S0_Tx
                0x00000000       0x18 ./Static_Code/System/Vectors.o
 .text.Unhandled_ivINT_I2S0_Rx
                0x00000000       0x18 ./Static_Code/System/Vectors.o
 .text.Unhandled_ivINT_LPUART0
                0x00000000       0x18 ./Static_Code/System/Vectors.o
 .text.Unhandled_ivINT_UART0_RX_TX
                0x00000000       0x18 ./Static_Code/System/Vectors.o
 .text.Unhandled_ivINT_UART0_ERR
                0x00000000       0x18 ./Static_Code/System/Vectors.o
 .text.Unhandled_ivINT_UART1_RX_TX
                0x00000000       0x18 ./Static_Code/System/Vectors.o
 .text.Unhandled_ivINT_UART1_ERR
                0x00000000       0x18 ./Static_Code/System/Vectors.o
 .text.Unhandled_ivINT_UART2_RX_TX
                0x00000000       0x18 ./Static_Code/System/Vectors.o
 .text.Unhandled_ivINT_UART2_ERR
                0x00000000       0x18 ./Static_Code/System/Vectors.o
 .text.Unhandled_ivINT_Reserved53
                0x00000000       0x18 ./Static_Code/System/Vectors.o
 .text.Unhandled_ivINT_Reserved54
                0x00000000       0x18 ./Static_Code/System/Vectors.o
 .text.Unhandled_ivINT_ADC0
                0x00000000       0x18 ./Static_Code/System/Vectors.o
 .text.Unhandled_ivINT_CMP0
                0x00000000       0x18 ./Static_Code/System/Vectors.o
 .text.Unhandled_ivINT_CMP1
                0x00000000       0x18 ./Static_Code/System/Vectors.o
 .text.Unhandled_ivINT_FTM0
                0x00000000       0x18 ./Static_Code/System/Vectors.o
 .text.Unhandled_ivINT_FTM1
                0x00000000       0x18 ./Static_Code/System/Vectors.o
 .text.Unhandled_ivINT_FTM2
                0x00000000       0x18 ./Static_Code/System/Vectors.o
 .text.Unhandled_ivINT_Reserved61
                0x00000000       0x18 ./Static_Code/System/Vectors.o
 .text.Unhandled_ivINT_RTC
                0x00000000       0x18 ./Static_Code/System/Vectors.o
 .text.Unhandled_ivINT_RTC_Seconds
                0x00000000       0x18 ./Static_Code/System/Vectors.o
 .text.Unhandled_ivINT_PIT0
                0x00000000       0x18 ./Static_Code/System/Vectors.o
 .text.Unhandled_ivINT_PIT1
                0x00000000       0x18 ./Static_Code/System/Vectors.o
 .text.Unhandled_ivINT_PIT2
                0x00000000       0x18 ./Static_Code/System/Vectors.o
 .text.Unhandled_ivINT_PIT3
                0x00000000       0x18 ./Static_Code/System/Vectors.o
 .text.Unhandled_ivINT_PDB0
                0x00000000       0x18 ./Static_Code/System/Vectors.o
 .text.Unhandled_ivINT_USB0
                0x00000000       0x18 ./Static_Code/System/Vectors.o
 .text.Unhandled_ivINT_Reserved70
                0x00000000       0x18 ./Static_Code/System/Vectors.o
 .text.Unhandled_ivINT_Reserved71
                0x00000000       0x18 ./Static_Code/System/Vectors.o
 .text.Unhandled_ivINT_DAC0
                0x00000000       0x18 ./Static_Code/System/Vectors.o
 .text.Unhandled_ivINT_MCG
                0x00000000       0x18 ./Static_Code/System/Vectors.o
 .text.Unhandled_ivINT_LPTMR0
                0x00000000       0x18 ./Static_Code/System/Vectors.o
 .text.Unhandled_ivINT_PORTA
                0x00000000       0x18 ./Static_Code/System/Vectors.o
 .text.Unhandled_ivINT_PORTB
                0x00000000       0x18 ./Static_Code/System/Vectors.o
 .text.Unhandled_ivINT_PORTC
                0x00000000       0x18 ./Static_Code/System/Vectors.o
 .text.Unhandled_ivINT_PORTD
                0x00000000       0x18 ./Static_Code/System/Vectors.o
 .text.Unhandled_ivINT_PORTE
                0x00000000       0x18 ./Static_Code/System/Vectors.o
 .text.Unhandled_ivINT_SWI
                0x00000000       0x18 ./Static_Code/System/Vectors.o
 .text.Unhandled_ivINT_Reserved81
                0x00000000       0x18 ./Static_Code/System/Vectors.o
 .text.Unhandled_ivINT_Reserved82
                0x00000000       0x18 ./Static_Code/System/Vectors.o
 .text.Unhandled_ivINT_Reserved83
                0x00000000       0x18 ./Static_Code/System/Vectors.o
 .text.Unhandled_ivINT_Reserved84
                0x00000000       0x18 ./Static_Code/System/Vectors.o
 .text.Unhandled_ivINT_Reserved85
                0x00000000       0x18 ./Static_Code/System/Vectors.o
 .text.Unhandled_ivINT_Reserved86
                0x00000000       0x18 ./Static_Code/System/Vectors.o
 .text.Unhandled_ivINT_FTM3
                0x00000000       0x18 ./Static_Code/System/Vectors.o
 .text.Unhandled_ivINT_DAC1
                0x00000000       0x18 ./Static_Code/System/Vectors.o
 .text.Unhandled_ivINT_ADC1
                0x00000000       0x18 ./Static_Code/System/Vectors.o
 .text.Unhandled_ivINT_Reserved90
                0x00000000       0x18 ./Static_Code/System/Vectors.o
 .text.Unhandled_ivINT_Reserved91
                0x00000000       0x18 ./Static_Code/System/Vectors.o
 .text.Unhandled_ivINT_Reserved92
                0x00000000       0x18 ./Static_Code/System/Vectors.o
 .text.Unhandled_ivINT_Reserved93
                0x00000000       0x18 ./Static_Code/System/Vectors.o
 .text.Unhandled_ivINT_Reserved94
                0x00000000       0x18 ./Static_Code/System/Vectors.o
 .text.Unhandled_ivINT_Reserved95
                0x00000000       0x18 ./Static_Code/System/Vectors.o
 .text.Unhandled_ivINT_Reserved96
                0x00000000       0x18 ./Static_Code/System/Vectors.o
 .text.Unhandled_ivINT_Reserved97
                0x00000000       0x18 ./Static_Code/System/Vectors.o
 .text.Unhandled_ivINT_Reserved98
                0x00000000       0x18 ./Static_Code/System/Vectors.o
 .text.Unhandled_ivINT_Reserved99
                0x00000000       0x18 ./Static_Code/System/Vectors.o
 .text.Unhandled_ivINT_Reserved100
                0x00000000       0x18 ./Static_Code/System/Vectors.o
 .text.Unhandled_ivINT_Reserved101
                0x00000000       0x18 ./Static_Code/System/Vectors.o
 .debug_macro   0x00000000      0x850 ./Static_Code/System/Vectors.o
 .debug_macro   0x00000000       0x16 ./Static_Code/System/Vectors.o
 .debug_macro   0x00000000       0x44 ./Static_Code/System/Vectors.o
 .debug_macro   0x00000000      0x209 ./Static_Code/System/Vectors.o
 .debug_macro   0x00000000     0x1783 ./Static_Code/System/Vectors.o
 .debug_macro   0x00000000      0x4c6 ./Static_Code/System/Vectors.o
 .debug_macro   0x00000000      0x14e ./Static_Code/System/Vectors.o
 .debug_macro   0x00000000       0x6a ./Static_Code/System/Vectors.o
 .debug_macro   0x00000000     0xbca7 ./Static_Code/System/Vectors.o
 .debug_macro   0x00000000       0x58 ./Static_Code/System/Vectors.o
 .debug_macro   0x00000000       0x35 ./Static_Code/System/Vectors.o
 .debug_macro   0x00000000       0xa3 ./Static_Code/System/Vectors.o
 .debug_macro   0x00000000       0x16 ./Static_Code/System/Vectors.o
 .debug_macro   0x00000000       0x94 ./Static_Code/System/Vectors.o
 .debug_macro   0x00000000      0x12c ./Static_Code/System/Vectors.o
 .debug_macro   0x00000000       0x40 ./Static_Code/System/Vectors.o
 .debug_macro   0x00000000       0x1f ./Static_Code/System/Vectors.o
 .debug_macro   0x00000000      0x6a6 ./Static_Code/System/Vectors.o
 .debug_macro   0x00000000       0x74 ./Static_Code/System/Vectors.o
 .debug_macro   0x00000000       0x3e ./Static_Code/System/Vectors.o
 .debug_macro   0x00000000       0x2c ./Static_Code/System/Vectors.o
 .debug_macro   0x00000000      0x297 ./Static_Code/System/Vectors.o
 .group         0x00000000        0x8 ./Sources/Events.o
 .group         0x00000000        0x8 ./Sources/Events.o
 .group         0x00000000        0x8 ./Sources/Events.o
 .group         0x00000000        0x8 ./Sources/Events.o
 .group         0x00000000        0x8 ./Sources/Events.o
 .group         0x00000000        0x8 ./Sources/Events.o
 .group         0x00000000        0x8 ./Sources/Events.o
 .group         0x00000000        0x8 ./Sources/Events.o
 .group         0x00000000        0x8 ./Sources/Events.o
 .group         0x00000000        0x8 ./Sources/Events.o
 .group         0x00000000        0x8 ./Sources/Events.o
 .group         0x00000000        0x8 ./Sources/Events.o
 .group         0x00000000        0x8 ./Sources/Events.o
 .group         0x00000000        0x8 ./Sources/Events.o
 .group         0x00000000        0x8 ./Sources/Events.o
 .group         0x00000000        0x8 ./Sources/Events.o
 .group         0x00000000        0x8 ./Sources/Events.o
 .group         0x00000000        0x8 ./Sources/Events.o
 .group         0x00000000        0x8 ./Sources/Events.o
 .group         0x00000000        0x8 ./Sources/Events.o
 .group         0x00000000        0x8 ./Sources/Events.o
 .group         0x00000000        0x8 ./Sources/Events.o
 .group         0x00000000        0x8 ./Sources/Events.o
 .group         0x00000000        0x8 ./Sources/Events.o
 .group         0x00000000        0x8 ./Sources/Events.o
 .group         0x00000000        0x8 ./Sources/Events.o
 .group         0x00000000        0x8 ./Sources/Events.o
 .group         0x00000000        0x8 ./Sources/Events.o
 .group         0x00000000        0x8 ./Sources/Events.o
 .group         0x00000000        0x8 ./Sources/Events.o
 .group         0x00000000        0x8 ./Sources/Events.o
 .group         0x00000000        0x8 ./Sources/Events.o
 .group         0x00000000        0x8 ./Sources/Events.o
 .group         0x00000000        0x8 ./Sources/Events.o
 .group         0x00000000        0x8 ./Sources/Events.o
 .group         0x00000000        0x8 ./Sources/Events.o
 .group         0x00000000        0x8 ./Sources/Events.o
 .group         0x00000000        0x8 ./Sources/Events.o
 .group         0x00000000        0x8 ./Sources/Events.o
 .group         0x00000000        0x8 ./Sources/Events.o
 .group         0x00000000        0x8 ./Sources/Events.o
 .group         0x00000000        0x8 ./Sources/Events.o
 .group         0x00000000        0x8 ./Sources/Events.o
 .group         0x00000000        0x8 ./Sources/Events.o
 .group         0x00000000        0x8 ./Sources/Events.o
 .group         0x00000000        0x8 ./Sources/Events.o
 .group         0x00000000        0x8 ./Sources/Events.o
 .group         0x00000000        0x8 ./Sources/Events.o
 .group         0x00000000        0x8 ./Sources/Events.o
 .group         0x00000000        0x8 ./Sources/Events.o
 .group         0x00000000        0x8 ./Sources/Events.o
 .group         0x00000000        0x8 ./Sources/Events.o
 .group         0x00000000        0x8 ./Sources/Events.o
 .group         0x00000000        0x8 ./Sources/Events.o
 .text          0x00000000        0x0 ./Sources/Events.o
 .data          0x00000000        0x0 ./Sources/Events.o
 .bss           0x00000000        0x0 ./Sources/Events.o
 .debug_macro   0x00000000      0x850 ./Sources/Events.o
 .debug_macro   0x00000000       0x16 ./Sources/Events.o
 .debug_macro   0x00000000       0x44 ./Sources/Events.o
 .debug_macro   0x00000000      0x209 ./Sources/Events.o
 .debug_macro   0x00000000     0x1783 ./Sources/Events.o
 .debug_macro   0x00000000      0x14e ./Sources/Events.o
 .debug_macro   0x00000000       0x6a ./Sources/Events.o
 .debug_macro   0x00000000     0xbca7 ./Sources/Events.o
 .debug_macro   0x00000000       0x58 ./Sources/Events.o
 .debug_macro   0x00000000       0x35 ./Sources/Events.o
 .debug_macro   0x00000000       0xa3 ./Sources/Events.o
 .debug_macro   0x00000000       0x16 ./Sources/Events.o
 .debug_macro   0x00000000      0x4c6 ./Sources/Events.o
 .debug_macro   0x00000000       0x94 ./Sources/Events.o
 .debug_macro   0x00000000      0x12c ./Sources/Events.o
 .debug_macro   0x00000000       0x40 ./Sources/Events.o
 .debug_macro   0x00000000       0x1f ./Sources/Events.o
 .debug_macro   0x00000000      0x6a6 ./Sources/Events.o
 .debug_macro   0x00000000       0x74 ./Sources/Events.o
 .debug_macro   0x00000000       0x3e ./Sources/Events.o
 .debug_macro   0x00000000       0x2c ./Sources/Events.o
 .group         0x00000000        0x8 ./Sources/main.o
 .group         0x00000000        0x8 ./Sources/main.o
 .group         0x00000000        0x8 ./Sources/main.o
 .group         0x00000000        0x8 ./Sources/main.o
 .group         0x00000000        0x8 ./Sources/main.o
 .group         0x00000000        0x8 ./Sources/main.o
 .group         0x00000000        0x8 ./Sources/main.o
 .group         0x00000000        0x8 ./Sources/main.o
 .group         0x00000000        0x8 ./Sources/main.o
 .group         0x00000000        0x8 ./Sources/main.o
 .group         0x00000000        0x8 ./Sources/main.o
 .group         0x00000000        0x8 ./Sources/main.o
 .group         0x00000000        0x8 ./Sources/main.o
 .group         0x00000000        0x8 ./Sources/main.o
 .group         0x00000000        0x8 ./Sources/main.o
 .group         0x00000000        0x8 ./Sources/main.o
 .group         0x00000000        0x8 ./Sources/main.o
 .group         0x00000000        0x8 ./Sources/main.o
 .group         0x00000000        0x8 ./Sources/main.o
 .group         0x00000000        0x8 ./Sources/main.o
 .group         0x00000000        0x8 ./Sources/main.o
 .group         0x00000000        0x8 ./Sources/main.o
 .group         0x00000000        0x8 ./Sources/main.o
 .group         0x00000000        0x8 ./Sources/main.o
 .group         0x00000000        0x8 ./Sources/main.o
 .group         0x00000000        0x8 ./Sources/main.o
 .group         0x00000000        0x8 ./Sources/main.o
 .group         0x00000000        0x8 ./Sources/main.o
 .group         0x00000000        0x8 ./Sources/main.o
 .group         0x00000000        0x8 ./Sources/main.o
 .group         0x00000000        0x8 ./Sources/main.o
 .group         0x00000000        0x8 ./Sources/main.o
 .group         0x00000000        0x8 ./Sources/main.o
 .group         0x00000000        0x8 ./Sources/main.o
 .group         0x00000000        0x8 ./Sources/main.o
 .group         0x00000000        0x8 ./Sources/main.o
 .group         0x00000000        0x8 ./Sources/main.o
 .group         0x00000000        0x8 ./Sources/main.o
 .group         0x00000000        0x8 ./Sources/main.o
 .group         0x00000000        0x8 ./Sources/main.o
 .group         0x00000000        0x8 ./Sources/main.o
 .group         0x00000000        0x8 ./Sources/main.o
 .group         0x00000000        0x8 ./Sources/main.o
 .group         0x00000000        0x8 ./Sources/main.o
 .group         0x00000000        0x8 ./Sources/main.o
 .group         0x00000000        0x8 ./Sources/main.o
 .group         0x00000000        0x8 ./Sources/main.o
 .group         0x00000000        0x8 ./Sources/main.o
 .group         0x00000000        0x8 ./Sources/main.o
 .group         0x00000000        0x8 ./Sources/main.o
 .group         0x00000000        0x8 ./Sources/main.o
 .group         0x00000000        0x8 ./Sources/main.o
 .group         0x00000000        0x8 ./Sources/main.o
 .group         0x00000000        0x8 ./Sources/main.o
 .text          0x00000000        0x0 ./Sources/main.o
 .data          0x00000000        0x0 ./Sources/main.o
 .bss           0x00000000        0x0 ./Sources/main.o
 .text.wait     0x00000000       0x28 ./Sources/main.o
 .debug_macro   0x00000000      0x850 ./Sources/main.o
 .debug_macro   0x00000000       0x16 ./Sources/main.o
 .debug_macro   0x00000000       0x44 ./Sources/main.o
 .debug_macro   0x00000000      0x209 ./Sources/main.o
 .debug_macro   0x00000000     0x1783 ./Sources/main.o
 .debug_macro   0x00000000      0x14e ./Sources/main.o
 .debug_macro   0x00000000       0x6a ./Sources/main.o
 .debug_macro   0x00000000     0xbca7 ./Sources/main.o
 .debug_macro   0x00000000       0x58 ./Sources/main.o
 .debug_macro   0x00000000       0x35 ./Sources/main.o
 .debug_macro   0x00000000       0xa3 ./Sources/main.o
 .debug_macro   0x00000000       0x16 ./Sources/main.o
 .debug_macro   0x00000000      0x4c6 ./Sources/main.o
 .debug_macro   0x00000000       0x94 ./Sources/main.o
 .debug_macro   0x00000000      0x12c ./Sources/main.o
 .debug_macro   0x00000000       0x40 ./Sources/main.o
 .debug_macro   0x00000000       0x1f ./Sources/main.o
 .debug_macro   0x00000000      0x6a6 ./Sources/main.o
 .debug_macro   0x00000000       0x74 ./Sources/main.o
 .debug_macro   0x00000000       0x3e ./Sources/main.o
 .debug_macro   0x00000000       0x2c ./Sources/main.o
 .debug_macro   0x00000000      0x61c ./Sources/main.o
 .debug_macro   0x00000000      0x328 ./Sources/main.o
 .debug_macro   0x00000000      0x109 ./Sources/main.o
 .debug_macro   0x00000000      0x17f ./Sources/main.o
 .debug_macro   0x00000000      0x202 ./Sources/main.o
 .debug_macro   0x00000000      0x91e ./Sources/main.o
 .debug_macro   0x00000000       0x9e ./Sources/main.o
 .debug_macro   0x00000000      0x1f9 ./Sources/main.o
 .debug_macro   0x00000000      0x39c ./Sources/main.o
 .debug_macro   0x00000000      0x29c ./Sources/main.o
 .debug_macro   0x00000000      0x264 ./Sources/main.o
 .debug_macro   0x00000000      0x25b ./Sources/main.o
 .debug_macro   0x00000000      0x399 ./Sources/main.o
 .debug_macro   0x00000000      0x4f1 ./Sources/main.o
 .debug_macro   0x00000000      0x13f ./Sources/main.o
 .debug_macro   0x00000000       0x6c ./Sources/main.o
 .debug_macro   0x00000000      0x30d ./Sources/main.o
 .debug_macro   0x00000000       0xbb ./Sources/main.o
 .debug_macro   0x00000000       0xe9 ./Sources/main.o
 .debug_macro   0x00000000      0x4ea ./Sources/main.o
 .debug_macro   0x00000000      0x18f ./Sources/main.o
 .debug_macro   0x00000000       0xea ./Sources/main.o
 .debug_macro   0x00000000      0x344 ./Sources/main.o
 .debug_macro   0x00000000      0x824 ./Sources/main.o
 .debug_macro   0x00000000      0x179 ./Sources/main.o
 .debug_macro   0x00000000      0x9e2 ./Sources/main.o
 .debug_macro   0x00000000      0x129 ./Sources/main.o
 .debug_macro   0x00000000      0x648 ./Sources/main.o
 .debug_macro   0x00000000       0x81 ./Sources/main.o
 .debug_macro   0x00000000      0x7bf ./Sources/main.o
 .debug_macro   0x00000000      0x66f ./Sources/main.o
 .debug_macro   0x00000000       0x7b ./Sources/main.o
 .debug_macro   0x00000000      0x182 ./Sources/main.o
 .group         0x00000000        0x8 ./Project_Settings/Startup_Code/startup.o
 .group         0x00000000        0x8 ./Project_Settings/Startup_Code/startup.o
 .group         0x00000000        0x8 ./Project_Settings/Startup_Code/startup.o
 .group         0x00000000        0x8 ./Project_Settings/Startup_Code/startup.o
 .group         0x00000000        0x8 ./Project_Settings/Startup_Code/startup.o
 .group         0x00000000        0x8 ./Project_Settings/Startup_Code/startup.o
 .group         0x00000000        0x8 ./Project_Settings/Startup_Code/startup.o
 .group         0x00000000        0x8 ./Project_Settings/Startup_Code/startup.o
 .group         0x00000000        0x8 ./Project_Settings/Startup_Code/startup.o
 .group         0x00000000        0x8 ./Project_Settings/Startup_Code/startup.o
 .group         0x00000000        0x8 ./Project_Settings/Startup_Code/startup.o
 .group         0x00000000        0x8 ./Project_Settings/Startup_Code/startup.o
 .group         0x00000000        0x8 ./Project_Settings/Startup_Code/startup.o
 .group         0x00000000        0x8 ./Project_Settings/Startup_Code/startup.o
 .group         0x00000000        0x8 ./Project_Settings/Startup_Code/startup.o
 .group         0x00000000        0x8 ./Project_Settings/Startup_Code/startup.o
 .group         0x00000000        0x8 ./Project_Settings/Startup_Code/startup.o
 .group         0x00000000        0x8 ./Project_Settings/Startup_Code/startup.o
 .group         0x00000000        0x8 ./Project_Settings/Startup_Code/startup.o
 .text          0x00000000        0x0 ./Project_Settings/Startup_Code/startup.o
 .data          0x00000000        0x0 ./Project_Settings/Startup_Code/startup.o
 .bss           0x00000000        0x0 ./Project_Settings/Startup_Code/startup.o
 .text.__init_hardware
                0x00000000        0xc ./Project_Settings/Startup_Code/startup.o
 .text.__iar_program_start
                0x00000000        0xc ./Project_Settings/Startup_Code/startup.o
 .debug_macro   0x00000000      0x850 ./Project_Settings/Startup_Code/startup.o
 .debug_macro   0x00000000       0x58 ./Project_Settings/Startup_Code/startup.o
 .debug_macro   0x00000000       0x16 ./Project_Settings/Startup_Code/startup.o
 .debug_macro   0x00000000       0x35 ./Project_Settings/Startup_Code/startup.o
 .debug_macro   0x00000000       0xa3 ./Project_Settings/Startup_Code/startup.o
 .group         0x00000000        0x8 ./Generated_Code/BitIoLdd1.o
 .group         0x00000000        0x8 ./Generated_Code/BitIoLdd1.o
 .group         0x00000000        0x8 ./Generated_Code/BitIoLdd1.o
 .group         0x00000000        0x8 ./Generated_Code/BitIoLdd1.o
 .group         0x00000000        0x8 ./Generated_Code/BitIoLdd1.o
 .group         0x00000000        0x8 ./Generated_Code/BitIoLdd1.o
 .group         0x00000000        0x8 ./Generated_Code/BitIoLdd1.o
 .group         0x00000000        0x8 ./Generated_Code/BitIoLdd1.o
 .group         0x00000000        0x8 ./Generated_Code/BitIoLdd1.o
 .group         0x00000000        0x8 ./Generated_Code/BitIoLdd1.o
 .group         0x00000000        0x8 ./Generated_Code/BitIoLdd1.o
 .group         0x00000000        0x8 ./Generated_Code/BitIoLdd1.o
 .group         0x00000000        0x8 ./Generated_Code/BitIoLdd1.o
 .group         0x00000000        0x8 ./Generated_Code/BitIoLdd1.o
 .group         0x00000000        0x8 ./Generated_Code/BitIoLdd1.o
 .group         0x00000000        0x8 ./Generated_Code/BitIoLdd1.o
 .text          0x00000000        0x0 ./Generated_Code/BitIoLdd1.o
 .data          0x00000000        0x0 ./Generated_Code/BitIoLdd1.o
 .bss           0x00000000        0x0 ./Generated_Code/BitIoLdd1.o
 .text.BitIoLdd1_GetVal
                0x00000000       0x30 ./Generated_Code/BitIoLdd1.o
 .text.BitIoLdd1_ClrVal
                0x00000000       0x1c ./Generated_Code/BitIoLdd1.o
 .text.BitIoLdd1_SetVal
                0x00000000       0x1c ./Generated_Code/BitIoLdd1.o
 .debug_macro   0x00000000      0x850 ./Generated_Code/BitIoLdd1.o
 .debug_macro   0x00000000       0x16 ./Generated_Code/BitIoLdd1.o
 .debug_macro   0x00000000       0x44 ./Generated_Code/BitIoLdd1.o
 .debug_macro   0x00000000      0x209 ./Generated_Code/BitIoLdd1.o
 .debug_macro   0x00000000     0x1783 ./Generated_Code/BitIoLdd1.o
 .debug_macro   0x00000000      0x14e ./Generated_Code/BitIoLdd1.o
 .debug_macro   0x00000000       0x6a ./Generated_Code/BitIoLdd1.o
 .debug_macro   0x00000000     0xbca7 ./Generated_Code/BitIoLdd1.o
 .debug_macro   0x00000000       0x94 ./Generated_Code/BitIoLdd1.o
 .debug_macro   0x00000000      0x12c ./Generated_Code/BitIoLdd1.o
 .debug_macro   0x00000000       0x58 ./Generated_Code/BitIoLdd1.o
 .debug_macro   0x00000000       0x35 ./Generated_Code/BitIoLdd1.o
 .debug_macro   0x00000000       0xa3 ./Generated_Code/BitIoLdd1.o
 .debug_macro   0x00000000       0x16 ./Generated_Code/BitIoLdd1.o
 .debug_macro   0x00000000      0x4c6 ./Generated_Code/BitIoLdd1.o
 .debug_macro   0x00000000       0x40 ./Generated_Code/BitIoLdd1.o
 .group         0x00000000        0x8 ./Generated_Code/Cpu.o
 .group         0x00000000        0x8 ./Generated_Code/Cpu.o
 .group         0x00000000        0x8 ./Generated_Code/Cpu.o
 .group         0x00000000        0x8 ./Generated_Code/Cpu.o
 .group         0x00000000        0x8 ./Generated_Code/Cpu.o
 .group         0x00000000        0x8 ./Generated_Code/Cpu.o
 .group         0x00000000        0x8 ./Generated_Code/Cpu.o
 .group         0x00000000        0x8 ./Generated_Code/Cpu.o
 .group         0x00000000        0x8 ./Generated_Code/Cpu.o
 .group         0x00000000        0x8 ./Generated_Code/Cpu.o
 .group         0x00000000        0x8 ./Generated_Code/Cpu.o
 .group         0x00000000        0x8 ./Generated_Code/Cpu.o
 .group         0x00000000        0x8 ./Generated_Code/Cpu.o
 .group         0x00000000        0x8 ./Generated_Code/Cpu.o
 .group         0x00000000        0x8 ./Generated_Code/Cpu.o
 .group         0x00000000        0x8 ./Generated_Code/Cpu.o
 .group         0x00000000        0x8 ./Generated_Code/Cpu.o
 .group         0x00000000        0x8 ./Generated_Code/Cpu.o
 .group         0x00000000        0x8 ./Generated_Code/Cpu.o
 .group         0x00000000        0x8 ./Generated_Code/Cpu.o
 .group         0x00000000        0x8 ./Generated_Code/Cpu.o
 .text          0x00000000        0x0 ./Generated_Code/Cpu.o
 .data          0x00000000        0x0 ./Generated_Code/Cpu.o
 .bss           0x00000000        0x0 ./Generated_Code/Cpu.o
 .debug_macro   0x00000000      0x850 ./Generated_Code/Cpu.o
 .debug_macro   0x00000000       0x16 ./Generated_Code/Cpu.o
 .debug_macro   0x00000000       0x44 ./Generated_Code/Cpu.o
 .debug_macro   0x00000000      0x209 ./Generated_Code/Cpu.o
 .debug_macro   0x00000000     0x1783 ./Generated_Code/Cpu.o
 .debug_macro   0x00000000      0x14e ./Generated_Code/Cpu.o
 .debug_macro   0x00000000       0x6a ./Generated_Code/Cpu.o
 .debug_macro   0x00000000     0xbca7 ./Generated_Code/Cpu.o
 .debug_macro   0x00000000       0x58 ./Generated_Code/Cpu.o
 .debug_macro   0x00000000       0x35 ./Generated_Code/Cpu.o
 .debug_macro   0x00000000       0xa3 ./Generated_Code/Cpu.o
 .debug_macro   0x00000000       0x16 ./Generated_Code/Cpu.o
 .debug_macro   0x00000000      0x4c6 ./Generated_Code/Cpu.o
 .debug_macro   0x00000000       0x94 ./Generated_Code/Cpu.o
 .debug_macro   0x00000000      0x12c ./Generated_Code/Cpu.o
 .debug_macro   0x00000000       0x40 ./Generated_Code/Cpu.o
 .debug_macro   0x00000000       0x1f ./Generated_Code/Cpu.o
 .debug_macro   0x00000000      0x6a6 ./Generated_Code/Cpu.o
 .debug_macro   0x00000000       0x74 ./Generated_Code/Cpu.o
 .debug_macro   0x00000000       0x3e ./Generated_Code/Cpu.o
 .debug_macro   0x00000000       0x2c ./Generated_Code/Cpu.o
 .group         0x00000000        0x8 ./Generated_Code/MotorDir.o
 .group         0x00000000        0x8 ./Generated_Code/MotorDir.o
 .group         0x00000000        0x8 ./Generated_Code/MotorDir.o
 .group         0x00000000        0x8 ./Generated_Code/MotorDir.o
 .group         0x00000000        0x8 ./Generated_Code/MotorDir.o
 .group         0x00000000        0x8 ./Generated_Code/MotorDir.o
 .group         0x00000000        0x8 ./Generated_Code/MotorDir.o
 .group         0x00000000        0x8 ./Generated_Code/MotorDir.o
 .group         0x00000000        0x8 ./Generated_Code/MotorDir.o
 .group         0x00000000        0x8 ./Generated_Code/MotorDir.o
 .group         0x00000000        0x8 ./Generated_Code/MotorDir.o
 .group         0x00000000        0x8 ./Generated_Code/MotorDir.o
 .group         0x00000000        0x8 ./Generated_Code/MotorDir.o
 .group         0x00000000        0x8 ./Generated_Code/MotorDir.o
 .group         0x00000000        0x8 ./Generated_Code/MotorDir.o
 .group         0x00000000        0x8 ./Generated_Code/MotorDir.o
 .group         0x00000000        0x8 ./Generated_Code/MotorDir.o
 .text          0x00000000        0x0 ./Generated_Code/MotorDir.o
 .data          0x00000000        0x0 ./Generated_Code/MotorDir.o
 .bss           0x00000000        0x0 ./Generated_Code/MotorDir.o
 .debug_info    0x00000000       0x7d ./Generated_Code/MotorDir.o
 .debug_abbrev  0x00000000       0x29 ./Generated_Code/MotorDir.o
 .debug_aranges
                0x00000000       0x18 ./Generated_Code/MotorDir.o
 .debug_macro   0x00000000      0x109 ./Generated_Code/MotorDir.o
 .debug_macro   0x00000000      0x850 ./Generated_Code/MotorDir.o
 .debug_macro   0x00000000       0x16 ./Generated_Code/MotorDir.o
 .debug_macro   0x00000000       0x44 ./Generated_Code/MotorDir.o
 .debug_macro   0x00000000      0x209 ./Generated_Code/MotorDir.o
 .debug_macro   0x00000000     0x1783 ./Generated_Code/MotorDir.o
 .debug_macro   0x00000000      0x14e ./Generated_Code/MotorDir.o
 .debug_macro   0x00000000       0x6a ./Generated_Code/MotorDir.o
 .debug_macro   0x00000000     0xbca7 ./Generated_Code/MotorDir.o
 .debug_macro   0x00000000       0x94 ./Generated_Code/MotorDir.o
 .debug_macro   0x00000000      0x12c ./Generated_Code/MotorDir.o
 .debug_macro   0x00000000       0x58 ./Generated_Code/MotorDir.o
 .debug_macro   0x00000000       0x35 ./Generated_Code/MotorDir.o
 .debug_macro   0x00000000       0xa3 ./Generated_Code/MotorDir.o
 .debug_macro   0x00000000       0x16 ./Generated_Code/MotorDir.o
 .debug_macro   0x00000000      0x4c6 ./Generated_Code/MotorDir.o
 .debug_macro   0x00000000       0x40 ./Generated_Code/MotorDir.o
 .debug_macro   0x00000000       0x1f ./Generated_Code/MotorDir.o
 .debug_line    0x00000000      0x310 ./Generated_Code/MotorDir.o
 .debug_str     0x00000000    0x4d1de ./Generated_Code/MotorDir.o
 .comment       0x00000000       0x71 ./Generated_Code/MotorDir.o
 .ARM.attributes
                0x00000000       0x39 ./Generated_Code/MotorDir.o
 .group         0x00000000        0x8 ./Generated_Code/MotorPWM.o
 .group         0x00000000        0x8 ./Generated_Code/MotorPWM.o
 .group         0x00000000        0x8 ./Generated_Code/MotorPWM.o
 .group         0x00000000        0x8 ./Generated_Code/MotorPWM.o
 .group         0x00000000        0x8 ./Generated_Code/MotorPWM.o
 .group         0x00000000        0x8 ./Generated_Code/MotorPWM.o
 .group         0x00000000        0x8 ./Generated_Code/MotorPWM.o
 .group         0x00000000        0x8 ./Generated_Code/MotorPWM.o
 .group         0x00000000        0x8 ./Generated_Code/MotorPWM.o
 .group         0x00000000        0x8 ./Generated_Code/MotorPWM.o
 .group         0x00000000        0x8 ./Generated_Code/MotorPWM.o
 .group         0x00000000        0x8 ./Generated_Code/MotorPWM.o
 .group         0x00000000        0x8 ./Generated_Code/MotorPWM.o
 .group         0x00000000        0x8 ./Generated_Code/MotorPWM.o
 .group         0x00000000        0x8 ./Generated_Code/MotorPWM.o
 .group         0x00000000        0x8 ./Generated_Code/MotorPWM.o
 .group         0x00000000        0x8 ./Generated_Code/MotorPWM.o
 .group         0x00000000        0x8 ./Generated_Code/MotorPWM.o
 .text          0x00000000        0x0 ./Generated_Code/MotorPWM.o
 .data          0x00000000        0x0 ./Generated_Code/MotorPWM.o
 .bss           0x00000000        0x0 ./Generated_Code/MotorPWM.o
 .debug_info    0x00000000       0x7d ./Generated_Code/MotorPWM.o
 .debug_abbrev  0x00000000       0x29 ./Generated_Code/MotorPWM.o
 .debug_aranges
                0x00000000       0x18 ./Generated_Code/MotorPWM.o
 .debug_macro   0x00000000      0x118 ./Generated_Code/MotorPWM.o
 .debug_macro   0x00000000      0x850 ./Generated_Code/MotorPWM.o
 .debug_macro   0x00000000       0x16 ./Generated_Code/MotorPWM.o
 .debug_macro   0x00000000       0x44 ./Generated_Code/MotorPWM.o
 .debug_macro   0x00000000      0x209 ./Generated_Code/MotorPWM.o
 .debug_macro   0x00000000     0x1783 ./Generated_Code/MotorPWM.o
 .debug_macro   0x00000000      0x14e ./Generated_Code/MotorPWM.o
 .debug_macro   0x00000000       0x6a ./Generated_Code/MotorPWM.o
 .debug_macro   0x00000000     0xbca7 ./Generated_Code/MotorPWM.o
 .debug_macro   0x00000000       0x94 ./Generated_Code/MotorPWM.o
 .debug_macro   0x00000000      0x6a0 ./Generated_Code/MotorPWM.o
 .debug_macro   0x00000000       0x58 ./Generated_Code/MotorPWM.o
 .debug_macro   0x00000000       0x35 ./Generated_Code/MotorPWM.o
 .debug_macro   0x00000000       0xa3 ./Generated_Code/MotorPWM.o
 .debug_macro   0x00000000       0x16 ./Generated_Code/MotorPWM.o
 .debug_macro   0x00000000      0x4c6 ./Generated_Code/MotorPWM.o
 .debug_macro   0x00000000       0x74 ./Generated_Code/MotorPWM.o
 .debug_macro   0x00000000       0x3e ./Generated_Code/MotorPWM.o
 .debug_macro   0x00000000       0x2c ./Generated_Code/MotorPWM.o
 .debug_line    0x00000000      0x316 ./Generated_Code/MotorPWM.o
 .debug_str     0x00000000    0x558d3 ./Generated_Code/MotorPWM.o
 .comment       0x00000000       0x71 ./Generated_Code/MotorPWM.o
 .ARM.attributes
                0x00000000       0x39 ./Generated_Code/MotorPWM.o
 .group         0x00000000        0x8 ./Generated_Code/PE_LDD.o
 .group         0x00000000        0x8 ./Generated_Code/PE_LDD.o
 .group         0x00000000        0x8 ./Generated_Code/PE_LDD.o
 .group         0x00000000        0x8 ./Generated_Code/PE_LDD.o
 .group         0x00000000        0x8 ./Generated_Code/PE_LDD.o
 .group         0x00000000        0x8 ./Generated_Code/PE_LDD.o
 .group         0x00000000        0x8 ./Generated_Code/PE_LDD.o
 .group         0x00000000        0x8 ./Generated_Code/PE_LDD.o
 .group         0x00000000        0x8 ./Generated_Code/PE_LDD.o
 .group         0x00000000        0x8 ./Generated_Code/PE_LDD.o
 .group         0x00000000        0x8 ./Generated_Code/PE_LDD.o
 .group         0x00000000        0x8 ./Generated_Code/PE_LDD.o
 .group         0x00000000        0x8 ./Generated_Code/PE_LDD.o
 .group         0x00000000        0x8 ./Generated_Code/PE_LDD.o
 .group         0x00000000        0x8 ./Generated_Code/PE_LDD.o
 .group         0x00000000        0x8 ./Generated_Code/PE_LDD.o
 .group         0x00000000        0x8 ./Generated_Code/PE_LDD.o
 .group         0x00000000        0x8 ./Generated_Code/PE_LDD.o
 .group         0x00000000        0x8 ./Generated_Code/PE_LDD.o
 .group         0x00000000        0x8 ./Generated_Code/PE_LDD.o
 .group         0x00000000        0x8 ./Generated_Code/PE_LDD.o
 .text          0x00000000        0x0 ./Generated_Code/PE_LDD.o
 .data          0x00000000        0x0 ./Generated_Code/PE_LDD.o
 .bss           0x00000000        0x0 ./Generated_Code/PE_LDD.o
 .rodata.PE_CpuClockConfigurations
                0x00000000       0x28 ./Generated_Code/PE_LDD.o
 .text.PE_FillMemory
                0x00000000       0x24 ./Generated_Code/PE_LDD.o
 .text.PE_PeripheralUsed
                0x00000000       0x38 ./Generated_Code/PE_LDD.o
 .text.LDD_SetClockConfiguration
                0x00000000       0x14 ./Generated_Code/PE_LDD.o
 .debug_macro   0x00000000      0x850 ./Generated_Code/PE_LDD.o
 .debug_macro   0x00000000       0x16 ./Generated_Code/PE_LDD.o
 .debug_macro   0x00000000       0x44 ./Generated_Code/PE_LDD.o
 .debug_macro   0x00000000      0x209 ./Generated_Code/PE_LDD.o
 .debug_macro   0x00000000     0x1783 ./Generated_Code/PE_LDD.o
 .debug_macro   0x00000000      0x14e ./Generated_Code/PE_LDD.o
 .debug_macro   0x00000000       0x6a ./Generated_Code/PE_LDD.o
 .debug_macro   0x00000000      0x4c6 ./Generated_Code/PE_LDD.o
 .debug_macro   0x00000000     0xbca7 ./Generated_Code/PE_LDD.o
 .debug_macro   0x00000000       0x94 ./Generated_Code/PE_LDD.o
 .debug_macro   0x00000000      0x12c ./Generated_Code/PE_LDD.o
 .debug_macro   0x00000000       0x58 ./Generated_Code/PE_LDD.o
 .debug_macro   0x00000000       0x35 ./Generated_Code/PE_LDD.o
 .debug_macro   0x00000000       0xa3 ./Generated_Code/PE_LDD.o
 .debug_macro   0x00000000       0x16 ./Generated_Code/PE_LDD.o
 .debug_macro   0x00000000       0x40 ./Generated_Code/PE_LDD.o
 .debug_macro   0x00000000       0x1f ./Generated_Code/PE_LDD.o
 .debug_macro   0x00000000      0x6a6 ./Generated_Code/PE_LDD.o
 .debug_macro   0x00000000       0x74 ./Generated_Code/PE_LDD.o
 .debug_macro   0x00000000       0x3e ./Generated_Code/PE_LDD.o
 .debug_macro   0x00000000       0x2c ./Generated_Code/PE_LDD.o
 .group         0x00000000        0x8 ./Generated_Code/Pins1.o
 .group         0x00000000        0x8 ./Generated_Code/Pins1.o
 .group         0x00000000        0x8 ./Generated_Code/Pins1.o
 .group         0x00000000        0x8 ./Generated_Code/Pins1.o
 .group         0x00000000        0x8 ./Generated_Code/Pins1.o
 .group         0x00000000        0x8 ./Generated_Code/Pins1.o
 .group         0x00000000        0x8 ./Generated_Code/Pins1.o
 .text          0x00000000        0x0 ./Generated_Code/Pins1.o
 .data          0x00000000        0x0 ./Generated_Code/Pins1.o
 .bss           0x00000000        0x0 ./Generated_Code/Pins1.o
 .debug_info    0x00000000       0x7d ./Generated_Code/Pins1.o
 .debug_abbrev  0x00000000       0x29 ./Generated_Code/Pins1.o
 .debug_aranges
                0x00000000       0x18 ./Generated_Code/Pins1.o
 .debug_macro   0x00000000       0x8d ./Generated_Code/Pins1.o
 .debug_macro   0x00000000      0x850 ./Generated_Code/Pins1.o
 .debug_macro   0x00000000       0x16 ./Generated_Code/Pins1.o
 .debug_macro   0x00000000       0x44 ./Generated_Code/Pins1.o
 .debug_macro   0x00000000      0x209 ./Generated_Code/Pins1.o
 .debug_macro   0x00000000     0x1783 ./Generated_Code/Pins1.o
 .debug_macro   0x00000000      0x4c6 ./Generated_Code/Pins1.o
 .debug_macro   0x00000000     0xbca7 ./Generated_Code/Pins1.o
 .debug_line    0x00000000      0x1e9 ./Generated_Code/Pins1.o
 .debug_str     0x00000000    0x4b7ad ./Generated_Code/Pins1.o
 .comment       0x00000000       0x71 ./Generated_Code/Pins1.o
 .ARM.attributes
                0x00000000       0x39 ./Generated_Code/Pins1.o
 .group         0x00000000        0x8 ./Generated_Code/PwmLdd1.o
 .group         0x00000000        0x8 ./Generated_Code/PwmLdd1.o
 .group         0x00000000        0x8 ./Generated_Code/PwmLdd1.o
 .group         0x00000000        0x8 ./Generated_Code/PwmLdd1.o
 .group         0x00000000        0x8 ./Generated_Code/PwmLdd1.o
 .group         0x00000000        0x8 ./Generated_Code/PwmLdd1.o
 .group         0x00000000        0x8 ./Generated_Code/PwmLdd1.o
 .group         0x00000000        0x8 ./Generated_Code/PwmLdd1.o
 .group         0x00000000        0x8 ./Generated_Code/PwmLdd1.o
 .group         0x00000000        0x8 ./Generated_Code/PwmLdd1.o
 .group         0x00000000        0x8 ./Generated_Code/PwmLdd1.o
 .group         0x00000000        0x8 ./Generated_Code/PwmLdd1.o
 .group         0x00000000        0x8 ./Generated_Code/PwmLdd1.o
 .group         0x00000000        0x8 ./Generated_Code/PwmLdd1.o
 .group         0x00000000        0x8 ./Generated_Code/PwmLdd1.o
 .group         0x00000000        0x8 ./Generated_Code/PwmLdd1.o
 .group         0x00000000        0x8 ./Generated_Code/PwmLdd1.o
 .text          0x00000000        0x0 ./Generated_Code/PwmLdd1.o
 .data          0x00000000        0x0 ./Generated_Code/PwmLdd1.o
 .bss           0x00000000        0x0 ./Generated_Code/PwmLdd1.o
 .text.PwmLdd1_SetRatio16
                0x00000000       0x28 ./Generated_Code/PwmLdd1.o
 .text.PwmLdd1_SetDutyUS
                0x00000000       0x7c ./Generated_Code/PwmLdd1.o
 .text.PwmLdd1_SetDutyMS
                0x00000000       0x78 ./Generated_Code/PwmLdd1.o
 .debug_macro   0x00000000      0x850 ./Generated_Code/PwmLdd1.o
 .debug_macro   0x00000000       0x16 ./Generated_Code/PwmLdd1.o
 .debug_macro   0x00000000       0x44 ./Generated_Code/PwmLdd1.o
 .debug_macro   0x00000000      0x209 ./Generated_Code/PwmLdd1.o
 .debug_macro   0x00000000     0x1783 ./Generated_Code/PwmLdd1.o
 .debug_macro   0x00000000      0x14e ./Generated_Code/PwmLdd1.o
 .debug_macro   0x00000000       0x6a ./Generated_Code/PwmLdd1.o
 .debug_macro   0x00000000     0xbca7 ./Generated_Code/PwmLdd1.o
 .debug_macro   0x00000000       0x94 ./Generated_Code/PwmLdd1.o
 .debug_macro   0x00000000      0x6a0 ./Generated_Code/PwmLdd1.o
 .debug_macro   0x00000000       0x58 ./Generated_Code/PwmLdd1.o
 .debug_macro   0x00000000       0x35 ./Generated_Code/PwmLdd1.o
 .debug_macro   0x00000000       0xa3 ./Generated_Code/PwmLdd1.o
 .debug_macro   0x00000000       0x16 ./Generated_Code/PwmLdd1.o
 .debug_macro   0x00000000      0x4c6 ./Generated_Code/PwmLdd1.o
 .debug_macro   0x00000000       0x74 ./Generated_Code/PwmLdd1.o
 .debug_macro   0x00000000       0x3e ./Generated_Code/PwmLdd1.o
 .group         0x00000000        0x8 ./Generated_Code/TU1.o
 .group         0x00000000        0x8 ./Generated_Code/TU1.o
 .group         0x00000000        0x8 ./Generated_Code/TU1.o
 .group         0x00000000        0x8 ./Generated_Code/TU1.o
 .group         0x00000000        0x8 ./Generated_Code/TU1.o
 .group         0x00000000        0x8 ./Generated_Code/TU1.o
 .group         0x00000000        0x8 ./Generated_Code/TU1.o
 .group         0x00000000        0x8 ./Generated_Code/TU1.o
 .group         0x00000000        0x8 ./Generated_Code/TU1.o
 .group         0x00000000        0x8 ./Generated_Code/TU1.o
 .group         0x00000000        0x8 ./Generated_Code/TU1.o
 .group         0x00000000        0x8 ./Generated_Code/TU1.o
 .group         0x00000000        0x8 ./Generated_Code/TU1.o
 .group         0x00000000        0x8 ./Generated_Code/TU1.o
 .group         0x00000000        0x8 ./Generated_Code/TU1.o
 .group         0x00000000        0x8 ./Generated_Code/TU1.o
 .text          0x00000000        0x0 ./Generated_Code/TU1.o
 .data          0x00000000        0x0 ./Generated_Code/TU1.o
 .bss           0x00000000        0x0 ./Generated_Code/TU1.o
 .rodata.ChannelDevice
                0x00000000        0x4 ./Generated_Code/TU1.o
 .rodata.ChannelMode
                0x00000000        0x4 ./Generated_Code/TU1.o
 .text.TU1_GetCounterValue
                0x00000000       0x20 ./Generated_Code/TU1.o
 .text.TU1_GetOffsetTicks
                0x00000000       0x48 ./Generated_Code/TU1.o
 .text.TU1_SelectOutputAction
                0x00000000      0x1bc ./Generated_Code/TU1.o
 .debug_macro   0x00000000      0x850 ./Generated_Code/TU1.o
 .debug_macro   0x00000000       0x16 ./Generated_Code/TU1.o
 .debug_macro   0x00000000       0x44 ./Generated_Code/TU1.o
 .debug_macro   0x00000000      0x209 ./Generated_Code/TU1.o
 .debug_macro   0x00000000     0x1783 ./Generated_Code/TU1.o
 .debug_macro   0x00000000      0x14e ./Generated_Code/TU1.o
 .debug_macro   0x00000000       0x6a ./Generated_Code/TU1.o
 .debug_macro   0x00000000     0xbca7 ./Generated_Code/TU1.o
 .debug_macro   0x00000000       0x94 ./Generated_Code/TU1.o
 .debug_macro   0x00000000      0x6a0 ./Generated_Code/TU1.o
 .debug_macro   0x00000000       0x58 ./Generated_Code/TU1.o
 .debug_macro   0x00000000       0x35 ./Generated_Code/TU1.o
 .debug_macro   0x00000000       0xa3 ./Generated_Code/TU1.o
 .debug_macro   0x00000000       0x16 ./Generated_Code/TU1.o
 .debug_macro   0x00000000      0x4c6 ./Generated_Code/TU1.o
 .debug_macro   0x00000000       0x74 ./Generated_Code/TU1.o
 .text          0x00000000        0x0 c:/freescale/kds_v3/toolchain/bin/../lib/gcc/arm-none-eabi/4.8.4/../../../../arm-none-eabi/lib/armv7e-m/fpu\libg_s.a(lib_a-exit.o)
 .data          0x00000000        0x0 c:/freescale/kds_v3/toolchain/bin/../lib/gcc/arm-none-eabi/4.8.4/../../../../arm-none-eabi/lib/armv7e-m/fpu\libg_s.a(lib_a-exit.o)
 .bss           0x00000000        0x0 c:/freescale/kds_v3/toolchain/bin/../lib/gcc/arm-none-eabi/4.8.4/../../../../arm-none-eabi/lib/armv7e-m/fpu\libg_s.a(lib_a-exit.o)
 .text          0x00000000        0x0 c:/freescale/kds_v3/toolchain/bin/../lib/gcc/arm-none-eabi/4.8.4/../../../../arm-none-eabi/lib/armv7e-m/fpu\libg_s.a(lib_a-impure.o)
 .data          0x00000000        0x0 c:/freescale/kds_v3/toolchain/bin/../lib/gcc/arm-none-eabi/4.8.4/../../../../arm-none-eabi/lib/armv7e-m/fpu\libg_s.a(lib_a-impure.o)
 .bss           0x00000000        0x0 c:/freescale/kds_v3/toolchain/bin/../lib/gcc/arm-none-eabi/4.8.4/../../../../arm-none-eabi/lib/armv7e-m/fpu\libg_s.a(lib_a-impure.o)
 .data._impure_ptr
                0x00000000        0x4 c:/freescale/kds_v3/toolchain/bin/../lib/gcc/arm-none-eabi/4.8.4/../../../../arm-none-eabi/lib/armv7e-m/fpu\libg_s.a(lib_a-impure.o)
 .text          0x00000000        0x0 c:/freescale/kds_v3/toolchain/bin/../lib/gcc/arm-none-eabi/4.8.4/../../../../arm-none-eabi/lib/armv7e-m/fpu\libg_s.a(lib_a-init.o)
 .data          0x00000000        0x0 c:/freescale/kds_v3/toolchain/bin/../lib/gcc/arm-none-eabi/4.8.4/../../../../arm-none-eabi/lib/armv7e-m/fpu\libg_s.a(lib_a-init.o)
 .bss           0x00000000        0x0 c:/freescale/kds_v3/toolchain/bin/../lib/gcc/arm-none-eabi/4.8.4/../../../../arm-none-eabi/lib/armv7e-m/fpu\libg_s.a(lib_a-init.o)
 .text          0x00000000        0x0 c:/freescale/kds_v3/toolchain/bin/../lib/gcc/arm-none-eabi/4.8.4/../../../../arm-none-eabi/lib/armv7e-m/fpu\libg_s.a(lib_a-memset.o)
 .data          0x00000000        0x0 c:/freescale/kds_v3/toolchain/bin/../lib/gcc/arm-none-eabi/4.8.4/../../../../arm-none-eabi/lib/armv7e-m/fpu\libg_s.a(lib_a-memset.o)
 .bss           0x00000000        0x0 c:/freescale/kds_v3/toolchain/bin/../lib/gcc/arm-none-eabi/4.8.4/../../../../arm-none-eabi/lib/armv7e-m/fpu\libg_s.a(lib_a-memset.o)
 .text          0x00000000        0x0 c:/freescale/kds_v3/toolchain/bin/../lib/gcc/arm-none-eabi/4.8.4/../../../../arm-none-eabi/lib/armv7e-m/fpu\libnosys.a(_exit.o)
 .data          0x00000000        0x0 c:/freescale/kds_v3/toolchain/bin/../lib/gcc/arm-none-eabi/4.8.4/../../../../arm-none-eabi/lib/armv7e-m/fpu\libnosys.a(_exit.o)
 .bss           0x00000000        0x0 c:/freescale/kds_v3/toolchain/bin/../lib/gcc/arm-none-eabi/4.8.4/../../../../arm-none-eabi/lib/armv7e-m/fpu\libnosys.a(_exit.o)
 .text          0x00000000        0x0 c:/freescale/kds_v3/toolchain/bin/../lib/gcc/arm-none-eabi/4.8.4/armv7e-m/fpu/crtend.o
 .data          0x00000000        0x0 c:/freescale/kds_v3/toolchain/bin/../lib/gcc/arm-none-eabi/4.8.4/armv7e-m/fpu/crtend.o
 .bss           0x00000000        0x0 c:/freescale/kds_v3/toolchain/bin/../lib/gcc/arm-none-eabi/4.8.4/armv7e-m/fpu/crtend.o
 .eh_frame      0x00000000        0x4 c:/freescale/kds_v3/toolchain/bin/../lib/gcc/arm-none-eabi/4.8.4/armv7e-m/fpu/crtend.o
 .jcr           0x00000000        0x4 c:/freescale/kds_v3/toolchain/bin/../lib/gcc/arm-none-eabi/4.8.4/armv7e-m/fpu/crtend.o
 .ARM.attributes
                0x00000000       0x34 c:/freescale/kds_v3/toolchain/bin/../lib/gcc/arm-none-eabi/4.8.4/armv7e-m/fpu/crtend.o
 .text          0x00000000        0x0 c:/freescale/kds_v3/toolchain/bin/../lib/gcc/arm-none-eabi/4.8.4/armv7e-m/fpu/crtn.o
 .data          0x00000000        0x0 c:/freescale/kds_v3/toolchain/bin/../lib/gcc/arm-none-eabi/4.8.4/armv7e-m/fpu/crtn.o
 .bss           0x00000000        0x0 c:/freescale/kds_v3/toolchain/bin/../lib/gcc/arm-none-eabi/4.8.4/armv7e-m/fpu/crtn.o

Memory Configuration

Name             Origin             Length             Attributes
m_interrupts     0x00000000         0x00000198         xr
m_text           0x00000410         0x0007fbf0         xr
m_data           0x1fff0000         0x00010000         rw
m_data_20000000  0x20000000         0x00010000         rw
m_cfmprotrom     0x00000400         0x00000010         xr
*default*        0x00000000         0xffffffff

Linker script and memory map

LOAD c:/freescale/kds_v3/toolchain/bin/../lib/gcc/arm-none-eabi/4.8.4/armv7e-m/fpu/crti.o
LOAD c:/freescale/kds_v3/toolchain/bin/../lib/gcc/arm-none-eabi/4.8.4/armv7e-m/fpu/crtbegin.o
LOAD c:/freescale/kds_v3/toolchain/bin/../lib/gcc/arm-none-eabi/4.8.4/../../../../arm-none-eabi/lib/armv7e-m/fpu/crt0.o
LOAD ./Static_Code/System/CPU_Init.o
LOAD ./Static_Code/System/Peripherals_Init.o
LOAD ./Static_Code/System/Vectors.o
LOAD ./Sources/Events.o
LOAD ./Sources/main.o
LOAD ./Project_Settings/Startup_Code/startup.o
LOAD ./Generated_Code/BitIoLdd1.o
LOAD ./Generated_Code/Cpu.o
LOAD ./Generated_Code/MotorDir.o
LOAD ./Generated_Code/MotorPWM.o
LOAD ./Generated_Code/PE_LDD.o
LOAD ./Generated_Code/Pins1.o
LOAD ./Generated_Code/PwmLdd1.o
LOAD ./Generated_Code/TU1.o
LOAD c:/freescale/kds_v3/toolchain/bin/../lib/gcc/arm-none-eabi/4.8.4/../../../../arm-none-eabi/lib/armv7e-m/fpu\libstdc++_s.a
LOAD c:/freescale/kds_v3/toolchain/bin/../lib/gcc/arm-none-eabi/4.8.4/../../../../arm-none-eabi/lib/armv7e-m/fpu\libm.a
START GROUP
LOAD c:/freescale/kds_v3/toolchain/bin/../lib/gcc/arm-none-eabi/4.8.4/armv7e-m/fpu\libgcc.a
LOAD c:/freescale/kds_v3/toolchain/bin/../lib/gcc/arm-none-eabi/4.8.4/../../../../arm-none-eabi/lib/armv7e-m/fpu\libg_s.a
LOAD c:/freescale/kds_v3/toolchain/bin/../lib/gcc/arm-none-eabi/4.8.4/../../../../arm-none-eabi/lib/armv7e-m/fpu\libc_s.a
END GROUP
START GROUP
LOAD c:/freescale/kds_v3/toolchain/bin/../lib/gcc/arm-none-eabi/4.8.4/armv7e-m/fpu\libgcc.a
LOAD c:/freescale/kds_v3/toolchain/bin/../lib/gcc/arm-none-eabi/4.8.4/../../../../arm-none-eabi/lib/armv7e-m/fpu\libc_s.a
LOAD c:/freescale/kds_v3/toolchain/bin/../lib/gcc/arm-none-eabi/4.8.4/../../../../arm-none-eabi/lib/armv7e-m/fpu\libnosys.a
END GROUP
START GROUP
LOAD c:/freescale/kds_v3/toolchain/bin/../lib/gcc/arm-none-eabi/4.8.4/armv7e-m/fpu\libgcc.a
LOAD c:/freescale/kds_v3/toolchain/bin/../lib/gcc/arm-none-eabi/4.8.4/../../../../arm-none-eabi/lib/armv7e-m/fpu\libc_s.a
LOAD c:/freescale/kds_v3/toolchain/bin/../lib/gcc/arm-none-eabi/4.8.4/../../../../arm-none-eabi/lib/armv7e-m/fpu\libnosys.a
END GROUP
LOAD c:/freescale/kds_v3/toolchain/bin/../lib/gcc/arm-none-eabi/4.8.4/armv7e-m/fpu/crtend.o
LOAD c:/freescale/kds_v3/toolchain/bin/../lib/gcc/arm-none-eabi/4.8.4/armv7e-m/fpu/crtn.o
                0x20000000                _estack = 0x20000000
                0x20000000                __SP_INIT = _estack
                0x20000000                __stack = _estack
                0x00000000                __heap_size = 0x0
                0x00000400                __stack_size = 0x400

.interrupts     0x00000000      0x198
                0x00000000                __vector_table = .
                0x00000000                . = ALIGN (0x4)
 *(.vectortable)
 .vectortable   0x00000000      0x198 ./Static_Code/System/Vectors.o
                0x00000000                __vect_table
                0x00000198                . = ALIGN (0x4)

.cfmprotect     0x00000400       0x10
                0x00000400                . = ALIGN (0x4)
 *(.cfmconfig)
 .cfmconfig     0x00000400       0x10 ./Static_Code/System/CPU_Init.o
                0x00000400                _cfm
                0x00000410                . = ALIGN (0x4)

.text           0x00000410      0xeb8
                0x00000410                . = ALIGN (0x4)
 *(.text)
 .text          0x00000410       0x54 c:/freescale/kds_v3/toolchain/bin/../lib/gcc/arm-none-eabi/4.8.4/armv7e-m/fpu/crtbegin.o
 .text          0x00000464       0x74 c:/freescale/kds_v3/toolchain/bin/../lib/gcc/arm-none-eabi/4.8.4/../../../../arm-none-eabi/lib/armv7e-m/fpu/crt0.o
                0x00000464                _start
                0x00000464                _mainCRTStartup
 *(.text*)
 .text.CPU_SetBASEPRI
                0x000004d8       0x18 ./Static_Code/System/CPU_Init.o
                0x000004d8                CPU_SetBASEPRI
 .text.__init_hardware
                0x000004f0       0xb4 ./Static_Code/System/CPU_Init.o
                0x000004f0                __init_hardware
 .text.PE_low_level_init
                0x000005a4       0x44 ./Static_Code/System/CPU_Init.o
                0x000005a4                PE_low_level_init
 .text.CPU_GetClockGenMode
                0x000005e8       0x90 ./Static_Code/System/CPU_Init.o
                0x000005e8                CPU_GetClockGenMode
 .text.CPU_SetClockConfigGenMode
                0x00000678      0x54c ./Static_Code/System/CPU_Init.o
                0x00000678                CPU_SetClockConfigGenMode
 .text.UnhandledInterrupt
                0x00000bc4       0x18 ./Static_Code/System/Vectors.o
                0x00000bc4                UnhandledInterrupt
 .text.Cpu_OnNMI
                0x00000bdc        0xc ./Sources/Events.o
                0x00000bdc                Cpu_OnNMI
 .text.main     0x00000be8       0x28 ./Sources/main.o
                0x00000be8                main
 .text.__copy_rom_section
                0x00000c10       0xe4 ./Project_Settings/Startup_Code/startup.o
                0x00000c10                __copy_rom_section
 .text.__copy_rom_sections_to_ram
                0x00000cf4       0x9c ./Project_Settings/Startup_Code/startup.o
                0x00000cf4                __copy_rom_sections_to_ram
 .text.__init_registers
                0x00000d90       0x20 ./Project_Settings/Startup_Code/startup.o
                0x00000d90                __init_registers
 .text.__init_user
                0x00000db0        0xc ./Project_Settings/Startup_Code/startup.o
                0x00000db0                __init_user
 .text.__thumb_startup
                0x00000dbc       0x34 ./Project_Settings/Startup_Code/startup.o
                0x00000dbc                __thumb_startup
 .text.BitIoLdd1_Init
                0x00000df0       0x80 ./Generated_Code/BitIoLdd1.o
                0x00000df0                BitIoLdd1_Init
 .text.BitIoLdd1_PutVal
                0x00000e70       0x30 ./Generated_Code/BitIoLdd1.o
                0x00000e70                BitIoLdd1_PutVal
 .text.Components_Init
                0x00000ea0       0x14 ./Generated_Code/Cpu.o
                0x00000ea0                Components_Init
 .text.Cpu_INT_NMIInterrupt
                0x00000eb4       0x1c ./Generated_Code/Cpu.o
                0x00000eb4                Cpu_INT_NMIInterrupt
 .text.PwmLdd1_Init
                0x00000ed0       0x54 ./Generated_Code/PwmLdd1.o
                0x00000ed0                PwmLdd1_Init
 .text.PwmLdd1_SetRatio8
                0x00000f24       0x2c ./Generated_Code/PwmLdd1.o
                0x00000f24                PwmLdd1_SetRatio8
 .text.SetRatio
                0x00000f50       0x54 ./Generated_Code/PwmLdd1.o
 .text.TU1_Init
                0x00000fa4      0x10c ./Generated_Code/TU1.o
                0x00000fa4                TU1_Init
 .text.TU1_GetPeriodTicks
                0x000010b0       0x30 ./Generated_Code/TU1.o
                0x000010b0                TU1_GetPeriodTicks
 .text.TU1_SetOffsetTicks
                0x000010e0       0x44 ./Generated_Code/TU1.o
                0x000010e0                TU1_SetOffsetTicks
 .text.exit     0x00001124       0x28 c:/freescale/kds_v3/toolchain/bin/../lib/gcc/arm-none-eabi/4.8.4/../../../../arm-none-eabi/lib/armv7e-m/fpu\libg_s.a(lib_a-exit.o)
                0x00001124                exit
 .text.__libc_init_array
                0x0000114c       0x4c c:/freescale/kds_v3/toolchain/bin/../lib/gcc/arm-none-eabi/4.8.4/../../../../arm-none-eabi/lib/armv7e-m/fpu\libg_s.a(lib_a-init.o)
                0x0000114c                __libc_init_array
 .text.memset   0x00001198       0x10 c:/freescale/kds_v3/toolchain/bin/../lib/gcc/arm-none-eabi/4.8.4/../../../../arm-none-eabi/lib/armv7e-m/fpu\libg_s.a(lib_a-memset.o)
                0x00001198                memset
 .text._exit    0x000011a8        0x4 c:/freescale/kds_v3/toolchain/bin/../lib/gcc/arm-none-eabi/4.8.4/../../../../arm-none-eabi/lib/armv7e-m/fpu\libnosys.a(_exit.o)
                0x000011a8                _exit
 *(.rodata)
 *(.rodata*)
 .rodata.ClockGenModeMatrix
                0x000011ac       0x80 ./Static_Code/System/CPU_Init.o
 .rodata.CPU_ClockConfigDescriptors
                0x0000122c       0x1c ./Static_Code/System/CPU_Init.o
 .rodata.CPU_DefaultFEI
                0x00001248        0x8 ./Static_Code/System/CPU_Init.o
 .rodata.CPU_DefaultFBI
                0x00001250        0x8 ./Static_Code/System/CPU_Init.o
 .rodata.CPU_DefaultBLPI
                0x00001258        0x8 ./Static_Code/System/CPU_Init.o
 .rodata.CPU_DefaultFEE
                0x00001260        0x8 ./Static_Code/System/CPU_Init.o
 .rodata.CPU_DefaultFBE
                0x00001268        0x8 ./Static_Code/System/CPU_Init.o
 .rodata.CPU_DefaultBLPE
                0x00001270        0x8 ./Static_Code/System/CPU_Init.o
 .rodata.CPU_DefaultPBE
                0x00001278        0x8 ./Static_Code/System/CPU_Init.o
 .rodata.CPU_DefaultPEE
                0x00001280        0x8 ./Static_Code/System/CPU_Init.o
 .rodata.CPU_ClockGenModeRegs
                0x00001288       0x20 ./Static_Code/System/CPU_Init.o
 .rodata.str1.1
                0x000012a8        0x2 c:/freescale/kds_v3/toolchain/bin/../lib/gcc/arm-none-eabi/4.8.4/../../../../arm-none-eabi/lib/armv7e-m/fpu\libg_s.a(lib_a-impure.o)
 *fill*         0x000012aa        0x2 
 .rodata._global_impure_ptr
                0x000012ac        0x4 c:/freescale/kds_v3/toolchain/bin/../lib/gcc/arm-none-eabi/4.8.4/../../../../arm-none-eabi/lib/armv7e-m/fpu\libg_s.a(lib_a-impure.o)
                0x000012ac                _global_impure_ptr
 *(.glue_7)
 .glue_7        0x00000000        0x0 linker stubs
 *(.glue_7t)
 .glue_7t       0x00000000        0x0 linker stubs
 *(.eh_frame)
 .eh_frame      0x000012b0        0x0 c:/freescale/kds_v3/toolchain/bin/../lib/gcc/arm-none-eabi/4.8.4/armv7e-m/fpu/crtbegin.o
 *(.init)
 .init          0x000012b0        0x4 c:/freescale/kds_v3/toolchain/bin/../lib/gcc/arm-none-eabi/4.8.4/armv7e-m/fpu/crti.o
                0x000012b0                _init
 .init          0x000012b4        0x8 c:/freescale/kds_v3/toolchain/bin/../lib/gcc/arm-none-eabi/4.8.4/armv7e-m/fpu/crtn.o
 *(.fini)
 .fini          0x000012bc        0x4 c:/freescale/kds_v3/toolchain/bin/../lib/gcc/arm-none-eabi/4.8.4/armv7e-m/fpu/crti.o
                0x000012bc                _fini
 .fini          0x000012c0        0x8 c:/freescale/kds_v3/toolchain/bin/../lib/gcc/arm-none-eabi/4.8.4/armv7e-m/fpu/crtn.o
                0x000012c8                . = ALIGN (0x4)
                0x000012c8                _etext = .

.vfp11_veneer   0x000012c8        0x0
 .vfp11_veneer  0x00000000        0x0 linker stubs

.v4_bx          0x000012c8        0x0
 .v4_bx         0x00000000        0x0 linker stubs

.iplt           0x000012c8        0x0
 .iplt          0x00000000        0x0 c:/freescale/kds_v3/toolchain/bin/../lib/gcc/arm-none-eabi/4.8.4/armv7e-m/fpu/crtbegin.o

.ARM.extab
 *(.ARM.extab* .gnu.linkonce.armextab.*)

.ARM            0x000012c8        0x8
                0x000012c8                __exidx_start = .
 *(.ARM.exidx*)
 .ARM.exidx     0x000012c8        0x8 c:/freescale/kds_v3/toolchain/bin/../lib/gcc/arm-none-eabi/4.8.4/../../../../arm-none-eabi/lib/armv7e-m/fpu/crt0.o
                0x000012d0                __exidx_end = .

.rel.dyn        0x000012d0        0x0
 .rel.iplt      0x00000000        0x0 c:/freescale/kds_v3/toolchain/bin/../lib/gcc/arm-none-eabi/4.8.4/armv7e-m/fpu/crtbegin.o

.ctors          0x000012d0        0x0
                0x000012d0                __CTOR_LIST__ = .
 *crtbegin.o(.ctors)
 *(EXCLUDE_FILE(*crtend.o) .ctors)
 *(SORT(.ctors.*))
 *(.ctors)
                0x000012d0                __CTOR_END__ = .

.dtors          0x000012d0        0x0
                0x000012d0                __DTOR_LIST__ = .
 *crtbegin.o(.dtors)
 *(EXCLUDE_FILE(*crtend.o) .dtors)
 *(SORT(.dtors.*))
 *(.dtors)
                0x000012d0                __DTOR_END__ = .

.preinit_array  0x000012d0        0x0
                0x000012d0                PROVIDE (__preinit_array_start, .)
 *(.preinit_array*)
                0x000012d0                PROVIDE (__preinit_array_end, .)

.init_array     0x000012d0        0x4
                0x000012d0                PROVIDE (__init_array_start, .)
 *(SORT(.init_array.*))
 *(.init_array*)
 .init_array    0x000012d0        0x4 c:/freescale/kds_v3/toolchain/bin/../lib/gcc/arm-none-eabi/4.8.4/armv7e-m/fpu/crtbegin.o
                0x000012d4                PROVIDE (__init_array_end, .)

.fini_array     0x000012d4        0x4
                0x000012d4                PROVIDE (__fini_array_start, .)
 *(SORT(.fini_array.*))
 *(.fini_array*)
 .fini_array    0x000012d4        0x4 c:/freescale/kds_v3/toolchain/bin/../lib/gcc/arm-none-eabi/4.8.4/armv7e-m/fpu/crtbegin.o
                0x000012d8                PROVIDE (__fini_array_end, .)
                0x000012d8                ___ROM_AT = .

.data           0x1fff0000       0x60 load address 0x000012d8
                0x1fff0000                . = ALIGN (0x4)
                0x1fff0000                _sdata = .
 *(.data)
 *(.data*)
 .data.impure_data
                0x1fff0000       0x60 c:/freescale/kds_v3/toolchain/bin/../lib/gcc/arm-none-eabi/4.8.4/../../../../arm-none-eabi/lib/armv7e-m/fpu\libg_s.a(lib_a-impure.o)
                0x1fff0060                . = ALIGN (0x4)
                0x1fff0060                _edata = .
                0x00000060                ___data_size = (_edata - _sdata)
                0x00001338                ___m_data_20000000_ROMStart = (___ROM_AT + SIZEOF (.data))

.jcr            0x1fff0060        0x0 load address 0x00001338
 .jcr           0x1fff0060        0x0 c:/freescale/kds_v3/toolchain/bin/../lib/gcc/arm-none-eabi/4.8.4/armv7e-m/fpu/crtbegin.o

.igot.plt       0x1fff0060        0x0 load address 0x00001338
 .igot.plt      0x00000000        0x0 c:/freescale/kds_v3/toolchain/bin/../lib/gcc/arm-none-eabi/4.8.4/armv7e-m/fpu/crtbegin.o

.m_data_20000000
                0x20000000        0x0 load address 0x00001338
                0x20000000                . = ALIGN (0x4)
                0x20000000                ___m_data_20000000_RAMStart = .
 *(.m_data_20000000)
                0x20000000                ___m_data_20000000_RAMEnd = .
                0x20000000                . = ALIGN (0x4)
                0x00000000                ___m_data_20000000_ROMSize = (___m_data_20000000_RAMEnd - ___m_data_20000000_RAMStart)
                0x20000000                . = ALIGN (0x4)

.bss            0x1fff0060       0x40 load address 0x00001338
                0x1fff0060                __START_BSS = .
                0x1fff0060                PROVIDE (__bss_start__, __START_BSS)
 *(.bss)
 .bss           0x1fff0060       0x1c c:/freescale/kds_v3/toolchain/bin/../lib/gcc/arm-none-eabi/4.8.4/armv7e-m/fpu/crtbegin.o
 *(.bss*)
 .bss.DeviceDataPrv__DEFAULT_RTOS_ALLOC
                0x1fff007c        0x4 ./Generated_Code/BitIoLdd1.o
 .bss.PE_LDD_DeviceDataList
                0x1fff0080        0xc ./Generated_Code/PE_LDD.o
                0x1fff0080                PE_LDD_DeviceDataList
 .bss.DeviceDataPrv__DEFAULT_RTOS_ALLOC
                0x1fff008c        0xc ./Generated_Code/PwmLdd1.o
 .bss.DeviceDataPrv__DEFAULT_RTOS_ALLOC
                0x1fff0098        0x8 ./Generated_Code/TU1.o
 *(COMMON)
                0x1fff00a0                . = ALIGN (0x4)
                0x1fff00a0                __END_BSS = .
                0x1fff00a0                PROVIDE (__bss_end__, __END_BSS)
                0x00001338                _romp_at = ((___ROM_AT + SIZEOF (.data)) + SIZEOF (.m_data_20000000))

.romp           0x1fff00a0       0x24 load address 0x00001338
                0x00001338                __S_romp = _romp_at
                0x1fff00a0        0x4 LONG 0x12d8 ___ROM_AT
                0x1fff00a4        0x4 LONG 0x1fff0000 _sdata
                0x1fff00a8        0x4 LONG 0x60 ___data_size
                0x1fff00ac        0x4 LONG 0x1338 ___m_data_20000000_ROMStart
                0x1fff00b0        0x4 LONG 0x20000000 ___m_data_20000000_RAMStart
                0x1fff00b4        0x4 LONG 0x0 ___m_data_20000000_ROMSize
                0x1fff00b8        0x4 LONG 0x0
                0x1fff00bc        0x4 LONG 0x0
                0x1fff00c0        0x4 LONG 0x0
                0x00080000                text_end = (ORIGIN (m_text) + 0x7fbf0)
                0x0000135c                data_init_end = ((___m_data_20000000_ROMStart + SIZEOF (.m_data_20000000)) + SIZEOF (.romp))
                0x00000001                ASSERT ((data_init_end <= text_end), region m_text overflowed with text and data)

._user_heap_stack
                0x1fff00c4      0x400 load address 0x0000135c
                0x1fff00c4                . = ALIGN (0x4)
                0x1fff00c4                PROVIDE (end, .)
                0x1fff00c4                PROVIDE (_end, .)
                0x1fff00c4                PROVIDE (__end__, .)
                0x1fff00c4                __heap_addr = .
                0x1fff00c4                __HeapBase = .
                0x1fff00c4                . = (. + __heap_size)
                0x1fff00c4                __HeapLimit = .
                0x1fff04c4                . = (. + __stack_size)
 *fill*         0x1fff00c4      0x400 
                0x1fff04c4                . = ALIGN (0x4)

.ARM.attributes
                0x00000000       0x30
 *(.ARM.attributes)
 .ARM.attributes
                0x00000000       0x22 c:/freescale/kds_v3/toolchain/bin/../lib/gcc/arm-none-eabi/4.8.4/armv7e-m/fpu/crti.o
 .ARM.attributes
                0x00000022       0x34 c:/freescale/kds_v3/toolchain/bin/../lib/gcc/arm-none-eabi/4.8.4/armv7e-m/fpu/crtbegin.o
 .ARM.attributes
                0x00000056       0x20 c:/freescale/kds_v3/toolchain/bin/../lib/gcc/arm-none-eabi/4.8.4/../../../../arm-none-eabi/lib/armv7e-m/fpu/crt0.o
 .ARM.attributes
                0x00000076       0x39 ./Static_Code/System/CPU_Init.o
 .ARM.attributes
                0x000000af       0x39 ./Static_Code/System/Vectors.o
 .ARM.attributes
                0x000000e8       0x39 ./Sources/Events.o
 .ARM.attributes
                0x00000121       0x39 ./Sources/main.o
 .ARM.attributes
                0x0000015a       0x39 ./Project_Settings/Startup_Code/startup.o
 .ARM.attributes
                0x00000193       0x39 ./Generated_Code/BitIoLdd1.o
 .ARM.attributes
                0x000001cc       0x39 ./Generated_Code/Cpu.o
 .ARM.attributes
                0x00000205       0x39 ./Generated_Code/PE_LDD.o
 .ARM.attributes
                0x0000023e       0x39 ./Generated_Code/PwmLdd1.o
 .ARM.attributes
                0x00000277       0x39 ./Generated_Code/TU1.o
 .ARM.attributes
                0x000002b0       0x34 c:/freescale/kds_v3/toolchain/bin/../lib/gcc/arm-none-eabi/4.8.4/../../../../arm-none-eabi/lib/armv7e-m/fpu\libg_s.a(lib_a-exit.o)
 .ARM.attributes
                0x000002e4       0x34 c:/freescale/kds_v3/toolchain/bin/../lib/gcc/arm-none-eabi/4.8.4/../../../../arm-none-eabi/lib/armv7e-m/fpu\libg_s.a(lib_a-impure.o)
 .ARM.attributes
                0x00000318       0x34 c:/freescale/kds_v3/toolchain/bin/../lib/gcc/arm-none-eabi/4.8.4/../../../../arm-none-eabi/lib/armv7e-m/fpu\libg_s.a(lib_a-init.o)
 .ARM.attributes
                0x0000034c       0x34 c:/freescale/kds_v3/toolchain/bin/../lib/gcc/arm-none-eabi/4.8.4/../../../../arm-none-eabi/lib/armv7e-m/fpu\libg_s.a(lib_a-memset.o)
 .ARM.attributes
                0x00000380       0x34 c:/freescale/kds_v3/toolchain/bin/../lib/gcc/arm-none-eabi/4.8.4/../../../../arm-none-eabi/lib/armv7e-m/fpu\libnosys.a(_exit.o)
 .ARM.attributes
                0x000003b4       0x22 c:/freescale/kds_v3/toolchain/bin/../lib/gcc/arm-none-eabi/4.8.4/armv7e-m/fpu/crtn.o
OUTPUT(Lab6.elf elf32-littlearm)

.debug_info     0x00000000     0x2aac
 .debug_info    0x00000000      0xab8 ./Static_Code/System/CPU_Init.o
 .debug_info    0x00000ab8      0x826 ./Static_Code/System/Vectors.o
 .debug_info    0x000012de       0x96 ./Sources/Events.o
 .debug_info    0x00001374       0xf7 ./Sources/main.o
 .debug_info    0x0000146b      0x3b0 ./Project_Settings/Startup_Code/startup.o
 .debug_info    0x0000181b      0x503 ./Generated_Code/BitIoLdd1.o
 .debug_info    0x00001d1e       0xa7 ./Generated_Code/Cpu.o
 .debug_info    0x00001dc5      0x251 ./Generated_Code/PE_LDD.o
 .debug_info    0x00002016      0x333 ./Generated_Code/PwmLdd1.o
 .debug_info    0x00002349      0x763 ./Generated_Code/TU1.o

.debug_abbrev   0x00000000      0xa87
 .debug_abbrev  0x00000000      0x1bf ./Static_Code/System/CPU_Init.o
 .debug_abbrev  0x000001bf       0xd8 ./Static_Code/System/Vectors.o
 .debug_abbrev  0x00000297       0x45 ./Sources/Events.o
 .debug_abbrev  0x000002dc       0xb9 ./Sources/main.o
 .debug_abbrev  0x00000395      0x189 ./Project_Settings/Startup_Code/startup.o
 .debug_abbrev  0x0000051e      0x15d ./Generated_Code/BitIoLdd1.o
 .debug_abbrev  0x0000067b       0x45 ./Generated_Code/Cpu.o
 .debug_abbrev  0x000006c0      0x10d ./Generated_Code/PE_LDD.o
 .debug_abbrev  0x000007cd      0x122 ./Generated_Code/PwmLdd1.o
 .debug_abbrev  0x000008ef      0x198 ./Generated_Code/TU1.o

.debug_aranges  0x00000000      0x540
 .debug_aranges
                0x00000000       0x40 ./Static_Code/System/CPU_Init.o
 .debug_aranges
                0x00000040      0x340 ./Static_Code/System/Vectors.o
 .debug_aranges
                0x00000380       0x20 ./Sources/Events.o
 .debug_aranges
                0x000003a0       0x28 ./Sources/main.o
 .debug_aranges
                0x000003c8       0x50 ./Project_Settings/Startup_Code/startup.o
 .debug_aranges
                0x00000418       0x40 ./Generated_Code/BitIoLdd1.o
 .debug_aranges
                0x00000458       0x28 ./Generated_Code/Cpu.o
 .debug_aranges
                0x00000480       0x30 ./Generated_Code/PE_LDD.o
 .debug_aranges
                0x000004b0       0x48 ./Generated_Code/PwmLdd1.o
 .debug_aranges
                0x000004f8       0x48 ./Generated_Code/TU1.o

.debug_ranges   0x00000000      0x4a0
 .debug_ranges  0x00000000       0x30 ./Static_Code/System/CPU_Init.o
 .debug_ranges  0x00000030      0x330 ./Static_Code/System/Vectors.o
 .debug_ranges  0x00000360       0x10 ./Sources/Events.o
 .debug_ranges  0x00000370       0x18 ./Sources/main.o
 .debug_ranges  0x00000388       0x40 ./Project_Settings/Startup_Code/startup.o
 .debug_ranges  0x000003c8       0x30 ./Generated_Code/BitIoLdd1.o
 .debug_ranges  0x000003f8       0x18 ./Generated_Code/Cpu.o
 .debug_ranges  0x00000410       0x20 ./Generated_Code/PE_LDD.o
 .debug_ranges  0x00000430       0x38 ./Generated_Code/PwmLdd1.o
 .debug_ranges  0x00000468       0x38 ./Generated_Code/TU1.o

.debug_macro    0x00000000    0x23249
 .debug_macro   0x00000000      0x1b4 ./Static_Code/System/CPU_Init.o
 .debug_macro   0x000001b4      0x850 ./Static_Code/System/CPU_Init.o
 .debug_macro   0x00000a04       0x16 ./Static_Code/System/CPU_Init.o
 .debug_macro   0x00000a1a       0x44 ./Static_Code/System/CPU_Init.o
 .debug_macro   0x00000a5e      0x209 ./Static_Code/System/CPU_Init.o
 .debug_macro   0x00000c67     0x1783 ./Static_Code/System/CPU_Init.o
 .debug_macro   0x000023ea     0xbca7 ./Static_Code/System/CPU_Init.o
 .debug_macro   0x0000e091      0x4c6 ./Static_Code/System/CPU_Init.o
 .debug_macro   0x0000e557      0x14e ./Static_Code/System/CPU_Init.o
 .debug_macro   0x0000e6a5       0x6a ./Static_Code/System/CPU_Init.o
 .debug_macro   0x0000e70f       0x58 ./Static_Code/System/CPU_Init.o
 .debug_macro   0x0000e767       0x35 ./Static_Code/System/CPU_Init.o
 .debug_macro   0x0000e79c       0xa3 ./Static_Code/System/CPU_Init.o
 .debug_macro   0x0000e83f       0x16 ./Static_Code/System/CPU_Init.o
 .debug_macro   0x0000e855       0x94 ./Static_Code/System/CPU_Init.o
 .debug_macro   0x0000e8e9      0x12c ./Static_Code/System/CPU_Init.o
 .debug_macro   0x0000ea15       0x40 ./Static_Code/System/CPU_Init.o
 .debug_macro   0x0000ea55       0x1f ./Static_Code/System/CPU_Init.o
 .debug_macro   0x0000ea74      0x6a6 ./Static_Code/System/CPU_Init.o
 .debug_macro   0x0000f11a       0x74 ./Static_Code/System/CPU_Init.o
 .debug_macro   0x0000f18e       0x3e ./Static_Code/System/CPU_Init.o
 .debug_macro   0x0000f1cc       0x2c ./Static_Code/System/CPU_Init.o
 .debug_macro   0x0000f1f8      0x297 ./Static_Code/System/CPU_Init.o
 .debug_macro   0x0000f48f      0x1a2 ./Static_Code/System/Vectors.o
 .debug_macro   0x0000f631      0x2c1 ./Sources/Events.o
 .debug_macro   0x0000f8f2      0x61c ./Sources/Events.o
 .debug_macro   0x0000ff0e      0x328 ./Sources/Events.o
 .debug_macro   0x00010236      0x109 ./Sources/Events.o
 .debug_macro   0x0001033f      0x17f ./Sources/Events.o
 .debug_macro   0x000104be      0x202 ./Sources/Events.o
 .debug_macro   0x000106c0      0x91e ./Sources/Events.o
 .debug_macro   0x00010fde       0x9e ./Sources/Events.o
 .debug_macro   0x0001107c      0x1f9 ./Sources/Events.o
 .debug_macro   0x00011275      0x39c ./Sources/Events.o
 .debug_macro   0x00011611      0x29c ./Sources/Events.o
 .debug_macro   0x000118ad      0x264 ./Sources/Events.o
 .debug_macro   0x00011b11      0x25b ./Sources/Events.o
 .debug_macro   0x00011d6c      0x399 ./Sources/Events.o
 .debug_macro   0x00012105      0x4f1 ./Sources/Events.o
 .debug_macro   0x000125f6      0x13f ./Sources/Events.o
 .debug_macro   0x00012735       0x6c ./Sources/Events.o
 .debug_macro   0x000127a1      0x30d ./Sources/Events.o
 .debug_macro   0x00012aae       0xbb ./Sources/Events.o
 .debug_macro   0x00012b69       0xe9 ./Sources/Events.o
 .debug_macro   0x00012c52      0x4ea ./Sources/Events.o
 .debug_macro   0x0001313c      0x18f ./Sources/Events.o
 .debug_macro   0x000132cb       0xea ./Sources/Events.o
 .debug_macro   0x000133b5      0x344 ./Sources/Events.o
 .debug_macro   0x000136f9      0x824 ./Sources/Events.o
 .debug_macro   0x00013f1d      0x179 ./Sources/Events.o
 .debug_macro   0x00014096      0x9e2 ./Sources/Events.o
 .debug_macro   0x00014a78      0x129 ./Sources/Events.o
 .debug_macro   0x00014ba1      0x648 ./Sources/Events.o
 .debug_macro   0x000151e9       0x81 ./Sources/Events.o
 .debug_macro   0x0001526a      0x7bf ./Sources/Events.o
 .debug_macro   0x00015a29      0x66f ./Sources/Events.o
 .debug_macro   0x00016098       0x7b ./Sources/Events.o
 .debug_macro   0x00016113      0x182 ./Sources/Events.o
 .debug_macro   0x00016295      0x2c1 ./Sources/main.o
 .debug_macro   0x00016556      0x121 ./Project_Settings/Startup_Code/startup.o
 .debug_macro   0x00016677      0x166 ./Project_Settings/Startup_Code/startup.o
 .debug_macro   0x000167dd       0x4a ./Project_Settings/Startup_Code/startup.o
 .debug_macro   0x00016827       0x52 ./Project_Settings/Startup_Code/startup.o
 .debug_macro   0x00016879       0x16 ./Project_Settings/Startup_Code/startup.o
 .debug_macro   0x0001688f       0x43 ./Project_Settings/Startup_Code/startup.o
 .debug_macro   0x000168d2      0x180 ./Project_Settings/Startup_Code/startup.o
 .debug_macro   0x00016a52      0x2a6 ./Project_Settings/Startup_Code/startup.o
 .debug_macro   0x00016cf8       0x10 ./Project_Settings/Startup_Code/startup.o
 .debug_macro   0x00016d08       0x35 ./Project_Settings/Startup_Code/startup.o
 .debug_macro   0x00016d3d       0x16 ./Project_Settings/Startup_Code/startup.o
 .debug_macro   0x00016d53       0x22 ./Project_Settings/Startup_Code/startup.o
 .debug_macro   0x00016d75       0x10 ./Project_Settings/Startup_Code/startup.o
 .debug_macro   0x00016d85      0x20f ./Project_Settings/Startup_Code/startup.o
 .debug_macro   0x00016f94     0xbc9b ./Project_Settings/Startup_Code/startup.o
 .debug_macro   0x00022c2f       0xfa ./Generated_Code/BitIoLdd1.o
 .debug_macro   0x00022d29      0x19f ./Generated_Code/Cpu.o
 .debug_macro   0x00022ec8      0x16a ./Generated_Code/PE_LDD.o
 .debug_macro   0x00023032      0x10f ./Generated_Code/PwmLdd1.o
 .debug_macro   0x00023141      0x108 ./Generated_Code/TU1.o

.debug_line     0x00000000     0x30b8
 .debug_line    0x00000000      0x525 ./Static_Code/System/CPU_Init.o
 .debug_line    0x00000525      0xac4 ./Static_Code/System/Vectors.o
 .debug_line    0x00000fe9      0x542 ./Sources/Events.o
 .debug_line    0x0000152b      0x569 ./Sources/main.o
 .debug_line    0x00001a94      0x3b8 ./Project_Settings/Startup_Code/startup.o
 .debug_line    0x00001e4c      0x366 ./Generated_Code/BitIoLdd1.o
 .debug_line    0x000021b2      0x403 ./Generated_Code/Cpu.o
 .debug_line    0x000025b5      0x3b9 ./Generated_Code/PE_LDD.o
 .debug_line    0x0000296e      0x397 ./Generated_Code/PwmLdd1.o
 .debug_line    0x00002d05      0x3b3 ./Generated_Code/TU1.o

.debug_str      0x00000000    0xbbb93
 .debug_str     0x00000000    0x57797 ./Static_Code/System/CPU_Init.o
                              0x57947 (size before relaxing)
 .debug_str     0x00057797      0x980 ./Static_Code/System/Vectors.o
                              0x57d68 (size before relaxing)
 .debug_str     0x00058117    0x612a4 ./Sources/Events.o
                              0xb7885 (size before relaxing)
 .debug_str     0x000b93bb       0x4a ./Sources/main.o
                              0xb78b1 (size before relaxing)
 .debug_str     0x000b9405     0x21a2 ./Project_Settings/Startup_Code/startup.o
                              0x45bba (size before relaxing)
 .debug_str     0x000bb5a7      0x131 ./Generated_Code/BitIoLdd1.o
                              0x4d34f (size before relaxing)
 .debug_str     0x000bb6d8       0x28 ./Generated_Code/Cpu.o
                              0x563c0 (size before relaxing)
 .debug_str     0x000bb700      0x166 ./Generated_Code/PE_LDD.o
                              0x56559 (size before relaxing)
 .debug_str     0x000bb866       0xec ./Generated_Code/PwmLdd1.o
                              0x558e6 (size before relaxing)
 .debug_str     0x000bb952      0x241 ./Generated_Code/TU1.o
                              0x559c9 (size before relaxing)

.comment        0x00000000       0x70
 .comment       0x00000000       0x70 ./Static_Code/System/CPU_Init.o
                                 0x71 (size before relaxing)
 .comment       0x00000000       0x71 ./Static_Code/System/Vectors.o
 .comment       0x00000000       0x71 ./Sources/Events.o
 .comment       0x00000000       0x71 ./Sources/main.o
 .comment       0x00000000       0x71 ./Project_Settings/Startup_Code/startup.o
 .comment       0x00000000       0x71 ./Generated_Code/BitIoLdd1.o
 .comment       0x00000000       0x71 ./Generated_Code/Cpu.o
 .comment       0x00000000       0x71 ./Generated_Code/PE_LDD.o
 .comment       0x00000000       0x71 ./Generated_Code/PwmLdd1.o
 .comment       0x00000000       0x71 ./Generated_Code/TU1.o

.debug_frame    0x00000000     0x11e8
 .debug_frame   0x00000000       0x9c ./Static_Code/System/CPU_Init.o
 .debug_frame   0x0000009c      0xcb0 ./Static_Code/System/Vectors.o
 .debug_frame   0x00000d4c       0x28 ./Sources/Events.o
 .debug_frame   0x00000d74       0x48 ./Sources/main.o
 .debug_frame   0x00000dbc       0xc0 ./Project_Settings/Startup_Code/startup.o
 .debug_frame   0x00000e7c       0x9c ./Generated_Code/BitIoLdd1.o
 .debug_frame   0x00000f18       0x50 ./Generated_Code/Cpu.o
 .debug_frame   0x00000f68       0x64 ./Generated_Code/PE_LDD.o
 .debug_frame   0x00000fcc       0xd0 ./Generated_Code/PwmLdd1.o
 .debug_frame   0x0000109c       0xb8 ./Generated_Code/TU1.o
 .debug_frame   0x00001154       0x28 c:/freescale/kds_v3/toolchain/bin/../lib/gcc/arm-none-eabi/4.8.4/../../../../arm-none-eabi/lib/armv7e-m/fpu\libg_s.a(lib_a-exit.o)
 .debug_frame   0x0000117c       0x2c c:/freescale/kds_v3/toolchain/bin/../lib/gcc/arm-none-eabi/4.8.4/../../../../arm-none-eabi/lib/armv7e-m/fpu\libg_s.a(lib_a-init.o)
 .debug_frame   0x000011a8       0x20 c:/freescale/kds_v3/toolchain/bin/../lib/gcc/arm-none-eabi/4.8.4/../../../../arm-none-eabi/lib/armv7e-m/fpu\libg_s.a(lib_a-memset.o)
 .debug_frame   0x000011c8       0x20 c:/freescale/kds_v3/toolchain/bin/../lib/gcc/arm-none-eabi/4.8.4/../../../../arm-none-eabi/lib/armv7e-m/fpu\libnosys.a(_exit.o)
